******************************************************************************
                  TI ARM Linker PC v16.9.4                     
******************************************************************************
>> Linked Sun Dec 10 03:16:42 2017

OUTPUT FILE NAME:   <lwip_sockets.out>
ENTRY POINT SYMBOL: "_c_int00"  address: 00006095


MEMORY CONFIGURATION

         name            origin    length      used     unused   attr    fill
----------------------  --------  ---------  --------  --------  ----  --------
  FLASH                 00000000   00100000  00007c9a  000f8366  R  X
  SRAM                  20000000   00040000  00018373  00027c8d  RW X


SEGMENT ALLOCATION MAP

run origin  load origin   length   init length attrs members
----------  ----------- ---------- ----------- ----- -------
00000000    00000000    00007ca0   00007ca0    r-x
  00000000    00000000    00000200   00000200    r-- .intvecs
  00000200    00000200    0000764e   0000764e    r-x .text
  00007850    00007850    000003ec   000003ec    r-- .const
  00007c40    00007c40    00000060   00000060    r-- .cinit
20000000    20000000    00018374   00000000    rw-
  20000000    20000000    00017aeb   00000000    rw- .bss
  20017aec    20017aec    00000800   00000000    rw- .stack
  200182ec    200182ec    00000088   00000000    rw- .data


SECTION ALLOCATION MAP

 output                                  attributes/
section   page    origin      length       input sections
--------  ----  ----------  ----------   ----------------
.intvecs   0    00000000    00000200     
                  00000000    00000200     startup_ccs.obj (.intvecs)

.text      0    00000200    0000764e     
                  00000200    000007c0     lwiplib.obj (.text:tcp_receive)
                  000009c0    000003b0     lwiplib.obj (.text:tcp_input)
                  00000d70    000003b0     lwiplib.obj (.text:tcp_process)
                  00001120    000002ec     lwiplib.obj (.text:tcp_write)
                  0000140c    000002c8     lwiplib.obj (.text:tcp_slowtmr)
                  000016d4    0000024d     ustdlib.obj (.text:uvsnprintf)
                  00001921    00000001     --HOLE-- [fill = 0]
                  00001922    00000002     startup_ccs.obj (.text:FaultISR)
                  00001924    00000228     lwiplib.obj (.text:dhcp_parse_reply)
                  00001b4c    00000218     pinout.obj (.text:PinoutSet)
                  00001d64    00000200     driverlib.lib : sysctl.obj (.text:SysCtlClockFreqSet)
                  00001f64    000001ea     uartstdio.obj (.text:UARTvprintf)
                  0000214e    00000002     startup_ccs.obj (.text:IntDefaultHandler)
                  00002150    000001dc     lwiplib.obj (.text:ip_input)
                  0000232c    000001c4     lwiplib.obj (.text:udp_input)
                  000024f0    00000190     lwiplib.obj (.text:tcp_output)
                  00002680    00000184     lwiplib.obj (.text:icmp_input)
                  00002804    00000184     enet_lwip.obj (.text:main)
                  00002988    00000150     lwiplib.obj (.text:etharp_arp_input)
                  00002ad8    00000148     lwiplib.obj (.text:tcp_close_shutdown)
                  00002c20    00000140     lwiplib.obj (.text:tivaif_receive)
                  00002d60    0000013c     enet_lwip.obj (.text:echo_recv)
                  00002e9c    0000013a     lwiplib.obj (.text:pbuf_alloc)
                  00002fd6    00000132     driverlib.lib : gpio.obj (.text:GPIOPadConfigSet)
                  00003108    00000124     lwiplib.obj (.text:dhcp_create_msg)
                  0000322c    0000011c     lwiplib.obj (.text:etharp_output)
                  00003348    00000114     lwiplib.obj (.text:etharp_query)
                  0000345c    00000114     lwiplib.obj (.text:tcp_listen_input)
                  00003570    00000100     lwiplib.obj (.text:tivaif_transmit)
                  00003670    000000f8     lwiplib.obj (.text:mem_malloc)
                  00003768    000000e8     lwiplib.obj (.text:lwIPInit)
                  00003850    000000e8     lwiplib.obj (.text:mem_trim)
                  00003938    000000e0     lwiplib.obj (.text:etharp_find_entry)
                  00003a18    000000dc     lwiplib.obj (.text:etharp_raw)
                  00003af4    000000d4     lwiplib.obj (.text:autoip_tmr)
                  00003bc8    000000d0     lwiplib.obj (.text:tcp_alloc)
                  00003c98    000000cc     lwiplib.obj (.text:dhcp_recv)
                  00003d64    000000cc     lwiplib.obj (.text:dhcp_select)
                  00003e30    000000c8     lwiplib.obj (.text:dhcp_bind)
                  00003ef8    000000c8     lwiplib.obj (.text:udp_sendto_if)
                  00003fc0    000000c4     lwiplib.obj (.text:InitDMADescriptors)
                  00004084    000000c0     lwiplib.obj (.text:tcp_output_segment)
                  00004144    000000bc     lwiplib.obj (.text:dhcp_discover)
                  00004200    000000bc     lwiplib.obj (.text:tivaif_hwinit)
                  000042bc    000000b8     lwiplib.obj (.text:tcp_create_segment)
                  00004374    000000b0     lwiplib.obj (.text:lwIPServiceTimers)
                  00004424    000000ac     lwiplib.obj (.text:ethernet_input)
                  000044d0    000000a8     lwiplib.obj (.text:dhcp_start)
                  00004578    000000a8     enet_lwip.obj (.text:lwIPHostTimerHandler)
                  00004620    000000a8     lwiplib.obj (.text:tcp_enqueue_flags)
                  000046c8    000000a4     lwiplib.obj (.text:dhcp_release)
                  0000476c    000000a4     lwiplib.obj (.text:ip_output_if)
                  00004810    0000009c     rtsv7M4_T_le_v4SPD16_eabi.lib : memcpy_t2.obj (.text)
                  000048ac    0000009c     lwiplib.obj (.text:tcp_listen_with_backlog)
                  00004948    00000098     lwiplib.obj (.text:dhcp_reboot)
                  000049e0    00000092     lwiplib.obj (.text:pbuf_copy)
                  00004a72    00000002     startup_ccs.obj (.text:NmiSR)
                  00004a74    00000090     lwiplib.obj (.text:tcp_abandon)
                  00004b04    0000008c     lwiplib.obj (.text:tcp_zero_window_probe)
                  00004b90    00000088     locator.obj (.text:LocatorReceive)
                  00004c18    00000084     lwiplib.obj (.text:lwIPLinkDetect)
                  00004c9c    00000084     lwiplib.obj (.text:tcp_timewait_input)
                  00004d20    00000082     lwiplib.obj (.text:autoip_arp_reply)
                  00004da2    00000002     rtsv7M4_T_le_v4SPD16_eabi.lib : i_div0.obj (.text)
                  00004da4    00000080     lwiplib.obj (.text:dhcp_rebind)
                  00004e24    00000080     lwiplib.obj (.text:dhcp_renew)
                  00004ea4    00000080     lwiplib.obj (.text:lwIPEthernetIntHandler)
                  00004f24    00000080     lwiplib.obj (.text:lwIPPrivateInit)
                  00004fa4    00000080     lwiplib.obj (.text:tcp_parseopt)
                  00005024    0000007c     lwiplib.obj (.text:dhcp_handle_ack)
                  000050a0    0000007c     lwiplib.obj (.text:dhcp_timeout)
                  0000511c    0000007c     enet_lwip.obj (.text:echo_send)
                  00005198    0000007c     lwiplib.obj (.text:tcp_bind)
                  00005214    0000007c     lwiplib.obj (.text:tcp_rst)
                  00005290    0000007c     lwiplib.obj (.text:tivaif_process_phy_interrupt)
                  0000530c    0000007a     rtsv7M4_T_le_v4SPD16_eabi.lib : memset_t2.obj (.text)
                  00005386    00000002                                   : mpu_init.obj (.text)
                  00005388    00000078     driverlib.lib : emac.obj (.text:EMACInit)
                  00005400    00000078     lwiplib.obj (.text:tcp_oos_insert_segment)
                  00005478    00000074     lwiplib.obj (.text:etharp_update_arp_entry)
                  000054ec    00000074     lwiplib.obj (.text:raw_input)
                  00005560    00000070     enet_lwip.obj (.text:echo_init)
                  000055d0    00000070     rtsv7M4_T_le_v4SPD16_eabi.lib : autoinit.obj (.text)
                  00005640    00000070     lwiplib.obj (.text:tcp_fasttmr)
                  000056b0    0000006c     lwiplib.obj (.text:icmp_send_response)
                  0000571c    0000006c     lwiplib.obj (.text:memp_init)
                  00005788    00000068     driverlib.lib : interrupt.obj (.text:IntEnable)
                  000057f0    00000068     rtsv7M4_T_le_v4SPD16_eabi.lib : copy_decompress_lzss.obj (.text:decompress:lzss)
                  00005858    00000068     lwiplib.obj (.text:dhcp_decline)
                  000058c0    00000068     lwiplib.obj (.text:lwip_standard_chksum)
                  00005928    00000068     lwiplib.obj (.text:netif_set_ipaddr)
                  00005990    00000068     lwiplib.obj (.text:pbuf_copy_partial)
                  000059f8    00000068     lwiplib.obj (.text:sys_timeout)
                  00005a60    00000068     lwiplib.obj (.text:tcp_output_alloc_header)
                  00005ac8    00000068     lwiplib.obj (.text:tcp_process_refused_data)
                  00005b30    00000068     lwiplib.obj (.text:udp_bind)
                  00005b98    00000064     lwiplib.obj (.text:mem_free)
                  00005bfc    00000064     lwiplib.obj (.text:plug_holes)
                  00005c60    00000062     lwiplib.obj (.text:pbuf_header)
                  00005cc2    00000002     rtsv7M4_T_le_v4SPD16_eabi.lib : startup.obj (.text)
                  00005cc4    00000060     uartstdio.obj (.text:UARTStdioConfig)
                  00005d24    0000005c     lwiplib.obj (.text:mem_init)
                  00005d80    0000005c     lwiplib.obj (.text:tcp_pcb_remove)
                  00005ddc    0000005a     lwiplib.obj (.text:pbuf_realloc)
                  00005e36    00000002     --HOLE-- [fill = 0]
                  00005e38    00000058     driverlib.lib : emac.obj (.text:EMACPHYConfigSet)
                  00005e90    00000058     lwiplib.obj (.text:autoip_start)
                  00005ee8    00000058     lwiplib.obj (.text:memp_malloc)
                  00005f40    00000056     lwiplib.obj (.text:tcp_rexmit)
                  00005f96    00000002     --HOLE-- [fill = 0]
                  00005f98    00000054     locator.obj (.text:LocatorInit)
                  00005fec    00000054     lwiplib.obj (.text:autoip_create_addr)
                  00006040    00000054     lwiplib.obj (.text:netif_add)
                  00006094    00000054     rtsv7M4_T_le_v4SPD16_eabi.lib : boot.obj (.text)
                  000060e8    00000054                                   : exit.obj (.text)
                  0000613c    00000054     lwiplib.obj (.text:tcp_new_port)
                  00006190    00000052     lwiplib.obj (.text:tcp_pbuf_prealloc)
                  000061e2    00000052     lwiplib.obj (.text:tivaif_process_transmit)
                  00006234    00000050     driverlib.lib : sysctl.obj (.text:SysCtlPeripheralReset)
                  00006284    00000050     lwiplib.obj (.text:ip_route)
                  000062d4    00000050     lwiplib.obj (.text:sys_timeouts_init)
                  00006324    00000050     lwiplib.obj (.text:tcp_write_checks)
                  00006374    0000004e     lwiplib.obj (.text:autoip_start_probing)
                  000063c2    0000004e     lwiplib.obj (.text:inet_chksum_pbuf)
                  00006410    0000004e     lwiplib.obj (.text:pbuf_free)
                  0000645e    00000002     --HOLE-- [fill = 0]
                  00006460    0000004c     enet_lwip.obj (.text:echo_accept)
                  000064ac    0000004c     lwiplib.obj (.text:etharp_output_to_arp_index)
                  000064f8    0000004c     rtsv7M4_T_le_v4SPD16_eabi.lib : cpy_tbl.obj (.text)
                  00006544    0000004c     lwiplib.obj (.text:tivaif_interrupt)
                  00006590    0000004c     lwiplib.obj (.text:udp_connect)
                  000065dc    0000004c     lwiplib.obj (.text:udp_new_port)
                  00006628    00000048     uartstdio.obj (.text:UARTwrite)
                  00006670    00000048     driverlib.lib : sysctl.obj (.text:_SysCtlFrequencyGet)
                  000066b8    00000048     lwiplib.obj (.text:ip_output)
                  00006700    00000048     lwiplib.obj (.text:tcp_kill_prio)
                  00006748    00000048     lwiplib.obj (.text:tcp_rexmit_fast)
                  00006790    00000048     lwiplib.obj (.text:tivaif_check_pbuf)
                  000067d8    00000046     lwiplib.obj (.text:tcp_send_empty_ack)
                  0000681e    00000046     lwiplib.obj (.text:tcp_send_fin)
                  00006864    00000044     lwiplib.obj (.text:tcp_keepalive)
                  000068a8    00000042     lwiplib.obj (.text:dhcp_network_changed)
                  000068ea    00000042     lwiplib.obj (.text:dhcp_option_long)
                  0000692c    00000042     lwiplib.obj (.text:tcp_pcb_purge)
                  0000696e    00000002     --HOLE-- [fill = 0]
                  00006970    00000040     lwiplib.obj (.text:etharp_tmr)
                  000069b0    00000040     rtsv7M4_T_le_v4SPD16_eabi.lib : u_divt2.obj (.text)
                  000069f0    0000003e     lwiplib.obj (.text:netif_set_link_up)
                  00006a2e    00000002     --HOLE-- [fill = 0]
                  00006a30    0000003c     lwiplib.obj (.text:dhcp_coarse_tmr)
                  00006a6c    0000003a     driverlib.lib : emac.obj (.text:EMACIntEnable)
                  00006aa6    00000002     --HOLE-- [fill = 0]
                  00006aa8    00000038     enet_lwip.obj (.text:DisplayIPAddress)
                  00006ae0    00000038     driverlib.lib : emac.obj (.text:EMACConfigSet)
                  00006b18    00000038     locator.obj (.text:LocatorAppTitleSet)
                  00006b50    00000038     driverlib.lib : sysctl.obj (.text:SysCtlPeripheralReady)
                  00006b88    00000038     lwiplib.obj (.text:dhcp_fine_tmr)
                  00006bc0    00000038     lwiplib.obj (.text:dhcp_handle_nak)
                  00006bf8    00000038     lwiplib.obj (.text:dhcp_stop)
                  00006c30    00000038     lwiplib.obj (.text:memp_free)
                  00006c68    00000038     lwiplib.obj (.text:tcpip_tcp_timer)
                  00006ca0    00000038     lwiplib.obj (.text:udp_sendto)
                  00006cd8    00000034     driverlib.lib : emac.obj (.text:EMACConfigGet)
                  00006d0c    00000034                   : emac.obj (.text:EMACIntClear)
                  00006d40    00000034     lwiplib.obj (.text:autoip_arp_probe)
                  00006d74    00000034     lwiplib.obj (.text:tcp_kill_timewait)
                  00006da8    00000034     lwiplib.obj (.text:tcp_timer_needed)
                  00006ddc    00000034     lwiplib.obj (.text:tivaif_init)
                  00006e10    00000032     lwiplib.obj (.text:ip4_addr_isbroadcast)
                  00006e42    00000032     lwiplib.obj (.text:tcp_recved)
                  00006e74    00000030     lwiplib.obj (.text:dhcp_option_trailer)
                  00006ea4    00000030     lwiplib.obj (.text:tcp_update_rcv_ann_wnd)
                  00006ed4    00000030     lwiplib.obj (.text:udp_remove)
                  00006f04    0000002e     lwiplib.obj (.text:tcp_rexmit_rto)
                  00006f32    0000002c     driverlib.lib : emac.obj (.text:EMACIntStatus)
                  00006f5e    00000002     --HOLE-- [fill = 0]
                  00006f60    0000002c     lwiplib.obj (.text:autoip_arp_announce)
                  00006f8c    0000002c     lwiplib.obj (.text:dhcp_handle_offer)
                  00006fb8    0000002c     enet_lwip.obj (.text:echo_close)
                  00006fe4    0000002c     lwiplib.obj (.text:etharp_request)
                  00007010    0000002a     driverlib.lib : gpio.obj (.text:GPIODirModeSet)
                  0000703a    0000002a     lwiplib.obj (.text:autoip_bind)
                  00007064    0000002a     lwiplib.obj (.text:pbuf_cat)
                  0000708e    0000002a     ustdlib.obj (.text:ustrncpy)
                  000070b8    00000028     lwiplib.obj (.text:etharp_cleanup_netif)
                  000070e0    00000026     driverlib.lib : emac.obj (.text:EMACPHYRead)
                  00007106    00000026                   : emac.obj (.text:EMACPHYWrite)
                  0000712c    00000026     lwiplib.obj (.text:dhcp_check)
                  00007152    00000026     lwiplib.obj (.text:tcp_recv_null)
                  00007178    00000024     driverlib.lib : interrupt.obj (.text:IntPrioritySet)
                  0000719c    00000024     lwiplib.obj (.text:etharp_free_entry)
                  000071c0    00000024     lwiplib.obj (.text:netif_set_up)
                  000071e4    00000024     rtsv7M4_T_le_v4SPD16_eabi.lib : memcmp.obj (.text)
                  00007208    00000024     lwiplib.obj (.text:tcp_seg_copy)
                  0000722c    00000022     lwiplib.obj (.text:dhcp_option_short)
                  0000724e    00000002     --HOLE-- [fill = 0]
                  00007250    00000020     locator.obj (.text:LocatorMACAddrSet)
                  00007270    00000020     driverlib.lib : sysctl.obj (.text:_SysCtlMemTimingGet)
                  00007290    00000020     lwiplib.obj (.text:autoip_handle_arp_conflict)
                  000072b0    00000020     lwiplib.obj (.text:dhcp_option)
                  000072d0    00000020     lwiplib.obj (.text:etharp_send_ip)
                  000072f0    00000020     lwiplib.obj (.text:lwIPTimer)
                  00007310    00000020     lwiplib.obj (.text:tcp_eff_send_mss)
                  00007330    00000020     lwiplib.obj (.text:tcp_tmr)
                  00007350    00000020     ustdlib.obj (.text:usprintf)
                  00007370    0000001e     driverlib.lib : emac.obj (.text:EMACAddrGet)
                  0000738e    0000001e     lwiplib.obj (.text:netif_set_down)
                  000073ac    0000001c     lwiplib.obj (.text:lwIPLocalIPAddrGet)
                  000073c8    0000001c     lwiplib.obj (.text:netif_set_addr)
                  000073e4    0000001c     lwiplib.obj (.text:udp_new)
                  00007400    0000001a     uartstdio.obj (.text:UARTprintf)
                  0000741a    0000001a     lwiplib.obj (.text:autoip_network_changed)
                  00007434    0000001a     lwiplib.obj (.text:dhcp_arp_reply)
                  0000744e    0000001a     lwiplib.obj (.text:lwip_htonl)
                  00007468    00000018     driverlib.lib : gpio.obj (.text:GPIOPinTypeGPIOOutput)
                  00007480    00000018     lwiplib.obj (.text:arp_timer)
                  00007498    00000018     lwiplib.obj (.text:autoip_timer)
                  000074b0    00000018     lwiplib.obj (.text:dhcp_timer_coarse)
                  000074c8    00000018     lwiplib.obj (.text:dhcp_timer_fine)
                  000074e0    00000018     lwiplib.obj (.text:pbuf_pool_is_empty)
                  000074f8    00000018     rtsv7M4_T_le_v4SPD16_eabi.lib : args_main.obj (.text)
                  00007510    00000018     lwiplib.obj (.text:tcp_next_iss)
                  00007528    00000018     lwiplib.obj (.text:tcp_seg_free)
                  00007540    00000016     driverlib.lib : emac.obj (.text:EMACReset)
                  00007556    00000016                   : emac.obj (.text:EMACRxEnable)
                  0000756c    00000016                   : emac.obj (.text:EMACTxEnable)
                  00007582    00000016     lwiplib.obj (.text:dhcp_delete_msg)
                  00007598    00000016     lwiplib.obj (.text:dhcp_t1_timeout)
                  000075ae    00000016     lwiplib.obj (.text:dhcp_t2_timeout)
                  000075c4    00000016     lwiplib.obj (.text:pbuf_ref)
                  000075da    00000002     --HOLE-- [fill = 0]
                  000075dc    00000014     driverlib.lib : flash.obj (.text:FlashUserGet)
                  000075f0    00000014                   : systick.obj (.text:SysTickEnable)
                  00007604    00000014                   : systick.obj (.text:SysTickIntEnable)
                  00007618    00000014     enet_lwip.obj (.text:SysTickIntHandler)
                  0000762c    00000014     rtsv7M4_T_le_v4SPD16_eabi.lib : _lock.obj (.text)
                  00007640    00000014     lwiplib.obj (.text:sys_arch_unprotect)
                  00007654    00000014     lwiplib.obj (.text:tcp_close)
                  00007668    00000012     driverlib.lib : gpio.obj (.text:GPIOPinTypeEthernetLED)
                  0000767a    00000012     lwiplib.obj (.text:dhcp_option_byte)
                  0000768c    00000012     lwiplib.obj (.text:netif_set_link_down)
                  0000769e    00000012     lwiplib.obj (.text:pbuf_clen)
                  000076b0    00000012     lwiplib.obj (.text:tcp_segs_free)
                  000076c2    00000002     --HOLE-- [fill = 0]
                  000076c4    00000010     driverlib.lib : emac.obj (.text:EMACFrameFilterSet)
                  000076d4    00000010                   : interrupt.obj (.text:IntMasterEnable)
                  000076e4    00000010                   : systick.obj (.text:SysTickPeriodSet)
                  000076f4    00000010     lwiplib.obj (.text:autoip_stop)
                  00007704    00000010     lwiplib.obj (.text:dhcp_set_state)
                  00007714    00000010     lwiplib.obj (.text:inet_chksum)
                  00007724    00000010     lwiplib.obj (.text:lwip_init)
                  00007734    00000010     lwiplib.obj (.text:pbuf_chain)
                  00007744    00000010     lwiplib.obj (.text:sys_arch_protect)
                  00007754    0000000e     rtsv7M4_T_le_v4SPD16_eabi.lib : copy_decompress_none.obj (.text:decompress:none)
                  00007762    0000000c     driverlib.lib : cpu.obj (.text:CPUcpsie)
                  0000776e    00000002     --HOLE-- [fill = 0]
                  00007770    0000000c                   : sysctl.obj (.text:SysCtlMOSCConfigSet)
                  0000777c    0000000c     lwiplib.obj (.text:autoip_restart)
                  00007788    0000000c     rtsv7M4_T_le_v4SPD16_eabi.lib : copy_zero_init.obj (.text:decompress:ZI)
                  00007794    0000000c     lwiplib.obj (.text:lwip_htons)
                  000077a0    0000000c     lwiplib.obj (.text:netif_set_default)
                  000077ac    0000000c     lwiplib.obj (.text:netif_set_gw)
                  000077b8    0000000c     lwiplib.obj (.text:netif_set_netmask)
                  000077c4    0000000c     lwiplib.obj (.text:sys_now)
                  000077d0    00000008     driverlib.lib : emac.obj (.text:EMACPowerManagementStatusGet)
                  000077d8    00000008                   : emac.obj (.text:EMACTxDMAPollDemand)
                  000077e0    00000008     enet_lwip.obj (.text:echo_error)
                  000077e8    00000008     lwiplib.obj (.text:icmp_dest_unreach)
                  000077f0    00000006     driverlib.lib : emac.obj (.text:EMACRxDMADescriptorListSet)
                  000077f6    00000006                   : emac.obj (.text:EMACTimestampIntStatus)
                  000077fc    00000006                   : emac.obj (.text:EMACTxDMADescriptorListSet)
                  00007802    00000006                   : gpio.obj (.text:GPIOPinRead)
                  00007808    00000006                   : gpio.obj (.text:GPIOPinWrite)
                  0000780e    00000006     startup_ccs.obj (.text:ResetISR)
                  00007814    00000006     driverlib.lib : sysctl.obj (.text:SysCtlDelay)
                  0000781a    00000006     lwiplib.obj (.text:tcp_abort)
                  00007820    00000006     lwiplib.obj (.text:tcp_accept_null)
                  00007826    00000006     lwiplib.obj (.text:tcp_err)
                  0000782c    00000006     lwiplib.obj (.text:tcp_new)
                  00007832    00000006     lwiplib.obj (.text:tcp_recv)
                  00007838    00000006     lwiplib.obj (.text:udp_recv)
                  0000783e    00000004     rtsv7M4_T_le_v4SPD16_eabi.lib : pre_init.obj (.text)
                  00007842    00000004     lwiplib.obj (.text:tcp_accept)
                  00007846    00000004     lwiplib.obj (.text:tcp_arg)
                  0000784a    00000004     lwiplib.obj (.text:tcp_setprio)

.const     0    00007850    000003ec     
                  00007850    000001b0     driverlib.lib : sysctl.obj (.const:g_pppui32XTALtoVCO)
                  00007a00    0000009c                   : interrupt.obj (.const:g_pui32Regs)
                  00007a9c    00000070                   : interrupt.obj (.const)
                  00007b0c    0000006c                   : sysctl.obj (.const:g_pui32Xtals)
                  00007b78    00000030                   : sysctl.obj (.const:g_sXTALtoMEMTIM)
                  00007ba8    00000018                   : emac.obj (.const)
                  00007bc0    00000010     lwiplib.obj (.const:memp_num)
                  00007bd0    00000010     lwiplib.obj (.const:memp_sizes)
                  00007be0    00000010     lwiplib.obj (.const:tcp_pcb_lists)
                  00007bf0    0000000d     lwiplib.obj (.const:.string:tcp_backoff)
                  00007bfd    00000003     --HOLE-- [fill = 0]
                  00007c00    0000000c     uartstdio.obj (.const:g_ui32UARTBase)
                  00007c0c    0000000c     uartstdio.obj (.const:g_ui32UARTPeriph)
                  00007c18    00000008     driverlib.lib : sysctl.obj (.const)
                  00007c20    00000007     lwiplib.obj (.const:.string:tcp_persist_backoff)
                  00007c27    00000006     lwiplib.obj (.const:ethbroadcast)
                  00007c2d    00000006     lwiplib.obj (.const:ethzero)
                  00007c33    00000001     --HOLE-- [fill = 0]
                  00007c34    00000004     lwiplib.obj (.const:ip_addr_any)
                  00007c38    00000004     lwiplib.obj (.const:ip_addr_broadcast)

.cinit     0    00007c40    00000060     
                  00007c40    0000003a     (.cinit..data.load) [load image, compression = lzss]
                  00007c7a    00000002     --HOLE-- [fill = 0]
                  00007c7c    0000000c     (__TI_handler_table)
                  00007c88    00000008     (.cinit..bss.load) [load image, compression = zero_init]
                  00007c90    00000010     (__TI_cinit_table)

.init_array 
*          0    00000000    00000000     UNINITIALIZED

.bss       0    20000000    00017aeb     UNINITIALIZED
                  20000000    0001001c     (.common:ram_heap)
                  2001001c    000072d4     lwiplib.obj (.bss:memp_memory)
                  200172f0    00000360     (.common:g_pTxDescriptors)
                  20017650    00000120     (.common:g_pRxDescriptors)
                  20017770    00000120     (.common:lwip_stats)
                  20017890    000000c8     lwiplib.obj (.bss:arp_table)
                  20017958    00000054     locator.obj (.bss:g_pui8LocatorData)
                  200179ac    00000050     lwiplib.obj (.bss)
                  200179fc    00000038     lwiplib.obj (.bss:g_sNetIF)
                  20017a34    00000028     (.common:dhcp_rx_options_val)
                  20017a5c    00000020     lwiplib.obj (.bss:memp_tab)
                  20017a7c    00000010     lwiplib.obj (.bss:inseg)
                  20017a8c    0000000c     (.common:dhcp_rx_options_given)
                  20017a98    00000004     enet_lwip.obj (.bss)
                  20017a9c    00000004     (.common:current_header)
                  20017aa0    00000004     (.common:current_iphdr_dest)
                  20017aa4    00000004     (.common:current_iphdr_src)
                  20017aa8    00000004     (.common:current_netif)
                  20017aac    00000004     (.common:g_pfnTimerHandler)
                  20017ab0    00000004     (.common:g_ui32AbnormalInts)
                  20017ab4    00000004     (.common:g_ui32IPAddress)
                  20017ab8    00000004     (.common:g_ui32NormalInts)
                  20017abc    00000004     (.common:g_ui32SysClock)
                  20017ac0    00000004     (.common:netif_default)
                  20017ac4    00000004     (.common:netif_list)
                  20017ac8    00000004     (.common:tcp_active_pcbs)
                  20017acc    00000004     (.common:tcp_bound_pcbs)
                  20017ad0    00000004     (.common:tcp_input_pcb)
                  20017ad4    00000004     (.common:tcp_listen_pcbs)
                  20017ad8    00000004     (.common:tcp_ticks)
                  20017adc    00000004     (.common:tcp_tmp_pcb)
                  20017ae0    00000004     (.common:tcp_tw_pcbs)
                  20017ae4    00000004     (.common:udp_pcbs)
                  20017ae8    00000001     (.common:g_bLED)
                  20017ae9    00000001     (.common:pbuf_free_ooseq_pending)
                  20017aea    00000001     (.common:tcp_active_pcbs_changed)

.stack     0    20017aec    00000800     UNINITIALIZED
                  20017aec    00000800     --HOLE--

.data      0    200182ec    00000088     UNINITIALIZED
                  200182ec    00000038     lwiplib.obj (.data)
                  20018324    00000010     lwiplib.obj (.data:g_RxDescList)
                  20018334    00000010     lwiplib.obj (.data:g_TxDescList)
                  20018344    0000000c     rtsv7M4_T_le_v4SPD16_eabi.lib : exit.obj (.data:$O1$$)
                  20018350    0000000c     lwiplib.obj (.data:g_StellarisIFData)
                  2001835c    00000008     rtsv7M4_T_le_v4SPD16_eabi.lib : _lock.obj (.data:$O1$$)
                  20018364    00000005     uartstdio.obj (.data)
                  20018369    00000003     --HOLE--
                  2001836c    00000004     enet_lwip.obj (.data)
                  20018370    00000004     rtsv7M4_T_le_v4SPD16_eabi.lib : stkdepth_vars.obj (.data)

MODULE SUMMARY

       Module                     code    ro data   rw data
       ------                     ----    -------   -------
    .\
       enet_lwip.obj              1312    0         17     
       startup_ccs.obj            12      512       0      
    +--+--------------------------+-------+---------+---------+
       Total:                     1324    512       17     
                                                           
    .\drivers\
       pinout.obj                 536     0         0      
    +--+--------------------------+-------+---------+---------+
       Total:                     536     0         0      
                                                           
    .\utils\
       lwiplib.obj                23722   88        97006  
       uartstdio.obj              684     24        5      
       ustdlib.obj                663     0         0      
       locator.obj                308     0         84     
    +--+--------------------------+-------+---------+---------+
       Total:                     25377   112       97095  
                                                           
    C:/ti/TivaWare_C_Series-2.1.4.178/driverlib/ccs/Debug/driverlib.lib
       sysctl.obj                 770     596       0      
       emac.obj                   692     24        0      
       interrupt.obj              156     268       0      
       gpio.obj                   402     0         0      
       systick.obj                56      0         0      
       flash.obj                  20      0         0      
       cpu.obj                    12      0         0      
    +--+--------------------------+-------+---------+---------+
       Total:                     2108    888       0      
                                                           
    C:\ti\ccsv7\tools\compiler\ti-cgt-arm_16.9.4.LTS\lib\rtsv7M4_T_le_v4SPD16_eabi.lib
       memcpy_t2.obj              156     0         0      
       memset_t2.obj              122     0         0      
       autoinit.obj               112     0         0      
       copy_decompress_lzss.obj   104     0         0      
       exit.obj                   84      0         12     
       boot.obj                   84      0         0      
       cpy_tbl.obj                76      0         0      
       u_divt2.obj                64      0         0      
       memcmp.obj                 36      0         0      
       _lock.obj                  20      0         8      
       args_main.obj              24      0         0      
       copy_decompress_none.obj   14      0         0      
       copy_zero_init.obj         12      0         0      
       pre_init.obj               4       0         0      
       stkdepth_vars.obj          0       0         4      
       i_div0.obj                 2       0         0      
       mpu_init.obj               2       0         0      
       startup.obj                2       0         0      
    +--+--------------------------+-------+---------+---------+
       Total:                     918     0         24     
                                                           
       Stack:                     0       0         2048   
       Linker Generated:          0       94        0      
    +--+--------------------------+-------+---------+---------+
       Grand Total:               30263   1606      99184  


LINKER GENERATED COPY TABLES

__TI_cinit_table @ 00007c90 records: 2, size/record: 8, table size: 16
	.data: load addr=00007c40, load size=0000003a bytes, run addr=200182ec, run size=00000088 bytes, compression=lzss
	.bss: load addr=00007c88, load size=00000008 bytes, run addr=20000000, run size=00017aeb bytes, compression=zero_init


LINKER GENERATED HANDLER TABLE

__TI_handler_table @ 00007c7c records: 3, size/record: 4, table size: 12
	index: 0, handler: __TI_decompress_lzss
	index: 1, handler: __TI_decompress_none
	index: 2, handler: __TI_zero_init


GLOBAL SYMBOLS: SORTED ALPHABETICALLY BY Name 

address   name                           
-------   ----                           
000060e9  C$$EXIT                        
00007763  CPUcpsie                       
00006aa9  DisplayIPAddress               
00007371  EMACAddrGet                    
00006cd9  EMACConfigGet                  
00006ae1  EMACConfigSet                  
000076c5  EMACFrameFilterSet             
00005389  EMACInit                       
00006d0d  EMACIntClear                   
00006a6d  EMACIntEnable                  
00006f33  EMACIntStatus                  
00005e39  EMACPHYConfigSet               
000070e1  EMACPHYRead                    
00007107  EMACPHYWrite                   
000077d1  EMACPowerManagementStatusGet   
00007541  EMACReset                      
000077f1  EMACRxDMADescriptorListSet     
00007557  EMACRxEnable                   
000077f7  EMACTimestampIntStatus         
000077fd  EMACTxDMADescriptorListSet     
000077d9  EMACTxDMAPollDemand            
0000756d  EMACTxEnable                   
000075dd  FlashUserGet                   
00007011  GPIODirModeSet                 
00002fd7  GPIOPadConfigSet               
00007803  GPIOPinRead                    
00007669  GPIOPinTypeEthernetLED         
00007469  GPIOPinTypeGPIOOutput          
00007809  GPIOPinWrite                   
00003fc1  InitDMADescriptors             
00005789  IntEnable                      
000076d5  IntMasterEnable                
00007179  IntPrioritySet                 
00006b19  LocatorAppTitleSet             
00005f99  LocatorInit                    
00007251  LocatorMACAddrSet              
00001b4d  PinoutSet                      
0000780f  ResetISR                       
UNDEFED   SHT$$INIT_ARRAY$$Base          
UNDEFED   SHT$$INIT_ARRAY$$Limit         
00001d65  SysCtlClockFreqSet             
00007815  SysCtlDelay                    
00007771  SysCtlMOSCConfigSet            
00006b51  SysCtlPeripheralReady          
00006235  SysCtlPeripheralReset          
000075f1  SysTickEnable                  
00007605  SysTickIntEnable               
00007619  SysTickIntHandler              
000076e5  SysTickPeriodSet               
00005cc5  UARTStdioConfig                
00007401  UARTprintf                     
00001f65  UARTvprintf                    
00006629  UARTwrite                      
200182ec  __STACK_END                    
00000800  __STACK_SIZE                   
200182ec  __STACK_TOP                    
00007c90  __TI_CINIT_Base                
00007ca0  __TI_CINIT_Limit               
00007c7c  __TI_Handler_Table_Base        
00007c88  __TI_Handler_Table_Limit       
000055d1  __TI_auto_init                 
20018344  __TI_cleanup_ptr               
000057f1  __TI_decompress_lzss           
00007755  __TI_decompress_none           
20018348  __TI_dtors_ptr                 
2001834c  __TI_enable_exit_profile_output
ffffffff  __TI_pprof_out_hndl            
ffffffff  __TI_prof_data_size            
ffffffff  __TI_prof_data_start           
00000000  __TI_static_base__             
00007789  __TI_zero_init                 
00004da3  __aeabi_idiv0                  
0000530d  __aeabi_memclr                 
0000530d  __aeabi_memclr4                
0000530d  __aeabi_memclr8                
00004811  __aeabi_memcpy                 
00004811  __aeabi_memcpy4                
00004811  __aeabi_memcpy8                
0000530f  __aeabi_memset                 
0000530f  __aeabi_memset4                
0000530f  __aeabi_memset8                
000069b1  __aeabi_uidiv                  
000069b1  __aeabi_uidivmod               
ffffffff  __binit__                      
ffffffff  __c_args__                     
00005387  __mpu_init                     
20017aec  __stack                        
000074f9  _args_main                     
00006095  _c_int00                       
2001835c  _lock                          
0000763b  _nop                           
00007633  _register_lock                 
0000762d  _register_unlock               
00005cc3  _system_post_cinit             
0000783f  _system_pre_init               
20018360  _unlock                        
000060ed  abort                          
00004d21  autoip_arp_reply               
0000741b  autoip_network_changed         
00005e91  autoip_start                   
000076f5  autoip_stop                    
00003af5  autoip_tmr                     
ffffffff  binit                          
000064f9  copy_in                        
20017a9c  current_header                 
20017aa0  current_iphdr_dest             
20017aa4  current_iphdr_src              
20017aa8  current_netif                  
00007435  dhcp_arp_reply                 
00006a31  dhcp_coarse_tmr                
00006b89  dhcp_fine_tmr                  
000068a9  dhcp_network_changed           
000046c9  dhcp_release                   
00004e25  dhcp_renew                     
20017a8c  dhcp_rx_options_given          
20017a34  dhcp_rx_options_val            
000044d1  dhcp_start                     
00006bf9  dhcp_stop                      
00006461  echo_accept                    
00006fb9  echo_close                     
000077e1  echo_error                     
00005561  echo_init                      
00002d61  echo_recv                      
0000511d  echo_send                      
000070b9  etharp_cleanup_netif           
0000322d  etharp_output                  
00003349  etharp_query                   
00003a19  etharp_raw                     
00006fe5  etharp_request                 
00006971  etharp_tmr                     
00007c27  ethbroadcast                   
00004425  ethernet_input                 
00007c2d  ethzero                        
000060f5  exit                           
20018324  g_RxDescList                   
20018334  g_TxDescList                   
20017ae8  g_bLED                         
20017650  g_pRxDescriptors               
200172f0  g_pTxDescriptors               
20017aac  g_pfnTimerHandler              
00000000  g_pfnVectors                   
20017ab0  g_ui32AbnormalInts             
20017ab4  g_ui32IPAddress                
200182f0  g_ui32LocalTimer               
20017ab8  g_ui32NormalInts               
20017abc  g_ui32SysClock                 
000077e9  icmp_dest_unreach              
00002681  icmp_input                     
00007715  inet_chksum                    
000063c3  inet_chksum_pbuf               
00006e11  ip4_addr_isbroadcast           
00007c34  ip_addr_any                    
00007c38  ip_addr_broadcast              
00002151  ip_input                       
000066b9  ip_output                      
0000476d  ip_output_if                   
00006285  ip_route                       
00004ea5  lwIPEthernetIntHandler         
00004579  lwIPHostTimerHandler           
00003769  lwIPInit                       
000073ad  lwIPLocalIPAddrGet             
000072f1  lwIPTimer                      
0000744f  lwip_htonl                     
00007795  lwip_htons                     
00007725  lwip_init                      
0000744f  lwip_ntohl                     
00007795  lwip_ntohs                     
20017770  lwip_stats                     
00002805  main                           
20018370  main_func_sp                   
00005b99  mem_free                       
00005d25  mem_init                       
00003671  mem_malloc                     
00003851  mem_trim                       
000071e5  memcmp                         
00004811  memcpy                         
00006c31  memp_free                      
0000571d  memp_init                      
00005ee9  memp_malloc                    
00005315  memset                         
00006041  netif_add                      
20017ac0  netif_default                  
20017ac4  netif_list                     
000073c9  netif_set_addr                 
000077a1  netif_set_default              
0000738f  netif_set_down                 
000077ad  netif_set_gw                   
00005929  netif_set_ipaddr               
0000768d  netif_set_link_down            
000069f1  netif_set_link_up              
000077b9  netif_set_netmask              
000071c1  netif_set_up                   
00002e9d  pbuf_alloc                     
00007065  pbuf_cat                       
00007735  pbuf_chain                     
0000769f  pbuf_clen                      
000049e1  pbuf_copy                      
00005991  pbuf_copy_partial              
00006411  pbuf_free                      
20017ae9  pbuf_free_ooseq_pending        
00005c61  pbuf_header                    
00005ddd  pbuf_realloc                   
000075c5  pbuf_ref                       
20000000  ram_heap                       
000054ed  raw_input                      
00007745  sys_arch_protect               
00007641  sys_arch_unprotect             
000077c5  sys_now                        
000059f9  sys_timeout                    
000062d5  sys_timeouts_init              
00004a75  tcp_abandon                    
0000781b  tcp_abort                      
00007843  tcp_accept                     
20017ac8  tcp_active_pcbs                
20017aea  tcp_active_pcbs_changed        
00003bc9  tcp_alloc                      
00007847  tcp_arg                        
00007bf0  tcp_backoff                    
00005199  tcp_bind                       
20017acc  tcp_bound_pcbs                 
00007655  tcp_close                      
00007311  tcp_eff_send_mss               
00004621  tcp_enqueue_flags              
00007827  tcp_err                        
00005641  tcp_fasttmr                    
000009c1  tcp_input                      
20017ad0  tcp_input_pcb                  
00006865  tcp_keepalive                  
20017ad4  tcp_listen_pcbs                
000048ad  tcp_listen_with_backlog        
0000782d  tcp_new                        
00007511  tcp_next_iss                   
000024f1  tcp_output                     
00007be0  tcp_pcb_lists                  
0000692d  tcp_pcb_purge                  
00005d81  tcp_pcb_remove                 
00007c20  tcp_persist_backoff            
00005ac9  tcp_process_refused_data       
00007833  tcp_recv                       
00007153  tcp_recv_null                  
00006e43  tcp_recved                     
00005f41  tcp_rexmit                     
00006749  tcp_rexmit_fast                
00006f05  tcp_rexmit_rto                 
00005215  tcp_rst                        
00007209  tcp_seg_copy                   
00007529  tcp_seg_free                   
000076b1  tcp_segs_free                  
000067d9  tcp_send_empty_ack             
0000681f  tcp_send_fin                   
0000784b  tcp_setprio                    
0000140d  tcp_slowtmr                    
20017ad8  tcp_ticks                      
00006da9  tcp_timer_needed               
20017adc  tcp_tmp_pcb                    
00007331  tcp_tmr                        
20017ae0  tcp_tw_pcbs                    
00006ea5  tcp_update_rcv_ann_wnd         
00001121  tcp_write                      
00004b05  tcp_zero_window_probe          
00006ddd  tivaif_init                    
00006545  tivaif_interrupt               
00005291  tivaif_process_phy_interrupt   
00005b31  udp_bind                       
00006591  udp_connect                    
0000232d  udp_input                      
000073e5  udp_new                        
20017ae4  udp_pcbs                       
00007839  udp_recv                       
00006ed5  udp_remove                     
00006ca1  udp_sendto                     
00003ef9  udp_sendto_if                  
00007351  usprintf                       
0000708f  ustrncpy                       
000016d5  uvsnprintf                     


GLOBAL SYMBOLS: SORTED BY Symbol Address 

address   name                           
-------   ----                           
00000000  __TI_static_base__             
00000000  g_pfnVectors                   
00000800  __STACK_SIZE                   
000009c1  tcp_input                      
00001121  tcp_write                      
0000140d  tcp_slowtmr                    
000016d5  uvsnprintf                     
00001b4d  PinoutSet                      
00001d65  SysCtlClockFreqSet             
00001f65  UARTvprintf                    
00002151  ip_input                       
0000232d  udp_input                      
000024f1  tcp_output                     
00002681  icmp_input                     
00002805  main                           
00002d61  echo_recv                      
00002e9d  pbuf_alloc                     
00002fd7  GPIOPadConfigSet               
0000322d  etharp_output                  
00003349  etharp_query                   
00003671  mem_malloc                     
00003769  lwIPInit                       
00003851  mem_trim                       
00003a19  etharp_raw                     
00003af5  autoip_tmr                     
00003bc9  tcp_alloc                      
00003ef9  udp_sendto_if                  
00003fc1  InitDMADescriptors             
00004425  ethernet_input                 
000044d1  dhcp_start                     
00004579  lwIPHostTimerHandler           
00004621  tcp_enqueue_flags              
000046c9  dhcp_release                   
0000476d  ip_output_if                   
00004811  __aeabi_memcpy                 
00004811  __aeabi_memcpy4                
00004811  __aeabi_memcpy8                
00004811  memcpy                         
000048ad  tcp_listen_with_backlog        
000049e1  pbuf_copy                      
00004a75  tcp_abandon                    
00004b05  tcp_zero_window_probe          
00004d21  autoip_arp_reply               
00004da3  __aeabi_idiv0                  
00004e25  dhcp_renew                     
00004ea5  lwIPEthernetIntHandler         
0000511d  echo_send                      
00005199  tcp_bind                       
00005215  tcp_rst                        
00005291  tivaif_process_phy_interrupt   
0000530d  __aeabi_memclr                 
0000530d  __aeabi_memclr4                
0000530d  __aeabi_memclr8                
0000530f  __aeabi_memset                 
0000530f  __aeabi_memset4                
0000530f  __aeabi_memset8                
00005315  memset                         
00005387  __mpu_init                     
00005389  EMACInit                       
000054ed  raw_input                      
00005561  echo_init                      
000055d1  __TI_auto_init                 
00005641  tcp_fasttmr                    
0000571d  memp_init                      
00005789  IntEnable                      
000057f1  __TI_decompress_lzss           
00005929  netif_set_ipaddr               
00005991  pbuf_copy_partial              
000059f9  sys_timeout                    
00005ac9  tcp_process_refused_data       
00005b31  udp_bind                       
00005b99  mem_free                       
00005c61  pbuf_header                    
00005cc3  _system_post_cinit             
00005cc5  UARTStdioConfig                
00005d25  mem_init                       
00005d81  tcp_pcb_remove                 
00005ddd  pbuf_realloc                   
00005e39  EMACPHYConfigSet               
00005e91  autoip_start                   
00005ee9  memp_malloc                    
00005f41  tcp_rexmit                     
00005f99  LocatorInit                    
00006041  netif_add                      
00006095  _c_int00                       
000060e9  C$$EXIT                        
000060ed  abort                          
000060f5  exit                           
00006235  SysCtlPeripheralReset          
00006285  ip_route                       
000062d5  sys_timeouts_init              
000063c3  inet_chksum_pbuf               
00006411  pbuf_free                      
00006461  echo_accept                    
000064f9  copy_in                        
00006545  tivaif_interrupt               
00006591  udp_connect                    
00006629  UARTwrite                      
000066b9  ip_output                      
00006749  tcp_rexmit_fast                
000067d9  tcp_send_empty_ack             
0000681f  tcp_send_fin                   
00006865  tcp_keepalive                  
000068a9  dhcp_network_changed           
0000692d  tcp_pcb_purge                  
00006971  etharp_tmr                     
000069b1  __aeabi_uidiv                  
000069b1  __aeabi_uidivmod               
000069f1  netif_set_link_up              
00006a31  dhcp_coarse_tmr                
00006a6d  EMACIntEnable                  
00006aa9  DisplayIPAddress               
00006ae1  EMACConfigSet                  
00006b19  LocatorAppTitleSet             
00006b51  SysCtlPeripheralReady          
00006b89  dhcp_fine_tmr                  
00006bf9  dhcp_stop                      
00006c31  memp_free                      
00006ca1  udp_sendto                     
00006cd9  EMACConfigGet                  
00006d0d  EMACIntClear                   
00006da9  tcp_timer_needed               
00006ddd  tivaif_init                    
00006e11  ip4_addr_isbroadcast           
00006e43  tcp_recved                     
00006ea5  tcp_update_rcv_ann_wnd         
00006ed5  udp_remove                     
00006f05  tcp_rexmit_rto                 
00006f33  EMACIntStatus                  
00006fb9  echo_close                     
00006fe5  etharp_request                 
00007011  GPIODirModeSet                 
00007065  pbuf_cat                       
0000708f  ustrncpy                       
000070b9  etharp_cleanup_netif           
000070e1  EMACPHYRead                    
00007107  EMACPHYWrite                   
00007153  tcp_recv_null                  
00007179  IntPrioritySet                 
000071c1  netif_set_up                   
000071e5  memcmp                         
00007209  tcp_seg_copy                   
00007251  LocatorMACAddrSet              
000072f1  lwIPTimer                      
00007311  tcp_eff_send_mss               
00007331  tcp_tmr                        
00007351  usprintf                       
00007371  EMACAddrGet                    
0000738f  netif_set_down                 
000073ad  lwIPLocalIPAddrGet             
000073c9  netif_set_addr                 
000073e5  udp_new                        
00007401  UARTprintf                     
0000741b  autoip_network_changed         
00007435  dhcp_arp_reply                 
0000744f  lwip_htonl                     
0000744f  lwip_ntohl                     
00007469  GPIOPinTypeGPIOOutput          
000074f9  _args_main                     
00007511  tcp_next_iss                   
00007529  tcp_seg_free                   
00007541  EMACReset                      
00007557  EMACRxEnable                   
0000756d  EMACTxEnable                   
000075c5  pbuf_ref                       
000075dd  FlashUserGet                   
000075f1  SysTickEnable                  
00007605  SysTickIntEnable               
00007619  SysTickIntHandler              
0000762d  _register_unlock               
00007633  _register_lock                 
0000763b  _nop                           
00007641  sys_arch_unprotect             
00007655  tcp_close                      
00007669  GPIOPinTypeEthernetLED         
0000768d  netif_set_link_down            
0000769f  pbuf_clen                      
000076b1  tcp_segs_free                  
000076c5  EMACFrameFilterSet             
000076d5  IntMasterEnable                
000076e5  SysTickPeriodSet               
000076f5  autoip_stop                    
00007715  inet_chksum                    
00007725  lwip_init                      
00007735  pbuf_chain                     
00007745  sys_arch_protect               
00007755  __TI_decompress_none           
00007763  CPUcpsie                       
00007771  SysCtlMOSCConfigSet            
00007789  __TI_zero_init                 
00007795  lwip_htons                     
00007795  lwip_ntohs                     
000077a1  netif_set_default              
000077ad  netif_set_gw                   
000077b9  netif_set_netmask              
000077c5  sys_now                        
000077d1  EMACPowerManagementStatusGet   
000077d9  EMACTxDMAPollDemand            
000077e1  echo_error                     
000077e9  icmp_dest_unreach              
000077f1  EMACRxDMADescriptorListSet     
000077f7  EMACTimestampIntStatus         
000077fd  EMACTxDMADescriptorListSet     
00007803  GPIOPinRead                    
00007809  GPIOPinWrite                   
0000780f  ResetISR                       
00007815  SysCtlDelay                    
0000781b  tcp_abort                      
00007827  tcp_err                        
0000782d  tcp_new                        
00007833  tcp_recv                       
00007839  udp_recv                       
0000783f  _system_pre_init               
00007843  tcp_accept                     
00007847  tcp_arg                        
0000784b  tcp_setprio                    
00007be0  tcp_pcb_lists                  
00007bf0  tcp_backoff                    
00007c20  tcp_persist_backoff            
00007c27  ethbroadcast                   
00007c2d  ethzero                        
00007c34  ip_addr_any                    
00007c38  ip_addr_broadcast              
00007c7c  __TI_Handler_Table_Base        
00007c88  __TI_Handler_Table_Limit       
00007c90  __TI_CINIT_Base                
00007ca0  __TI_CINIT_Limit               
20000000  ram_heap                       
200172f0  g_pTxDescriptors               
20017650  g_pRxDescriptors               
20017770  lwip_stats                     
20017a34  dhcp_rx_options_val            
20017a8c  dhcp_rx_options_given          
20017a9c  current_header                 
20017aa0  current_iphdr_dest             
20017aa4  current_iphdr_src              
20017aa8  current_netif                  
20017aac  g_pfnTimerHandler              
20017ab0  g_ui32AbnormalInts             
20017ab4  g_ui32IPAddress                
20017ab8  g_ui32NormalInts               
20017abc  g_ui32SysClock                 
20017ac0  netif_default                  
20017ac4  netif_list                     
20017ac8  tcp_active_pcbs                
20017acc  tcp_bound_pcbs                 
20017ad0  tcp_input_pcb                  
20017ad4  tcp_listen_pcbs                
20017ad8  tcp_ticks                      
20017adc  tcp_tmp_pcb                    
20017ae0  tcp_tw_pcbs                    
20017ae4  udp_pcbs                       
20017ae8  g_bLED                         
20017ae9  pbuf_free_ooseq_pending        
20017aea  tcp_active_pcbs_changed        
20017aec  __stack                        
200182ec  __STACK_END                    
200182ec  __STACK_TOP                    
200182f0  g_ui32LocalTimer               
20018324  g_RxDescList                   
20018334  g_TxDescList                   
20018344  __TI_cleanup_ptr               
20018348  __TI_dtors_ptr                 
2001834c  __TI_enable_exit_profile_output
2001835c  _lock                          
20018360  _unlock                        
20018370  main_func_sp                   
ffffffff  __TI_pprof_out_hndl            
ffffffff  __TI_prof_data_size            
ffffffff  __TI_prof_data_start           
ffffffff  __binit__                      
ffffffff  __c_args__                     
ffffffff  binit                          
UNDEFED   SHT$$INIT_ARRAY$$Base          
UNDEFED   SHT$$INIT_ARRAY$$Limit         

[275 symbols]
