<?xml version="1.0"?>
<link_info>
   <banner>TI ARM Linker PC v16.9.4.LTS</banner>
   <copyright>Copyright (c) 1996-2017 Texas Instruments Incorporated</copyright>
   <link_time>0x5a2cf85b</link_time>
   <link_errors>0x0</link_errors>
   <output_file>enet_lwip.out</output_file>
   <entry_point>
      <name>_c_int00</name>
      <address>0x6095</address>
   </entry_point>
   <input_file_list>
      <input_file id="fl-2">
         <path>.\</path>
         <kind>object</kind>
         <file>enet_fs.obj</file>
         <name>enet_fs.obj</name>
      </input_file>
      <input_file id="fl-3">
         <path>.\</path>
         <kind>object</kind>
         <file>enet_lwip.obj</file>
         <name>enet_lwip.obj</name>
      </input_file>
      <input_file id="fl-4">
         <path>.\</path>
         <kind>object</kind>
         <file>startup_ccs.obj</file>
         <name>startup_ccs.obj</name>
      </input_file>
      <input_file id="fl-5">
         <path>.\drivers\</path>
         <kind>object</kind>
         <file>pinout.obj</file>
         <name>pinout.obj</name>
      </input_file>
      <input_file id="fl-6">
         <path>.\third_party\fatfs\port\</path>
         <kind>object</kind>
         <file>mmc-ek-tm4c1294xl.obj</file>
         <name>mmc-ek-tm4c1294xl.obj</name>
      </input_file>
      <input_file id="fl-7">
         <path>.\third_party\fatfs\src\</path>
         <kind>object</kind>
         <file>ff.obj</file>
         <name>ff.obj</name>
      </input_file>
      <input_file id="fl-8">
         <path>.\third_party\lwip-1.4.1\apps\httpserver_raw\</path>
         <kind>object</kind>
         <file>httpd.obj</file>
         <name>httpd.obj</name>
      </input_file>
      <input_file id="fl-9">
         <path>.\utils\</path>
         <kind>object</kind>
         <file>locator.obj</file>
         <name>locator.obj</name>
      </input_file>
      <input_file id="fl-a">
         <path>.\utils\</path>
         <kind>object</kind>
         <file>lwiplib.obj</file>
         <name>lwiplib.obj</name>
      </input_file>
      <input_file id="fl-b">
         <path>.\utils\</path>
         <kind>object</kind>
         <file>uartstdio.obj</file>
         <name>uartstdio.obj</name>
      </input_file>
      <input_file id="fl-c">
         <path>.\utils\</path>
         <kind>object</kind>
         <file>ustdlib.obj</file>
         <name>ustdlib.obj</name>
      </input_file>
      <input_file id="fl-11">
         <kind>object</kind>
         <file>&lt;internal&gt;</file>
         <name>&lt;internal&gt;</name>
      </input_file>
      <input_file id="fl-c7">
         <path>C:\ti\ccsv7\tools\compiler\ti-cgt-arm_16.9.4.LTS\lib\</path>
         <kind>archive</kind>
         <file>rtsv7M4_T_le_v4SPD16_eabi.lib</file>
         <name>boot.obj</name>
      </input_file>
      <input_file id="fl-c8">
         <path>C:\ti\ccsv7\tools\compiler\ti-cgt-arm_16.9.4.LTS\lib\</path>
         <kind>archive</kind>
         <file>rtsv7M4_T_le_v4SPD16_eabi.lib</file>
         <name>copy_decompress_lzss.obj</name>
      </input_file>
      <input_file id="fl-c9">
         <path>C:\ti\ccsv7\tools\compiler\ti-cgt-arm_16.9.4.LTS\lib\</path>
         <kind>archive</kind>
         <file>rtsv7M4_T_le_v4SPD16_eabi.lib</file>
         <name>copy_decompress_none.obj</name>
      </input_file>
      <input_file id="fl-ca">
         <path>C:\ti\ccsv7\tools\compiler\ti-cgt-arm_16.9.4.LTS\lib\</path>
         <kind>archive</kind>
         <file>rtsv7M4_T_le_v4SPD16_eabi.lib</file>
         <name>copy_zero_init.obj</name>
      </input_file>
      <input_file id="fl-cb">
         <path>C:\ti\ccsv7\tools\compiler\ti-cgt-arm_16.9.4.LTS\lib\</path>
         <kind>archive</kind>
         <file>rtsv7M4_T_le_v4SPD16_eabi.lib</file>
         <name>exit.obj</name>
      </input_file>
      <input_file id="fl-cc">
         <path>C:\ti\ccsv7\tools\compiler\ti-cgt-arm_16.9.4.LTS\lib\</path>
         <kind>archive</kind>
         <file>rtsv7M4_T_le_v4SPD16_eabi.lib</file>
         <name>memcmp.obj</name>
      </input_file>
      <input_file id="fl-cd">
         <path>C:\ti\ccsv7\tools\compiler\ti-cgt-arm_16.9.4.LTS\lib\</path>
         <kind>archive</kind>
         <file>rtsv7M4_T_le_v4SPD16_eabi.lib</file>
         <name>memcpy_t2.obj</name>
      </input_file>
      <input_file id="fl-ce">
         <path>C:\ti\ccsv7\tools\compiler\ti-cgt-arm_16.9.4.LTS\lib\</path>
         <kind>archive</kind>
         <file>rtsv7M4_T_le_v4SPD16_eabi.lib</file>
         <name>memset_t2.obj</name>
      </input_file>
      <input_file id="fl-cf">
         <path>C:\ti\ccsv7\tools\compiler\ti-cgt-arm_16.9.4.LTS\lib\</path>
         <kind>archive</kind>
         <file>rtsv7M4_T_le_v4SPD16_eabi.lib</file>
         <name>mpu_init.obj</name>
      </input_file>
      <input_file id="fl-d0">
         <path>C:\ti\ccsv7\tools\compiler\ti-cgt-arm_16.9.4.LTS\lib\</path>
         <kind>archive</kind>
         <file>rtsv7M4_T_le_v4SPD16_eabi.lib</file>
         <name>pre_init.obj</name>
      </input_file>
      <input_file id="fl-d1">
         <path>C:\ti\ccsv7\tools\compiler\ti-cgt-arm_16.9.4.LTS\lib\</path>
         <kind>archive</kind>
         <file>rtsv7M4_T_le_v4SPD16_eabi.lib</file>
         <name>stkdepth_vars.obj</name>
      </input_file>
      <input_file id="fl-d2">
         <path>C:\ti\ccsv7\tools\compiler\ti-cgt-arm_16.9.4.LTS\lib\</path>
         <kind>archive</kind>
         <file>rtsv7M4_T_le_v4SPD16_eabi.lib</file>
         <name>strchr.obj</name>
      </input_file>
      <input_file id="fl-d3">
         <path>C:\ti\ccsv7\tools\compiler\ti-cgt-arm_16.9.4.LTS\lib\</path>
         <kind>archive</kind>
         <file>rtsv7M4_T_le_v4SPD16_eabi.lib</file>
         <name>strcmp.obj</name>
      </input_file>
      <input_file id="fl-d4">
         <path>C:\ti\ccsv7\tools\compiler\ti-cgt-arm_16.9.4.LTS\lib\</path>
         <kind>archive</kind>
         <file>rtsv7M4_T_le_v4SPD16_eabi.lib</file>
         <name>strlen.obj</name>
      </input_file>
      <input_file id="fl-d5">
         <path>C:\ti\ccsv7\tools\compiler\ti-cgt-arm_16.9.4.LTS\lib\</path>
         <kind>archive</kind>
         <file>rtsv7M4_T_le_v4SPD16_eabi.lib</file>
         <name>strncmp.obj</name>
      </input_file>
      <input_file id="fl-d6">
         <path>C:\ti\ccsv7\tools\compiler\ti-cgt-arm_16.9.4.LTS\lib\</path>
         <kind>archive</kind>
         <file>rtsv7M4_T_le_v4SPD16_eabi.lib</file>
         <name>strstr.obj</name>
      </input_file>
      <input_file id="fl-d7">
         <path>C:\ti\ccsv7\tools\compiler\ti-cgt-arm_16.9.4.LTS\lib\</path>
         <kind>archive</kind>
         <file>rtsv7M4_T_le_v4SPD16_eabi.lib</file>
         <name>u_divt2.obj</name>
      </input_file>
      <input_file id="fl-d8">
         <path>C:\ti\ccsv7\tools\compiler\ti-cgt-arm_16.9.4.LTS\lib\</path>
         <kind>archive</kind>
         <file>rtsv7M4_T_le_v4SPD16_eabi.lib</file>
         <name>_lock.obj</name>
      </input_file>
      <input_file id="fl-d9">
         <path>C:\ti\ccsv7\tools\compiler\ti-cgt-arm_16.9.4.LTS\lib\</path>
         <kind>archive</kind>
         <file>rtsv7M4_T_le_v4SPD16_eabi.lib</file>
         <name>args_main.obj</name>
      </input_file>
      <input_file id="fl-da">
         <path>C:\ti\ccsv7\tools\compiler\ti-cgt-arm_16.9.4.LTS\lib\</path>
         <kind>archive</kind>
         <file>rtsv7M4_T_le_v4SPD16_eabi.lib</file>
         <name>autoinit.obj</name>
      </input_file>
      <input_file id="fl-db">
         <path>C:\ti\ccsv7\tools\compiler\ti-cgt-arm_16.9.4.LTS\lib\</path>
         <kind>archive</kind>
         <file>rtsv7M4_T_le_v4SPD16_eabi.lib</file>
         <name>cpy_tbl.obj</name>
      </input_file>
      <input_file id="fl-dc">
         <path>C:\ti\ccsv7\tools\compiler\ti-cgt-arm_16.9.4.LTS\lib\</path>
         <kind>archive</kind>
         <file>rtsv7M4_T_le_v4SPD16_eabi.lib</file>
         <name>i_div0.obj</name>
      </input_file>
      <input_file id="fl-dd">
         <path>C:\ti\ccsv7\tools\compiler\ti-cgt-arm_16.9.4.LTS\lib\</path>
         <kind>archive</kind>
         <file>rtsv7M4_T_le_v4SPD16_eabi.lib</file>
         <name>startup.obj</name>
      </input_file>
      <input_file id="fl-de">
         <path>C:\ti\TivaWare_C_Series-2.1.4.178\driverlib\ccs\Debug\</path>
         <kind>archive</kind>
         <file>driverlib.lib</file>
         <name>emac.obj</name>
      </input_file>
      <input_file id="fl-df">
         <path>C:\ti\TivaWare_C_Series-2.1.4.178\driverlib\ccs\Debug\</path>
         <kind>archive</kind>
         <file>driverlib.lib</file>
         <name>flash.obj</name>
      </input_file>
      <input_file id="fl-e0">
         <path>C:\ti\TivaWare_C_Series-2.1.4.178\driverlib\ccs\Debug\</path>
         <kind>archive</kind>
         <file>driverlib.lib</file>
         <name>gpio.obj</name>
      </input_file>
      <input_file id="fl-e1">
         <path>C:\ti\TivaWare_C_Series-2.1.4.178\driverlib\ccs\Debug\</path>
         <kind>archive</kind>
         <file>driverlib.lib</file>
         <name>interrupt.obj</name>
      </input_file>
      <input_file id="fl-e2">
         <path>C:\ti\TivaWare_C_Series-2.1.4.178\driverlib\ccs\Debug\</path>
         <kind>archive</kind>
         <file>driverlib.lib</file>
         <name>sw_crc.obj</name>
      </input_file>
      <input_file id="fl-e3">
         <path>C:\ti\TivaWare_C_Series-2.1.4.178\driverlib\ccs\Debug\</path>
         <kind>archive</kind>
         <file>driverlib.lib</file>
         <name>sysctl.obj</name>
      </input_file>
      <input_file id="fl-e4">
         <path>C:\ti\TivaWare_C_Series-2.1.4.178\driverlib\ccs\Debug\</path>
         <kind>archive</kind>
         <file>driverlib.lib</file>
         <name>systick.obj</name>
      </input_file>
      <input_file id="fl-e5">
         <path>C:\ti\TivaWare_C_Series-2.1.4.178\driverlib\ccs\Debug\</path>
         <kind>archive</kind>
         <file>driverlib.lib</file>
         <name>cpu.obj</name>
      </input_file>
   </input_file_list>
   <object_component_list>
      <object_component id="oc-f">
         <name>.intvecs</name>
         <load_address>0x0</load_address>
         <run_address>0x0</run_address>
         <size>0x200</size>
         <input_file_ref idref="fl-4"/>
      </object_component>
      <object_component id="oc-8f1">
         <name>.text:tcp_receive</name>
         <load_address>0x200</load_address>
         <run_address>0x200</run_address>
         <size>0x7c0</size>
         <input_file_ref idref="fl-a"/>
      </object_component>
      <object_component id="oc-648">
         <name>.text:tcp_input</name>
         <load_address>0x9c0</load_address>
         <run_address>0x9c0</run_address>
         <size>0x3b0</size>
         <input_file_ref idref="fl-a"/>
      </object_component>
      <object_component id="oc-7d6">
         <name>.text:tcp_process</name>
         <load_address>0xd70</load_address>
         <run_address>0xd70</run_address>
         <size>0x3b0</size>
         <input_file_ref idref="fl-a"/>
      </object_component>
      <object_component id="oc-8c8">
         <name>.text:tcp_write</name>
         <load_address>0x1120</load_address>
         <run_address>0x1120</run_address>
         <size>0x2ec</size>
         <input_file_ref idref="fl-a"/>
      </object_component>
      <object_component id="oc-2df">
         <name>.text:tcp_slowtmr</name>
         <load_address>0x140c</load_address>
         <run_address>0x140c</run_address>
         <size>0x2c8</size>
         <input_file_ref idref="fl-a"/>
      </object_component>
      <object_component id="oc-65f">
         <name>.text:uvsnprintf</name>
         <load_address>0x16d4</load_address>
         <run_address>0x16d4</run_address>
         <size>0x24d</size>
         <input_file_ref idref="fl-c"/>
      </object_component>
      <object_component id="oc-37">
         <name>.text:FaultISR</name>
         <load_address>0x1922</load_address>
         <run_address>0x1922</run_address>
         <size>0x2</size>
         <input_file_ref idref="fl-4"/>
      </object_component>
      <object_component id="oc-6f2">
         <name>.text:dhcp_parse_reply</name>
         <load_address>0x1924</load_address>
         <run_address>0x1924</run_address>
         <size>0x228</size>
         <input_file_ref idref="fl-a"/>
      </object_component>
      <object_component id="oc-202">
         <name>.text:PinoutSet</name>
         <load_address>0x1b4c</load_address>
         <run_address>0x1b4c</run_address>
         <size>0x218</size>
         <input_file_ref idref="fl-5"/>
      </object_component>
      <object_component id="oc-1fc">
         <name>.text:SysCtlClockFreqSet</name>
         <load_address>0x1d64</load_address>
         <run_address>0x1d64</run_address>
         <size>0x200</size>
         <input_file_ref idref="fl-e3"/>
      </object_component>
      <object_component id="oc-370">
         <name>.text:UARTvprintf</name>
         <load_address>0x1f64</load_address>
         <run_address>0x1f64</run_address>
         <size>0x1ea</size>
         <input_file_ref idref="fl-b"/>
      </object_component>
      <object_component id="oc-3d">
         <name>.text:IntDefaultHandler</name>
         <load_address>0x214e</load_address>
         <run_address>0x214e</run_address>
         <size>0x2</size>
         <input_file_ref idref="fl-4"/>
      </object_component>
      <object_component id="oc-444">
         <name>.text:ip_input</name>
         <load_address>0x2150</load_address>
         <run_address>0x2150</run_address>
         <size>0x1dc</size>
         <input_file_ref idref="fl-a"/>
      </object_component>
      <object_component id="oc-642">
         <name>.text:udp_input</name>
         <load_address>0x232c</load_address>
         <run_address>0x232c</run_address>
         <size>0x1c4</size>
         <input_file_ref idref="fl-a"/>
      </object_component>
      <object_component id="oc-46c">
         <name>.text:tcp_output</name>
         <load_address>0x24f0</load_address>
         <run_address>0x24f0</run_address>
         <size>0x190</size>
         <input_file_ref idref="fl-a"/>
      </object_component>
      <object_component id="oc-64e">
         <name>.text:icmp_input</name>
         <load_address>0x2680</load_address>
         <run_address>0x2680</run_address>
         <size>0x184</size>
         <input_file_ref idref="fl-a"/>
      </object_component>
      <object_component id="oc-f7">
         <name>.text:main</name>
         <load_address>0x2804</load_address>
         <run_address>0x2804</run_address>
         <size>0x184</size>
         <input_file_ref idref="fl-3"/>
      </object_component>
      <object_component id="oc-438">
         <name>.text:etharp_arp_input</name>
         <load_address>0x2988</load_address>
         <run_address>0x2988</run_address>
         <size>0x150</size>
         <input_file_ref idref="fl-a"/>
      </object_component>
      <object_component id="oc-90c">
         <name>.text:tcp_close_shutdown</name>
         <load_address>0x2ad8</load_address>
         <run_address>0x2ad8</run_address>
         <size>0x148</size>
         <input_file_ref idref="fl-a"/>
      </object_component>
      <object_component id="oc-16a">
         <name>.text:tivaif_receive</name>
         <load_address>0x2c20</load_address>
         <run_address>0x2c20</run_address>
         <size>0x140</size>
         <input_file_ref idref="fl-a"/>
      </object_component>
      <object_component id="oc-5ed">
         <name>.text:echo_recv</name>
         <load_address>0x2d60</load_address>
         <run_address>0x2d60</run_address>
         <size>0x13c</size>
         <input_file_ref idref="fl-3"/>
      </object_component>
      <object_component id="oc-2ba">
         <name>.text:pbuf_alloc</name>
         <load_address>0x2e9c</load_address>
         <run_address>0x2e9c</run_address>
         <size>0x13a</size>
         <input_file_ref idref="fl-a"/>
      </object_component>
      <object_component id="oc-354">
         <name>.text:GPIOPadConfigSet</name>
         <load_address>0x2fd6</load_address>
         <run_address>0x2fd6</run_address>
         <size>0x132</size>
         <input_file_ref idref="fl-e0"/>
      </object_component>
      <object_component id="oc-6ab">
         <name>.text:dhcp_create_msg</name>
         <load_address>0x3108</load_address>
         <run_address>0x3108</run_address>
         <size>0x124</size>
         <input_file_ref idref="fl-a"/>
      </object_component>
      <object_component id="oc-73e">
         <name>.text:etharp_output</name>
         <load_address>0x322c</load_address>
         <run_address>0x322c</run_address>
         <size>0x11c</size>
         <input_file_ref idref="fl-a"/>
      </object_component>
      <object_component id="oc-6d8">
         <name>.text:etharp_query</name>
         <load_address>0x3348</load_address>
         <run_address>0x3348</run_address>
         <size>0x114</size>
         <input_file_ref idref="fl-a"/>
      </object_component>
      <object_component id="oc-7ca">
         <name>.text:tcp_listen_input</name>
         <load_address>0x345c</load_address>
         <run_address>0x345c</run_address>
         <size>0x114</size>
         <input_file_ref idref="fl-a"/>
      </object_component>
      <object_component id="oc-744">
         <name>.text:tivaif_transmit</name>
         <load_address>0x3570</load_address>
         <run_address>0x3570</run_address>
         <size>0x100</size>
         <input_file_ref idref="fl-a"/>
      </object_component>
      <object_component id="oc-45a">
         <name>.text:mem_malloc</name>
         <load_address>0x3670</load_address>
         <run_address>0x3670</run_address>
         <size>0xf8</size>
         <input_file_ref idref="fl-a"/>
      </object_component>
      <object_component id="oc-238">
         <name>.text:lwIPInit</name>
         <load_address>0x3768</load_address>
         <run_address>0x3768</run_address>
         <size>0xe8</size>
         <input_file_ref idref="fl-a"/>
      </object_component>
      <object_component id="oc-7b9">
         <name>.text:mem_trim</name>
         <load_address>0x3850</load_address>
         <run_address>0x3850</run_address>
         <size>0xe8</size>
         <input_file_ref idref="fl-a"/>
      </object_component>
      <object_component id="oc-7a4">
         <name>.text:etharp_find_entry</name>
         <load_address>0x3938</load_address>
         <run_address>0x3938</run_address>
         <size>0xe0</size>
         <input_file_ref idref="fl-a"/>
      </object_component>
      <object_component id="oc-4c3">
         <name>.text:etharp_raw</name>
         <load_address>0x3a18</load_address>
         <run_address>0x3a18</run_address>
         <size>0xdc</size>
         <input_file_ref idref="fl-a"/>
      </object_component>
      <object_component id="oc-182">
         <name>.text:autoip_tmr</name>
         <load_address>0x3af4</load_address>
         <run_address>0x3af4</run_address>
         <size>0xd4</size>
         <input_file_ref idref="fl-a"/>
      </object_component>
      <object_component id="oc-5b1">
         <name>.text:tcp_alloc</name>
         <load_address>0x3bc8</load_address>
         <run_address>0x3bc8</run_address>
         <size>0xd0</size>
         <input_file_ref idref="fl-a"/>
      </object_component>
      <object_component id="oc-51c">
         <name>.text:dhcp_recv</name>
         <load_address>0x3c98</load_address>
         <run_address>0x3c98</run_address>
         <size>0xcc</size>
         <input_file_ref idref="fl-a"/>
      </object_component>
      <object_component id="oc-4f4">
         <name>.text:dhcp_select</name>
         <load_address>0x3d64</load_address>
         <run_address>0x3d64</run_address>
         <size>0xcc</size>
         <input_file_ref idref="fl-a"/>
      </object_component>
      <object_component id="oc-4e2">
         <name>.text:dhcp_bind</name>
         <load_address>0x3e30</load_address>
         <run_address>0x3e30</run_address>
         <size>0xc8</size>
         <input_file_ref idref="fl-a"/>
      </object_component>
      <object_component id="oc-6bf">
         <name>.text:udp_sendto_if</name>
         <load_address>0x3ef8</load_address>
         <run_address>0x3ef8</run_address>
         <size>0xc8</size>
         <input_file_ref idref="fl-a"/>
      </object_component>
      <object_component id="oc-868">
         <name>.text:InitDMADescriptors</name>
         <load_address>0x3fc0</load_address>
         <run_address>0x3fc0</run_address>
         <size>0xc4</size>
         <input_file_ref idref="fl-a"/>
      </object_component>
      <object_component id="oc-66d">
         <name>.text:tcp_output_segment</name>
         <load_address>0x4084</load_address>
         <run_address>0x4084</run_address>
         <size>0xc0</size>
         <input_file_ref idref="fl-a"/>
      </object_component>
      <object_component id="oc-4fa">
         <name>.text:dhcp_discover</name>
         <load_address>0x4144</load_address>
         <run_address>0x4144</run_address>
         <size>0xbc</size>
         <input_file_ref idref="fl-a"/>
      </object_component>
      <object_component id="oc-735">
         <name>.text:tivaif_hwinit</name>
         <load_address>0x4200</load_address>
         <run_address>0x4200</run_address>
         <size>0xbc</size>
         <input_file_ref idref="fl-a"/>
      </object_component>
      <object_component id="oc-955">
         <name>.text:tcp_create_segment</name>
         <load_address>0x42bc</load_address>
         <run_address>0x42bc</run_address>
         <size>0xb8</size>
         <input_file_ref idref="fl-a"/>
      </object_component>
      <object_component id="oc-bd">
         <name>.text:lwIPServiceTimers</name>
         <load_address>0x4374</load_address>
         <run_address>0x4374</run_address>
         <size>0xb0</size>
         <input_file_ref idref="fl-a"/>
      </object_component>
      <object_component id="oc-2b4">
         <name>.text:ethernet_input</name>
         <load_address>0x4424</load_address>
         <run_address>0x4424</run_address>
         <size>0xac</size>
         <input_file_ref idref="fl-a"/>
      </object_component>
      <object_component id="oc-323">
         <name>.text:dhcp_start</name>
         <load_address>0x44d0</load_address>
         <run_address>0x44d0</run_address>
         <size>0xa8</size>
         <input_file_ref idref="fl-a"/>
      </object_component>
      <object_component id="oc-170">
         <name>.text:lwIPHostTimerHandler</name>
         <load_address>0x4578</load_address>
         <run_address>0x4578</run_address>
         <size>0xa8</size>
         <input_file_ref idref="fl-3"/>
      </object_component>
      <object_component id="oc-8e9">
         <name>.text:tcp_enqueue_flags</name>
         <load_address>0x4620</load_address>
         <run_address>0x4620</run_address>
         <size>0xa8</size>
         <input_file_ref idref="fl-a"/>
      </object_component>
      <object_component id="oc-4ee">
         <name>.text:dhcp_release</name>
         <load_address>0x46c8</load_address>
         <run_address>0x46c8</run_address>
         <size>0xa4</size>
         <input_file_ref idref="fl-a"/>
      </object_component>
      <object_component id="oc-7f2">
         <name>.text:ip_output_if</name>
         <load_address>0x476c</load_address>
         <run_address>0x476c</run_address>
         <size>0xa4</size>
         <input_file_ref idref="fl-a"/>
      </object_component>
      <object_component id="oc-5d">
         <name>.text</name>
         <load_address>0x4810</load_address>
         <run_address>0x4810</run_address>
         <size>0x9c</size>
         <input_file_ref idref="fl-cd"/>
      </object_component>
      <object_component id="oc-3cc">
         <name>.text:tcp_listen_with_backlog</name>
         <load_address>0x48ac</load_address>
         <run_address>0x48ac</run_address>
         <size>0x9c</size>
         <input_file_ref idref="fl-a"/>
      </object_component>
      <object_component id="oc-4dc">
         <name>.text:dhcp_reboot</name>
         <load_address>0x4948</load_address>
         <run_address>0x4948</run_address>
         <size>0x98</size>
         <input_file_ref idref="fl-a"/>
      </object_component>
      <object_component id="oc-7ec">
         <name>.text:pbuf_copy</name>
         <load_address>0x49e0</load_address>
         <run_address>0x49e0</run_address>
         <size>0x92</size>
         <input_file_ref idref="fl-a"/>
      </object_component>
      <object_component id="oc-31">
         <name>.text:NmiSR</name>
         <load_address>0x4a72</load_address>
         <run_address>0x4a72</run_address>
         <size>0x2</size>
         <input_file_ref idref="fl-4"/>
      </object_component>
      <object_component id="oc-81a">
         <name>.text:tcp_abandon</name>
         <load_address>0x4a74</load_address>
         <run_address>0x4a74</run_address>
         <size>0x90</size>
         <input_file_ref idref="fl-a"/>
      </object_component>
      <object_component id="oc-481">
         <name>.text:tcp_zero_window_probe</name>
         <load_address>0x4b04</load_address>
         <run_address>0x4b04</run_address>
         <size>0x8c</size>
         <input_file_ref idref="fl-a"/>
      </object_component>
      <object_component id="oc-3b3">
         <name>.text:LocatorReceive</name>
         <load_address>0x4b90</load_address>
         <run_address>0x4b90</run_address>
         <size>0x88</size>
         <input_file_ref idref="fl-9"/>
      </object_component>
      <object_component id="oc-194">
         <name>.text:lwIPLinkDetect</name>
         <load_address>0x4c18</load_address>
         <run_address>0x4c18</run_address>
         <size>0x84</size>
         <input_file_ref idref="fl-a"/>
      </object_component>
      <object_component id="oc-7d0">
         <name>.text:tcp_timewait_input</name>
         <load_address>0x4c9c</load_address>
         <run_address>0x4c9c</run_address>
         <size>0x84</size>
         <input_file_ref idref="fl-a"/>
      </object_component>
      <object_component id="oc-610">
         <name>.text:autoip_arp_reply</name>
         <load_address>0x4d20</load_address>
         <run_address>0x4d20</run_address>
         <size>0x82</size>
         <input_file_ref idref="fl-a"/>
      </object_component>
      <object_component id="oc-712">
         <name>.text</name>
         <load_address>0x4da2</load_address>
         <run_address>0x4da2</run_address>
         <size>0x2</size>
         <input_file_ref idref="fl-dc"/>
      </object_component>
      <object_component id="oc-4d5">
         <name>.text:dhcp_rebind</name>
         <load_address>0x4da4</load_address>
         <run_address>0x4da4</run_address>
         <size>0x80</size>
         <input_file_ref idref="fl-a"/>
      </object_component>
      <object_component id="oc-4ce">
         <name>.text:dhcp_renew</name>
         <load_address>0x4e24</load_address>
         <run_address>0x4e24</run_address>
         <size>0x80</size>
         <input_file_ref idref="fl-a"/>
      </object_component>
      <object_component id="oc-49">
         <name>.text:lwIPEthernetIntHandler</name>
         <load_address>0x4ea4</load_address>
         <run_address>0x4ea4</run_address>
         <size>0x80</size>
         <input_file_ref idref="fl-a"/>
      </object_component>
      <object_component id="oc-397">
         <name>.text:lwIPPrivateInit</name>
         <load_address>0x4f24</load_address>
         <run_address>0x4f24</run_address>
         <size>0x80</size>
         <input_file_ref idref="fl-a"/>
      </object_component>
      <object_component id="oc-8e3">
         <name>.text:tcp_parseopt</name>
         <load_address>0x4fa4</load_address>
         <run_address>0x4fa4</run_address>
         <size>0x80</size>
         <input_file_ref idref="fl-a"/>
      </object_component>
      <object_component id="oc-704">
         <name>.text:dhcp_handle_ack</name>
         <load_address>0x5024</load_address>
         <run_address>0x5024</run_address>
         <size>0x7c</size>
         <input_file_ref idref="fl-a"/>
      </object_component>
      <object_component id="oc-30a">
         <name>.text:dhcp_timeout</name>
         <load_address>0x50a0</load_address>
         <run_address>0x50a0</run_address>
         <size>0x7c</size>
         <input_file_ref idref="fl-a"/>
      </object_component>
      <object_component id="oc-783">
         <name>.text:echo_send</name>
         <load_address>0x511c</load_address>
         <run_address>0x511c</run_address>
         <size>0x7c</size>
         <input_file_ref idref="fl-3"/>
      </object_component>
      <object_component id="oc-3c6">
         <name>.text:tcp_bind</name>
         <load_address>0x5198</load_address>
         <run_address>0x5198</run_address>
         <size>0x7c</size>
         <input_file_ref idref="fl-a"/>
      </object_component>
      <object_component id="oc-499">
         <name>.text:tcp_rst</name>
         <load_address>0x5214</load_address>
         <run_address>0x5214</run_address>
         <size>0x7c</size>
         <input_file_ref idref="fl-a"/>
      </object_component>
      <object_component id="oc-15e">
         <name>.text:tivaif_process_phy_interrupt</name>
         <load_address>0x5290</load_address>
         <run_address>0x5290</run_address>
         <size>0x7c</size>
         <input_file_ref idref="fl-a"/>
      </object_component>
      <object_component id="oc-69">
         <name>.text</name>
         <load_address>0x530c</load_address>
         <run_address>0x530c</run_address>
         <size>0x7a</size>
         <input_file_ref idref="fl-ce"/>
      </object_component>
      <object_component id="oc-75">
         <name>.text</name>
         <load_address>0x5386</load_address>
         <run_address>0x5386</run_address>
         <size>0x2</size>
         <input_file_ref idref="fl-cf"/>
      </object_component>
      <object_component id="oc-391">
         <name>.text:EMACInit</name>
         <load_address>0x5388</load_address>
         <run_address>0x5388</run_address>
         <size>0x78</size>
         <input_file_ref idref="fl-de"/>
      </object_component>
      <object_component id="oc-96c">
         <name>.text:tcp_oos_insert_segment</name>
         <load_address>0x5400</load_address>
         <run_address>0x5400</run_address>
         <size>0x78</size>
         <input_file_ref idref="fl-a"/>
      </object_component>
      <object_component id="oc-616">
         <name>.text:etharp_update_arp_entry</name>
         <load_address>0x5478</load_address>
         <run_address>0x5478</run_address>
         <size>0x74</size>
         <input_file_ref idref="fl-a"/>
      </object_component>
      <object_component id="oc-636">
         <name>.text:raw_input</name>
         <load_address>0x54ec</load_address>
         <run_address>0x54ec</run_address>
         <size>0x74</size>
         <input_file_ref idref="fl-a"/>
      </object_component>
      <object_component id="oc-250">
         <name>.text:echo_init</name>
         <load_address>0x5560</load_address>
         <run_address>0x5560</run_address>
         <size>0x70</size>
         <input_file_ref idref="fl-3"/>
      </object_component>
      <object_component id="oc-81">
         <name>.text</name>
         <load_address>0x55d0</load_address>
         <run_address>0x55d0</run_address>
         <size>0x70</size>
         <input_file_ref idref="fl-da"/>
      </object_component>
      <object_component id="oc-2d9">
         <name>.text:tcp_fasttmr</name>
         <load_address>0x5640</load_address>
         <run_address>0x5640</run_address>
         <size>0x70</size>
         <input_file_ref idref="fl-a"/>
      </object_component>
      <object_component id="oc-7c2">
         <name>.text:icmp_send_response</name>
         <load_address>0x56b0</load_address>
         <run_address>0x56b0</run_address>
         <size>0x6c</size>
         <input_file_ref idref="fl-a"/>
      </object_component>
      <object_component id="oc-724">
         <name>.text:memp_init</name>
         <load_address>0x571c</load_address>
         <run_address>0x571c</run_address>
         <size>0x6c</size>
         <input_file_ref idref="fl-a"/>
      </object_component>
      <object_component id="oc-892">
         <name>.text:IntEnable</name>
         <load_address>0x5788</load_address>
         <run_address>0x5788</run_address>
         <size>0x68</size>
         <input_file_ref idref="fl-e1"/>
      </object_component>
      <object_component id="oc-12">
         <name>.text:decompress:lzss</name>
         <load_address>0x57f0</load_address>
         <run_address>0x57f0</run_address>
         <size>0x68</size>
         <input_file_ref idref="fl-c8"/>
      </object_component>
      <object_component id="oc-7b2">
         <name>.text:dhcp_decline</name>
         <load_address>0x5858</load_address>
         <run_address>0x5858</run_address>
         <size>0x68</size>
         <input_file_ref idref="fl-a"/>
      </object_component>
      <object_component id="oc-901">
         <name>.text:lwip_standard_chksum</name>
         <load_address>0x58c0</load_address>
         <run_address>0x58c0</run_address>
         <size>0x68</size>
         <input_file_ref idref="fl-a"/>
      </object_component>
      <object_component id="oc-4aa">
         <name>.text:netif_set_ipaddr</name>
         <load_address>0x5928</load_address>
         <run_address>0x5928</run_address>
         <size>0x68</size>
         <input_file_ref idref="fl-a"/>
      </object_component>
      <object_component id="oc-689">
         <name>.text:pbuf_copy_partial</name>
         <load_address>0x5990</load_address>
         <run_address>0x5990</run_address>
         <size>0x68</size>
         <input_file_ref idref="fl-a"/>
      </object_component>
      <object_component id="oc-763">
         <name>.text:sys_timeout</name>
         <load_address>0x59f8</load_address>
         <run_address>0x59f8</run_address>
         <size>0x68</size>
         <input_file_ref idref="fl-a"/>
      </object_component>
      <object_component id="oc-683">
         <name>.text:tcp_output_alloc_header</name>
         <load_address>0x5a60</load_address>
         <run_address>0x5a60</run_address>
         <size>0x68</size>
         <input_file_ref idref="fl-a"/>
      </object_component>
      <object_component id="oc-472">
         <name>.text:tcp_process_refused_data</name>
         <load_address>0x5ac8</load_address>
         <run_address>0x5ac8</run_address>
         <size>0x68</size>
         <input_file_ref idref="fl-a"/>
      </object_component>
      <object_component id="oc-3aa">
         <name>.text:udp_bind</name>
         <load_address>0x5b30</load_address>
         <run_address>0x5b30</run_address>
         <size>0x68</size>
         <input_file_ref idref="fl-a"/>
      </object_component>
      <object_component id="oc-424">
         <name>.text:mem_free</name>
         <load_address>0x5b98</load_address>
         <run_address>0x5b98</run_address>
         <size>0x64</size>
         <input_file_ref idref="fl-a"/>
      </object_component>
      <object_component id="oc-603">
         <name>.text:plug_holes</name>
         <load_address>0x5bfc</load_address>
         <run_address>0x5bfc</run_address>
         <size>0x64</size>
         <input_file_ref idref="fl-a"/>
      </object_component>
      <object_component id="oc-43e">
         <name>.text:pbuf_header</name>
         <load_address>0x5c60</load_address>
         <run_address>0x5c60</run_address>
         <size>0x62</size>
         <input_file_ref idref="fl-a"/>
      </object_component>
      <object_component id="oc-ef">
         <name>.text</name>
         <load_address>0x5cc2</load_address>
         <run_address>0x5cc2</run_address>
         <size>0x2</size>
         <input_file_ref idref="fl-dd"/>
      </object_component>
      <object_component id="oc-208">
         <name>.text:UARTStdioConfig</name>
         <load_address>0x5cc4</load_address>
         <run_address>0x5cc4</run_address>
         <size>0x60</size>
         <input_file_ref idref="fl-b"/>
      </object_component>
      <object_component id="oc-71e">
         <name>.text:mem_init</name>
         <load_address>0x5d24</load_address>
         <run_address>0x5d24</run_address>
         <size>0x5c</size>
         <input_file_ref idref="fl-a"/>
      </object_component>
      <object_component id="oc-7dc">
         <name>.text:tcp_pcb_remove</name>
         <load_address>0x5d80</load_address>
         <run_address>0x5d80</run_address>
         <size>0x5c</size>
         <input_file_ref idref="fl-a"/>
      </object_component>
      <object_component id="oc-62a">
         <name>.text:pbuf_realloc</name>
         <load_address>0x5ddc</load_address>
         <run_address>0x5ddc</run_address>
         <size>0x5a</size>
         <input_file_ref idref="fl-a"/>
      </object_component>
      <object_component id="oc-38b">
         <name>.text:EMACPHYConfigSet</name>
         <load_address>0x5e38</load_address>
         <run_address>0x5e38</run_address>
         <size>0x58</size>
         <input_file_ref idref="fl-de"/>
      </object_component>
      <object_component id="oc-329">
         <name>.text:autoip_start</name>
         <load_address>0x5e90</load_address>
         <run_address>0x5e90</run_address>
         <size>0x58</size>
         <input_file_ref idref="fl-a"/>
      </object_component>
      <object_component id="oc-44e">
         <name>.text:memp_malloc</name>
         <load_address>0x5ee8</load_address>
         <run_address>0x5ee8</run_address>
         <size>0x58</size>
         <input_file_ref idref="fl-a"/>
      </object_component>
      <object_component id="oc-8f7">
         <name>.text:tcp_rexmit</name>
         <load_address>0x5f40</load_address>
         <run_address>0x5f40</run_address>
         <size>0x56</size>
         <input_file_ref idref="fl-a"/>
      </object_component>
      <object_component id="oc-23e">
         <name>.text:LocatorInit</name>
         <load_address>0x5f98</load_address>
         <run_address>0x5f98</run_address>
         <size>0x54</size>
         <input_file_ref idref="fl-9"/>
      </object_component>
      <object_component id="oc-523">
         <name>.text:autoip_create_addr</name>
         <load_address>0x5fec</load_address>
         <run_address>0x5fec</run_address>
         <size>0x54</size>
         <input_file_ref idref="fl-a"/>
      </object_component>
      <object_component id="oc-587">
         <name>.text:netif_add</name>
         <load_address>0x6040</load_address>
         <run_address>0x6040</run_address>
         <size>0x54</size>
         <input_file_ref idref="fl-a"/>
      </object_component>
      <object_component id="oc-24">
         <name>.text</name>
         <load_address>0x6094</load_address>
         <run_address>0x6094</run_address>
         <size>0x54</size>
         <input_file_ref idref="fl-c7"/>
      </object_component>
      <object_component id="oc-8d">
         <name>.text</name>
         <load_address>0x60e8</load_address>
         <run_address>0x60e8</run_address>
         <size>0x54</size>
         <input_file_ref idref="fl-cb"/>
      </object_component>
      <object_component id="oc-5b8">
         <name>.text:tcp_new_port</name>
         <load_address>0x613c</load_address>
         <run_address>0x613c</run_address>
         <size>0x54</size>
         <input_file_ref idref="fl-a"/>
      </object_component>
      <object_component id="oc-94f">
         <name>.text:tcp_pbuf_prealloc</name>
         <load_address>0x6190</load_address>
         <run_address>0x6190</run_address>
         <size>0x52</size>
         <input_file_ref idref="fl-a"/>
      </object_component>
      <object_component id="oc-164">
         <name>.text:tivaif_process_transmit</name>
         <load_address>0x61e2</load_address>
         <run_address>0x61e2</run_address>
         <size>0x52</size>
         <input_file_ref idref="fl-a"/>
      </object_component>
      <object_component id="oc-563">
         <name>.text:SysCtlPeripheralReset</name>
         <load_address>0x6234</load_address>
         <run_address>0x6234</run_address>
         <size>0x50</size>
         <input_file_ref idref="fl-e3"/>
      </object_component>
      <object_component id="oc-74c">
         <name>.text:ip_route</name>
         <load_address>0x6284</load_address>
         <run_address>0x6284</run_address>
         <size>0x50</size>
         <input_file_ref idref="fl-a"/>
      </object_component>
      <object_component id="oc-72a">
         <name>.text:sys_timeouts_init</name>
         <load_address>0x62d4</load_address>
         <run_address>0x62d4</run_address>
         <size>0x50</size>
         <input_file_ref idref="fl-a"/>
      </object_component>
      <object_component id="oc-949">
         <name>.text:tcp_write_checks</name>
         <load_address>0x6324</load_address>
         <run_address>0x6324</run_address>
         <size>0x50</size>
         <input_file_ref idref="fl-a"/>
      </object_component>
      <object_component id="oc-529">
         <name>.text:autoip_start_probing</name>
         <load_address>0x6374</load_address>
         <run_address>0x6374</run_address>
         <size>0x4e</size>
         <input_file_ref idref="fl-a"/>
      </object_component>
      <object_component id="oc-7e6">
         <name>.text:inet_chksum_pbuf</name>
         <load_address>0x63c2</load_address>
         <run_address>0x63c2</run_address>
         <size>0x4e</size>
         <input_file_ref idref="fl-a"/>
      </object_component>
      <object_component id="oc-2a7">
         <name>.text:pbuf_free</name>
         <load_address>0x6410</load_address>
         <run_address>0x6410</run_address>
         <size>0x4e</size>
         <input_file_ref idref="fl-a"/>
      </object_component>
      <object_component id="oc-3db">
         <name>.text:echo_accept</name>
         <load_address>0x6460</load_address>
         <run_address>0x6460</run_address>
         <size>0x4c</size>
         <input_file_ref idref="fl-3"/>
      </object_component>
      <object_component id="oc-8a7">
         <name>.text:etharp_output_to_arp_index</name>
         <load_address>0x64ac</load_address>
         <run_address>0x64ac</run_address>
         <size>0x4c</size>
         <input_file_ref idref="fl-a"/>
      </object_component>
      <object_component id="oc-e9">
         <name>.text</name>
         <load_address>0x64f8</load_address>
         <run_address>0x64f8</run_address>
         <size>0x4c</size>
         <input_file_ref idref="fl-db"/>
      </object_component>
      <object_component id="oc-b7">
         <name>.text:tivaif_interrupt</name>
         <load_address>0x6544</load_address>
         <run_address>0x6544</run_address>
         <size>0x4c</size>
         <input_file_ref idref="fl-a"/>
      </object_component>
      <object_component id="oc-516">
         <name>.text:udp_connect</name>
         <load_address>0x6590</load_address>
         <run_address>0x6590</run_address>
         <size>0x4c</size>
         <input_file_ref idref="fl-a"/>
      </object_component>
      <object_component id="oc-59c">
         <name>.text:udp_new_port</name>
         <load_address>0x65dc</load_address>
         <run_address>0x65dc</run_address>
         <size>0x4c</size>
         <input_file_ref idref="fl-a"/>
      </object_component>
      <object_component id="oc-550">
         <name>.text:UARTwrite</name>
         <load_address>0x6628</load_address>
         <run_address>0x6628</run_address>
         <size>0x48</size>
         <input_file_ref idref="fl-b"/>
      </object_component>
      <object_component id="oc-344">
         <name>.text:_SysCtlFrequencyGet</name>
         <load_address>0x6670</load_address>
         <run_address>0x6670</run_address>
         <size>0x48</size>
         <input_file_ref idref="fl-e3"/>
      </object_component>
      <object_component id="oc-68f">
         <name>.text:ip_output</name>
         <load_address>0x66b8</load_address>
         <run_address>0x66b8</run_address>
         <size>0x48</size>
         <input_file_ref idref="fl-a"/>
      </object_component>
      <object_component id="oc-759">
         <name>.text:tcp_kill_prio</name>
         <load_address>0x6700</load_address>
         <run_address>0x6700</run_address>
         <size>0x48</size>
         <input_file_ref idref="fl-a"/>
      </object_component>
      <object_component id="oc-960">
         <name>.text:tcp_rexmit_fast</name>
         <load_address>0x6748</load_address>
         <run_address>0x6748</run_address>
         <size>0x48</size>
         <input_file_ref idref="fl-a"/>
      </object_component>
      <object_component id="oc-8ae">
         <name>.text:tivaif_check_pbuf</name>
         <load_address>0x6790</load_address>
         <run_address>0x6790</run_address>
         <size>0x48</size>
         <input_file_ref idref="fl-a"/>
      </object_component>
      <object_component id="oc-667">
         <name>.text:tcp_send_empty_ack</name>
         <load_address>0x67d8</load_address>
         <run_address>0x67d8</run_address>
         <size>0x46</size>
         <input_file_ref idref="fl-a"/>
      </object_component>
      <object_component id="oc-975">
         <name>.text:tcp_send_fin</name>
         <load_address>0x681e</load_address>
         <run_address>0x681e</run_address>
         <size>0x46</size>
         <input_file_ref idref="fl-a"/>
      </object_component>
      <object_component id="oc-487">
         <name>.text:tcp_keepalive</name>
         <load_address>0x6864</load_address>
         <run_address>0x6864</run_address>
         <size>0x44</size>
         <input_file_ref idref="fl-a"/>
      </object_component>
      <object_component id="oc-403">
         <name>.text:dhcp_network_changed</name>
         <load_address>0x68a8</load_address>
         <run_address>0x68a8</run_address>
         <size>0x42</size>
         <input_file_ref idref="fl-a"/>
      </object_component>
      <object_component id="oc-6d0">
         <name>.text:dhcp_option_long</name>
         <load_address>0x68ea</load_address>
         <run_address>0x68ea</run_address>
         <size>0x42</size>
         <input_file_ref idref="fl-a"/>
      </object_component>
      <object_component id="oc-493">
         <name>.text:tcp_pcb_purge</name>
         <load_address>0x692c</load_address>
         <run_address>0x692c</run_address>
         <size>0x42</size>
         <input_file_ref idref="fl-a"/>
      </object_component>
      <object_component id="oc-176">
         <name>.text:etharp_tmr</name>
         <load_address>0x6970</load_address>
         <run_address>0x6970</run_address>
         <size>0x40</size>
         <input_file_ref idref="fl-a"/>
      </object_component>
      <object_component id="oc-556">
         <name>.text</name>
         <load_address>0x69b0</load_address>
         <run_address>0x69b0</run_address>
         <size>0x40</size>
         <input_file_ref idref="fl-d7"/>
      </object_component>
      <object_component id="oc-294">
         <name>.text:netif_set_link_up</name>
         <load_address>0x69f0</load_address>
         <run_address>0x69f0</run_address>
         <size>0x3e</size>
         <input_file_ref idref="fl-a"/>
      </object_component>
      <object_component id="oc-188">
         <name>.text:dhcp_coarse_tmr</name>
         <load_address>0x6a30</load_address>
         <run_address>0x6a30</run_address>
         <size>0x3c</size>
         <input_file_ref idref="fl-a"/>
      </object_component>
      <object_component id="oc-88c">
         <name>.text:EMACIntEnable</name>
         <load_address>0x6a6c</load_address>
         <run_address>0x6a6c</run_address>
         <size>0x3a</size>
         <input_file_ref idref="fl-de"/>
      </object_component>
      <object_component id="oc-2c7">
         <name>.text:DisplayIPAddress</name>
         <load_address>0x6aa8</load_address>
         <run_address>0x6aa8</run_address>
         <size>0x38</size>
         <input_file_ref idref="fl-3"/>
      </object_component>
      <object_component id="oc-2a0">
         <name>.text:EMACConfigSet</name>
         <load_address>0x6ae0</load_address>
         <run_address>0x6ae0</run_address>
         <size>0x38</size>
         <input_file_ref idref="fl-de"/>
      </object_component>
      <object_component id="oc-24a">
         <name>.text:LocatorAppTitleSet</name>
         <load_address>0x6b18</load_address>
         <run_address>0x6b18</run_address>
         <size>0x38</size>
         <input_file_ref idref="fl-9"/>
      </object_component>
      <object_component id="oc-569">
         <name>.text:SysCtlPeripheralReady</name>
         <load_address>0x6b50</load_address>
         <run_address>0x6b50</run_address>
         <size>0x38</size>
         <input_file_ref idref="fl-e3"/>
      </object_component>
      <object_component id="oc-18e">
         <name>.text:dhcp_fine_tmr</name>
         <load_address>0x6b88</load_address>
         <run_address>0x6b88</run_address>
         <size>0x38</size>
         <input_file_ref idref="fl-a"/>
      </object_component>
      <object_component id="oc-6fe">
         <name>.text:dhcp_handle_nak</name>
         <load_address>0x6bc0</load_address>
         <run_address>0x6bc0</run_address>
         <size>0x38</size>
         <input_file_ref idref="fl-a"/>
      </object_component>
      <object_component id="oc-317">
         <name>.text:dhcp_stop</name>
         <load_address>0x6bf8</load_address>
         <run_address>0x6bf8</run_address>
         <size>0x38</size>
         <input_file_ref idref="fl-a"/>
      </object_component>
      <object_component id="oc-42a">
         <name>.text:memp_free</name>
         <load_address>0x6c30</load_address>
         <run_address>0x6c30</run_address>
         <size>0x38</size>
         <input_file_ref idref="fl-a"/>
      </object_component>
      <object_component id="oc-769">
         <name>.text:tcpip_tcp_timer</name>
         <load_address>0x6c68</load_address>
         <run_address>0x6c68</run_address>
         <size>0x38</size>
         <input_file_ref idref="fl-a"/>
      </object_component>
      <object_component id="oc-5a6">
         <name>.text:udp_sendto</name>
         <load_address>0x6ca0</load_address>
         <run_address>0x6ca0</run_address>
         <size>0x38</size>
         <input_file_ref idref="fl-a"/>
      </object_component>
      <object_component id="oc-29a">
         <name>.text:EMACConfigGet</name>
         <load_address>0x6cd8</load_address>
         <run_address>0x6cd8</run_address>
         <size>0x34</size>
         <input_file_ref idref="fl-de"/>
      </object_component>
      <object_component id="oc-87a">
         <name>.text:EMACIntClear</name>
         <load_address>0x6d0c</load_address>
         <run_address>0x6d0c</run_address>
         <size>0x34</size>
         <input_file_ref idref="fl-de"/>
      </object_component>
      <object_component id="oc-2f5">
         <name>.text:autoip_arp_probe</name>
         <load_address>0x6d40</load_address>
         <run_address>0x6d40</run_address>
         <size>0x34</size>
         <input_file_ref idref="fl-a"/>
      </object_component>
      <object_component id="oc-753">
         <name>.text:tcp_kill_timewait</name>
         <load_address>0x6d74</load_address>
         <run_address>0x6d74</run_address>
         <size>0x34</size>
         <input_file_ref idref="fl-a"/>
      </object_component>
      <object_component id="oc-5be">
         <name>.text:tcp_timer_needed</name>
         <load_address>0x6da8</load_address>
         <run_address>0x6da8</run_address>
         <size>0x34</size>
         <input_file_ref idref="fl-a"/>
      </object_component>
      <object_component id="oc-593">
         <name>.text:tivaif_init</name>
         <load_address>0x6ddc</load_address>
         <run_address>0x6ddc</run_address>
         <size>0x34</size>
         <input_file_ref idref="fl-a"/>
      </object_component>
      <object_component id="oc-630">
         <name>.text:ip4_addr_isbroadcast</name>
         <load_address>0x6e10</load_address>
         <run_address>0x6e10</run_address>
         <size>0x32</size>
         <input_file_ref idref="fl-a"/>
      </object_component>
      <object_component id="oc-789">
         <name>.text:tcp_recved</name>
         <load_address>0x6e42</load_address>
         <run_address>0x6e42</run_address>
         <size>0x32</size>
         <input_file_ref idref="fl-a"/>
      </object_component>
      <object_component id="oc-6b9">
         <name>.text:dhcp_option_trailer</name>
         <load_address>0x6e74</load_address>
         <run_address>0x6e74</run_address>
         <size>0x30</size>
         <input_file_ref idref="fl-a"/>
      </object_component>
      <object_component id="oc-8cf">
         <name>.text:tcp_update_rcv_ann_wnd</name>
         <load_address>0x6ea4</load_address>
         <run_address>0x6ea4</run_address>
         <size>0x30</size>
         <input_file_ref idref="fl-a"/>
      </object_component>
      <object_component id="oc-502">
         <name>.text:udp_remove</name>
         <load_address>0x6ed4</load_address>
         <run_address>0x6ed4</run_address>
         <size>0x30</size>
         <input_file_ref idref="fl-a"/>
      </object_component>
      <object_component id="oc-47b">
         <name>.text:tcp_rexmit_rto</name>
         <load_address>0x6f04</load_address>
         <run_address>0x6f04</run_address>
         <size>0x2e</size>
         <input_file_ref idref="fl-a"/>
      </object_component>
      <object_component id="oc-a5">
         <name>.text:EMACIntStatus</name>
         <load_address>0x6f32</load_address>
         <run_address>0x6f32</run_address>
         <size>0x2c</size>
         <input_file_ref idref="fl-de"/>
      </object_component>
      <object_component id="oc-2ef">
         <name>.text:autoip_arp_announce</name>
         <load_address>0x6f60</load_address>
         <run_address>0x6f60</run_address>
         <size>0x2c</size>
         <input_file_ref idref="fl-a"/>
      </object_component>
      <object_component id="oc-6f8">
         <name>.text:dhcp_handle_offer</name>
         <load_address>0x6f8c</load_address>
         <run_address>0x6f8c</run_address>
         <size>0x2c</size>
         <input_file_ref idref="fl-a"/>
      </object_component>
      <object_component id="oc-777">
         <name>.text:echo_close</name>
         <load_address>0x6fb8</load_address>
         <run_address>0x6fb8</run_address>
         <size>0x2c</size>
         <input_file_ref idref="fl-3"/>
      </object_component>
      <object_component id="oc-40f">
         <name>.text:etharp_request</name>
         <load_address>0x6fe4</load_address>
         <run_address>0x6fe4</run_address>
         <size>0x2c</size>
         <input_file_ref idref="fl-a"/>
      </object_component>
      <object_component id="oc-37c">
         <name>.text:GPIODirModeSet</name>
         <load_address>0x7010</load_address>
         <run_address>0x7010</run_address>
         <size>0x2a</size>
         <input_file_ref idref="fl-e0"/>
      </object_component>
      <object_component id="oc-2e9">
         <name>.text:autoip_bind</name>
         <load_address>0x703a</load_address>
         <run_address>0x703a</run_address>
         <size>0x2a</size>
         <input_file_ref idref="fl-a"/>
      </object_component>
      <object_component id="oc-2ae">
         <name>.text:pbuf_cat</name>
         <load_address>0x7064</load_address>
         <run_address>0x7064</run_address>
         <size>0x2a</size>
         <input_file_ref idref="fl-a"/>
      </object_component>
      <object_component id="oc-7f9">
         <name>.text:ustrncpy</name>
         <load_address>0x708e</load_address>
         <run_address>0x708e</run_address>
         <size>0x2a</size>
         <input_file_ref idref="fl-c"/>
      </object_component>
      <object_component id="oc-6ea">
         <name>.text:etharp_cleanup_netif</name>
         <load_address>0x70b8</load_address>
         <run_address>0x70b8</run_address>
         <size>0x28</size>
         <input_file_ref idref="fl-a"/>
      </object_component>
      <object_component id="oc-288">
         <name>.text:EMACPHYRead</name>
         <load_address>0x70e0</load_address>
         <run_address>0x70e0</run_address>
         <size>0x26</size>
         <input_file_ref idref="fl-de"/>
      </object_component>
      <object_component id="oc-86e">
         <name>.text:EMACPHYWrite</name>
         <load_address>0x7106</load_address>
         <run_address>0x7106</run_address>
         <size>0x26</size>
         <input_file_ref idref="fl-de"/>
      </object_component>
      <object_component id="oc-4e8">
         <name>.text:dhcp_check</name>
         <load_address>0x712c</load_address>
         <run_address>0x712c</run_address>
         <size>0x26</size>
         <input_file_ref idref="fl-a"/>
      </object_component>
      <object_component id="oc-67b">
         <name>.text:tcp_recv_null</name>
         <load_address>0x7152</load_address>
         <run_address>0x7152</run_address>
         <size>0x26</size>
         <input_file_ref idref="fl-a"/>
      </object_component>
      <object_component id="oc-256">
         <name>.text:IntPrioritySet</name>
         <load_address>0x7178</load_address>
         <run_address>0x7178</run_address>
         <size>0x24</size>
         <input_file_ref idref="fl-e1"/>
      </object_component>
      <object_component id="oc-2cf">
         <name>.text:etharp_free_entry</name>
         <load_address>0x719c</load_address>
         <run_address>0x719c</run_address>
         <size>0x24</size>
         <input_file_ref idref="fl-a"/>
      </object_component>
      <object_component id="oc-4bc">
         <name>.text:netif_set_up</name>
         <load_address>0x71c0</load_address>
         <run_address>0x71c0</run_address>
         <size>0x24</size>
         <input_file_ref idref="fl-a"/>
      </object_component>
      <object_component id="oc-432">
         <name>.text</name>
         <load_address>0x71e4</load_address>
         <run_address>0x71e4</run_address>
         <size>0x24</size>
         <input_file_ref idref="fl-cc"/>
      </object_component>
      <object_component id="oc-966">
         <name>.text:tcp_seg_copy</name>
         <load_address>0x7208</load_address>
         <run_address>0x7208</run_address>
         <size>0x24</size>
         <input_file_ref idref="fl-a"/>
      </object_component>
      <object_component id="oc-6b3">
         <name>.text:dhcp_option_short</name>
         <load_address>0x722c</load_address>
         <run_address>0x722c</run_address>
         <size>0x22</size>
         <input_file_ref idref="fl-a"/>
      </object_component>
      <object_component id="oc-244">
         <name>.text:LocatorMACAddrSet</name>
         <load_address>0x7250</load_address>
         <run_address>0x7250</run_address>
         <size>0x20</size>
         <input_file_ref idref="fl-9"/>
      </object_component>
      <object_component id="oc-33e">
         <name>.text:_SysCtlMemTimingGet</name>
         <load_address>0x7270</load_address>
         <run_address>0x7270</run_address>
         <size>0x20</size>
         <input_file_ref idref="fl-e3"/>
      </object_component>
      <object_component id="oc-797">
         <name>.text:autoip_handle_arp_conflict</name>
         <load_address>0x7290</load_address>
         <run_address>0x7290</run_address>
         <size>0x20</size>
         <input_file_ref idref="fl-a"/>
      </object_component>
      <object_component id="oc-6ad">
         <name>.text:dhcp_option</name>
         <load_address>0x72b0</load_address>
         <run_address>0x72b0</run_address>
         <size>0x20</size>
         <input_file_ref idref="fl-a"/>
      </object_component>
      <object_component id="oc-7aa">
         <name>.text:etharp_send_ip</name>
         <load_address>0x72d0</load_address>
         <run_address>0x72d0</run_address>
         <size>0x20</size>
         <input_file_ref idref="fl-a"/>
      </object_component>
      <object_component id="oc-9b">
         <name>.text:lwIPTimer</name>
         <load_address>0x72f0</load_address>
         <run_address>0x72f0</run_address>
         <size>0x20</size>
         <input_file_ref idref="fl-a"/>
      </object_component>
      <object_component id="oc-808">
         <name>.text:tcp_eff_send_mss</name>
         <load_address>0x7310</load_address>
         <run_address>0x7310</run_address>
         <size>0x20</size>
         <input_file_ref idref="fl-a"/>
      </object_component>
      <object_component id="oc-17c">
         <name>.text:tcp_tmr</name>
         <load_address>0x7330</load_address>
         <run_address>0x7330</run_address>
         <size>0x20</size>
         <input_file_ref idref="fl-a"/>
      </object_component>
      <object_component id="oc-462">
         <name>.text:usprintf</name>
         <load_address>0x7350</load_address>
         <run_address>0x7350</run_address>
         <size>0x20</size>
         <input_file_ref idref="fl-c"/>
      </object_component>
      <object_component id="oc-862">
         <name>.text:EMACAddrGet</name>
         <load_address>0x7370</load_address>
         <run_address>0x7370</run_address>
         <size>0x1e</size>
         <input_file_ref idref="fl-de"/>
      </object_component>
      <object_component id="oc-50f">
         <name>.text:netif_set_down</name>
         <load_address>0x738e</load_address>
         <run_address>0x738e</run_address>
         <size>0x1e</size>
         <input_file_ref idref="fl-a"/>
      </object_component>
      <object_component id="oc-2c1">
         <name>.text:lwIPLocalIPAddrGet</name>
         <load_address>0x73ac</load_address>
         <run_address>0x73ac</run_address>
         <size>0x1c</size>
         <input_file_ref idref="fl-a"/>
      </object_component>
      <object_component id="oc-311">
         <name>.text:netif_set_addr</name>
         <load_address>0x73c8</load_address>
         <run_address>0x73c8</run_address>
         <size>0x1c</size>
         <input_file_ref idref="fl-a"/>
      </object_component>
      <object_component id="oc-39e">
         <name>.text:udp_new</name>
         <load_address>0x73e4</load_address>
         <run_address>0x73e4</run_address>
         <size>0x1c</size>
         <input_file_ref idref="fl-a"/>
      </object_component>
      <object_component id="oc-20e">
         <name>.text:UARTprintf</name>
         <load_address>0x7400</load_address>
         <run_address>0x7400</run_address>
         <size>0x1a</size>
         <input_file_ref idref="fl-b"/>
      </object_component>
      <object_component id="oc-409">
         <name>.text:autoip_network_changed</name>
         <load_address>0x741a</load_address>
         <run_address>0x741a</run_address>
         <size>0x1a</size>
         <input_file_ref idref="fl-a"/>
      </object_component>
      <object_component id="oc-622">
         <name>.text:dhcp_arp_reply</name>
         <load_address>0x7434</load_address>
         <run_address>0x7434</run_address>
         <size>0x1a</size>
         <input_file_ref idref="fl-a"/>
      </object_component>
      <object_component id="oc-581">
         <name>.text:lwip_htonl</name>
         <load_address>0x744e</load_address>
         <run_address>0x744e</run_address>
         <size>0x1a</size>
         <input_file_ref idref="fl-a"/>
      </object_component>
      <object_component id="oc-214">
         <name>.text:GPIOPinTypeGPIOOutput</name>
         <load_address>0x7468</load_address>
         <run_address>0x7468</run_address>
         <size>0x18</size>
         <input_file_ref idref="fl-e0"/>
      </object_component>
      <object_component id="oc-849">
         <name>.text:arp_timer</name>
         <load_address>0x7480</load_address>
         <run_address>0x7480</run_address>
         <size>0x18</size>
         <input_file_ref idref="fl-a"/>
      </object_component>
      <object_component id="oc-85b">
         <name>.text:autoip_timer</name>
         <load_address>0x7498</load_address>
         <run_address>0x7498</run_address>
         <size>0x18</size>
         <input_file_ref idref="fl-a"/>
      </object_component>
      <object_component id="oc-84f">
         <name>.text:dhcp_timer_coarse</name>
         <load_address>0x74b0</load_address>
         <run_address>0x74b0</run_address>
         <size>0x18</size>
         <input_file_ref idref="fl-a"/>
      </object_component>
      <object_component id="oc-855">
         <name>.text:dhcp_timer_fine</name>
         <load_address>0x74c8</load_address>
         <run_address>0x74c8</run_address>
         <size>0x18</size>
         <input_file_ref idref="fl-a"/>
      </object_component>
      <object_component id="oc-454">
         <name>.text:pbuf_pool_is_empty</name>
         <load_address>0x74e0</load_address>
         <run_address>0x74e0</run_address>
         <size>0x18</size>
         <input_file_ref idref="fl-a"/>
      </object_component>
      <object_component id="oc-87">
         <name>.text</name>
         <load_address>0x74f8</load_address>
         <run_address>0x74f8</run_address>
         <size>0x18</size>
         <input_file_ref idref="fl-d9"/>
      </object_component>
      <object_component id="oc-75f">
         <name>.text:tcp_next_iss</name>
         <load_address>0x7510</load_address>
         <run_address>0x7510</run_address>
         <size>0x18</size>
         <input_file_ref idref="fl-a"/>
      </object_component>
      <object_component id="oc-673">
         <name>.text:tcp_seg_free</name>
         <load_address>0x7528</load_address>
         <run_address>0x7528</run_address>
         <size>0x18</size>
         <input_file_ref idref="fl-a"/>
      </object_component>
      <object_component id="oc-570">
         <name>.text:EMACReset</name>
         <load_address>0x7540</load_address>
         <run_address>0x7540</run_address>
         <size>0x16</size>
         <input_file_ref idref="fl-de"/>
      </object_component>
      <object_component id="oc-886">
         <name>.text:EMACRxEnable</name>
         <load_address>0x7556</load_address>
         <run_address>0x7556</run_address>
         <size>0x16</size>
         <input_file_ref idref="fl-de"/>
      </object_component>
      <object_component id="oc-880">
         <name>.text:EMACTxEnable</name>
         <load_address>0x756c</load_address>
         <run_address>0x756c</run_address>
         <size>0x16</size>
         <input_file_ref idref="fl-de"/>
      </object_component>
      <object_component id="oc-6c5">
         <name>.text:dhcp_delete_msg</name>
         <load_address>0x7582</load_address>
         <run_address>0x7582</run_address>
         <size>0x16</size>
         <input_file_ref idref="fl-a"/>
      </object_component>
      <object_component id="oc-2fd">
         <name>.text:dhcp_t1_timeout</name>
         <load_address>0x7598</load_address>
         <run_address>0x7598</run_address>
         <size>0x16</size>
         <input_file_ref idref="fl-a"/>
      </object_component>
      <object_component id="oc-303">
         <name>.text:dhcp_t2_timeout</name>
         <load_address>0x75ae</load_address>
         <run_address>0x75ae</run_address>
         <size>0x16</size>
         <input_file_ref idref="fl-a"/>
      </object_component>
      <object_component id="oc-829">
         <name>.text:pbuf_ref</name>
         <load_address>0x75c4</load_address>
         <run_address>0x75c4</run_address>
         <size>0x16</size>
         <input_file_ref idref="fl-a"/>
      </object_component>
      <object_component id="oc-232">
         <name>.text:FlashUserGet</name>
         <load_address>0x75dc</load_address>
         <run_address>0x75dc</run_address>
         <size>0x14</size>
         <input_file_ref idref="fl-df"/>
      </object_component>
      <object_component id="oc-226">
         <name>.text:SysTickEnable</name>
         <load_address>0x75f0</load_address>
         <run_address>0x75f0</run_address>
         <size>0x14</size>
         <input_file_ref idref="fl-e4"/>
      </object_component>
      <object_component id="oc-22c">
         <name>.text:SysTickIntEnable</name>
         <load_address>0x7604</load_address>
         <run_address>0x7604</run_address>
         <size>0x14</size>
         <input_file_ref idref="fl-e4"/>
      </object_component>
      <object_component id="oc-43">
         <name>.text:SysTickIntHandler</name>
         <load_address>0x7618</load_address>
         <run_address>0x7618</run_address>
         <size>0x14</size>
         <input_file_ref idref="fl-3"/>
      </object_component>
      <object_component id="oc-26d">
         <name>.text</name>
         <load_address>0x762c</load_address>
         <run_address>0x762c</run_address>
         <size>0x14</size>
         <input_file_ref idref="fl-d8"/>
      </object_component>
      <object_component id="oc-41e">
         <name>.text:sys_arch_unprotect</name>
         <load_address>0x7640</load_address>
         <run_address>0x7640</run_address>
         <size>0x14</size>
         <input_file_ref idref="fl-a"/>
      </object_component>
      <object_component id="oc-810">
         <name>.text:tcp_close</name>
         <load_address>0x7654</load_address>
         <run_address>0x7654</run_address>
         <size>0x14</size>
         <input_file_ref idref="fl-a"/>
      </object_component>
      <object_component id="oc-35a">
         <name>.text:GPIOPinTypeEthernetLED</name>
         <load_address>0x7668</load_address>
         <run_address>0x7668</run_address>
         <size>0x12</size>
         <input_file_ref idref="fl-e0"/>
      </object_component>
      <object_component id="oc-6e0">
         <name>.text:dhcp_option_byte</name>
         <load_address>0x767a</load_address>
         <run_address>0x767a</run_address>
         <size>0x12</size>
         <input_file_ref idref="fl-a"/>
      </object_component>
      <object_component id="oc-28e">
         <name>.text:netif_set_link_down</name>
         <load_address>0x768c</load_address>
         <run_address>0x768c</run_address>
         <size>0x12</size>
         <input_file_ref idref="fl-a"/>
      </object_component>
      <object_component id="oc-8b4">
         <name>.text:pbuf_clen</name>
         <load_address>0x769e</load_address>
         <run_address>0x769e</run_address>
         <size>0x12</size>
         <input_file_ref idref="fl-a"/>
      </object_component>
      <object_component id="oc-48d">
         <name>.text:tcp_segs_free</name>
         <load_address>0x76b0</load_address>
         <run_address>0x76b0</run_address>
         <size>0x12</size>
         <input_file_ref idref="fl-a"/>
      </object_component>
      <object_component id="oc-874">
         <name>.text:EMACFrameFilterSet</name>
         <load_address>0x76c4</load_address>
         <run_address>0x76c4</run_address>
         <size>0x10</size>
         <input_file_ref idref="fl-de"/>
      </object_component>
      <object_component id="oc-898">
         <name>.text:IntMasterEnable</name>
         <load_address>0x76d4</load_address>
         <run_address>0x76d4</run_address>
         <size>0x10</size>
         <input_file_ref idref="fl-e1"/>
      </object_component>
      <object_component id="oc-220">
         <name>.text:SysTickPeriodSet</name>
         <load_address>0x76e4</load_address>
         <run_address>0x76e4</run_address>
         <size>0x10</size>
         <input_file_ref idref="fl-e4"/>
      </object_component>
      <object_component id="oc-31d">
         <name>.text:autoip_stop</name>
         <load_address>0x76f4</load_address>
         <run_address>0x76f4</run_address>
         <size>0x10</size>
         <input_file_ref idref="fl-a"/>
      </object_component>
      <object_component id="oc-508">
         <name>.text:dhcp_set_state</name>
         <load_address>0x7704</load_address>
         <run_address>0x7704</run_address>
         <size>0x10</size>
         <input_file_ref idref="fl-a"/>
      </object_component>
      <object_component id="oc-8dc">
         <name>.text:inet_chksum</name>
         <load_address>0x7714</load_address>
         <run_address>0x7714</run_address>
         <size>0x10</size>
         <input_file_ref idref="fl-a"/>
      </object_component>
      <object_component id="oc-57b">
         <name>.text:lwip_init</name>
         <load_address>0x7724</load_address>
         <run_address>0x7724</run_address>
         <size>0x10</size>
         <input_file_ref idref="fl-a"/>
      </object_component>
      <object_component id="oc-77d">
         <name>.text:pbuf_chain</name>
         <load_address>0x7734</load_address>
         <run_address>0x7734</run_address>
         <size>0x10</size>
         <input_file_ref idref="fl-a"/>
      </object_component>
      <object_component id="oc-418">
         <name>.text:sys_arch_protect</name>
         <load_address>0x7744</load_address>
         <run_address>0x7744</run_address>
         <size>0x10</size>
         <input_file_ref idref="fl-a"/>
      </object_component>
      <object_component id="oc-18">
         <name>.text:decompress:none</name>
         <load_address>0x7754</load_address>
         <run_address>0x7754</run_address>
         <size>0xe</size>
         <input_file_ref idref="fl-c9"/>
      </object_component>
      <object_component id="oc-93a">
         <name>.text:CPUcpsie</name>
         <load_address>0x7762</load_address>
         <run_address>0x7762</run_address>
         <size>0xc</size>
         <input_file_ref idref="fl-e5"/>
      </object_component>
      <object_component id="oc-1f6">
         <name>.text:SysCtlMOSCConfigSet</name>
         <load_address>0x7770</load_address>
         <run_address>0x7770</run_address>
         <size>0xc</size>
         <input_file_ref idref="fl-e3"/>
      </object_component>
      <object_component id="oc-79d">
         <name>.text:autoip_restart</name>
         <load_address>0x777c</load_address>
         <run_address>0x777c</run_address>
         <size>0xc</size>
         <input_file_ref idref="fl-a"/>
      </object_component>
      <object_component id="oc-1e">
         <name>.text:decompress:ZI</name>
         <load_address>0x7788</load_address>
         <run_address>0x7788</run_address>
         <size>0xc</size>
         <input_file_ref idref="fl-ca"/>
      </object_component>
      <object_component id="oc-61c">
         <name>.text:lwip_htons</name>
         <load_address>0x7794</load_address>
         <run_address>0x7794</run_address>
         <size>0xc</size>
         <input_file_ref idref="fl-a"/>
      </object_component>
      <object_component id="oc-58d">
         <name>.text:netif_set_default</name>
         <load_address>0x77a0</load_address>
         <run_address>0x77a0</run_address>
         <size>0xc</size>
         <input_file_ref idref="fl-a"/>
      </object_component>
      <object_component id="oc-4b6">
         <name>.text:netif_set_gw</name>
         <load_address>0x77ac</load_address>
         <run_address>0x77ac</run_address>
         <size>0xc</size>
         <input_file_ref idref="fl-a"/>
      </object_component>
      <object_component id="oc-4b0">
         <name>.text:netif_set_netmask</name>
         <load_address>0x77b8</load_address>
         <run_address>0x77b8</run_address>
         <size>0xc</size>
         <input_file_ref idref="fl-a"/>
      </object_component>
      <object_component id="oc-843">
         <name>.text:sys_now</name>
         <load_address>0x77c4</load_address>
         <run_address>0x77c4</run_address>
         <size>0xc</size>
         <input_file_ref idref="fl-a"/>
      </object_component>
      <object_component id="oc-ab">
         <name>.text:EMACPowerManagementStatusGet</name>
         <load_address>0x77d0</load_address>
         <run_address>0x77d0</run_address>
         <size>0x8</size>
         <input_file_ref idref="fl-de"/>
      </object_component>
      <object_component id="oc-8ba">
         <name>.text:EMACTxDMAPollDemand</name>
         <load_address>0x77d8</load_address>
         <run_address>0x77d8</run_address>
         <size>0x8</size>
         <input_file_ref idref="fl-de"/>
      </object_component>
      <object_component id="oc-5f3">
         <name>.text:echo_error</name>
         <load_address>0x77e0</load_address>
         <run_address>0x77e0</run_address>
         <size>0x8</size>
         <input_file_ref idref="fl-3"/>
      </object_component>
      <object_component id="oc-63c">
         <name>.text:icmp_dest_unreach</name>
         <load_address>0x77e8</load_address>
         <run_address>0x77e8</run_address>
         <size>0x8</size>
         <input_file_ref idref="fl-a"/>
      </object_component>
      <object_component id="oc-921">
         <name>.text:EMACRxDMADescriptorListSet</name>
         <load_address>0x77f0</load_address>
         <run_address>0x77f0</run_address>
         <size>0x6</size>
         <input_file_ref idref="fl-de"/>
      </object_component>
      <object_component id="oc-b1">
         <name>.text:EMACTimestampIntStatus</name>
         <load_address>0x77f6</load_address>
         <run_address>0x77f6</run_address>
         <size>0x6</size>
         <input_file_ref idref="fl-de"/>
      </object_component>
      <object_component id="oc-927">
         <name>.text:EMACTxDMADescriptorListSet</name>
         <load_address>0x77fc</load_address>
         <run_address>0x77fc</run_address>
         <size>0x6</size>
         <input_file_ref idref="fl-de"/>
      </object_component>
      <object_component id="oc-25c">
         <name>.text:GPIOPinRead</name>
         <load_address>0x7802</load_address>
         <run_address>0x7802</run_address>
         <size>0x6</size>
         <input_file_ref idref="fl-e0"/>
[...]
         <object_component_ref idref="oc-7e6"/>
      </symbol>
      <symbol id="sm-e89">
         <name>ip_output</name>
         <value>0x66b9</value>
         <object_component_ref idref="oc-68f"/>
      </symbol>
      <symbol id="sm-e8a">
         <name>autoip_network_changed</name>
         <value>0x741b</value>
         <object_component_ref idref="oc-409"/>
      </symbol>
      <symbol id="sm-e8b">
         <name>pbuf_copy</name>
         <value>0x49e1</value>
         <object_component_ref idref="oc-7ec"/>
      </symbol>
      <symbol id="sm-e8c">
         <name>tcp_segs_free</name>
         <value>0x76b1</value>
         <object_component_ref idref="oc-48d"/>
      </symbol>
      <symbol id="sm-e8d">
         <name>tcp_close</name>
         <value>0x7655</value>
         <object_component_ref idref="oc-810"/>
      </symbol>
      <symbol id="sm-e8e">
         <name>tivaif_interrupt</name>
         <value>0x6545</value>
         <object_component_ref idref="oc-b7"/>
      </symbol>
      <symbol id="sm-e8f">
         <name>ethzero</name>
         <value>0x7c2d</value>
         <object_component_ref idref="oc-4c9"/>
      </symbol>
      <symbol id="sm-e90">
         <name>lwIPTimer</name>
         <value>0x72f1</value>
         <object_component_ref idref="oc-9b"/>
      </symbol>
      <symbol id="sm-e91">
         <name>tcp_update_rcv_ann_wnd</name>
         <value>0x6ea5</value>
         <object_component_ref idref="oc-8cf"/>
      </symbol>
      <symbol id="sm-e92">
         <name>tcp_new</name>
         <value>0x782d</value>
         <object_component_ref idref="oc-3c0"/>
      </symbol>
      <symbol id="sm-e93">
         <name>ethbroadcast</name>
         <value>0x7c27</value>
         <object_component_ref idref="oc-44a"/>
      </symbol>
      <symbol id="sm-e94">
         <name>lwip_init</name>
         <value>0x7725</value>
         <object_component_ref idref="oc-57b"/>
      </symbol>
      <symbol id="sm-e95">
         <name>lwIPEthernetIntHandler</name>
         <value>0x4ea5</value>
         <object_component_ref idref="oc-49"/>
      </symbol>
      <symbol id="sm-e96">
         <name>tcp_tmr</name>
         <value>0x7331</value>
         <object_component_ref idref="oc-17c"/>
      </symbol>
      <symbol id="sm-e97">
         <name>autoip_tmr</name>
         <value>0x3af5</value>
         <object_component_ref idref="oc-182"/>
      </symbol>
      <symbol id="sm-e98">
         <name>tcp_eff_send_mss</name>
         <value>0x7311</value>
         <object_component_ref idref="oc-808"/>
      </symbol>
      <symbol id="sm-e99">
         <name>tcp_process_refused_data</name>
         <value>0x5ac9</value>
         <object_component_ref idref="oc-472"/>
      </symbol>
      <symbol id="sm-e9a">
         <name>tcp_listen_with_backlog</name>
         <value>0x48ad</value>
         <object_component_ref idref="oc-3cc"/>
      </symbol>
      <symbol id="sm-e9b">
         <name>udp_remove</name>
         <value>0x6ed5</value>
         <object_component_ref idref="oc-502"/>
      </symbol>
      <symbol id="sm-e9c">
         <name>udp_connect</name>
         <value>0x6591</value>
         <object_component_ref idref="oc-516"/>
      </symbol>
      <symbol id="sm-e9d">
         <name>dhcp_arp_reply</name>
         <value>0x7435</value>
         <object_component_ref idref="oc-622"/>
      </symbol>
      <symbol id="sm-e9e">
         <name>netif_add</name>
         <value>0x6041</value>
         <object_component_ref idref="oc-587"/>
      </symbol>
      <symbol id="sm-e9f">
         <name>tcp_seg_copy</name>
         <value>0x7209</value>
         <object_component_ref idref="oc-966"/>
      </symbol>
      <symbol id="sm-ea0">
         <name>netif_set_default</name>
         <value>0x77a1</value>
         <object_component_ref idref="oc-58d"/>
      </symbol>
      <symbol id="sm-ea1">
         <name>tcp_accept</name>
         <value>0x7843</value>
         <object_component_ref idref="oc-3d2"/>
      </symbol>
      <symbol id="sm-ea2">
         <name>sys_now</name>
         <value>0x77c5</value>
         <object_component_ref idref="oc-843"/>
      </symbol>
      <symbol id="sm-ea3">
         <name>ip_route</name>
         <value>0x6285</value>
         <object_component_ref idref="oc-74c"/>
      </symbol>
      <symbol id="sm-ea4">
         <name>tcp_pcb_remove</name>
         <value>0x5d81</value>
         <object_component_ref idref="oc-7dc"/>
      </symbol>
      <symbol id="sm-ea5">
         <name>g_RxDescList</name>
         <value>0x20018324</value>
         <object_component_ref idref="oc-8a2"/>
      </symbol>
      <symbol id="sm-ea6">
         <name>g_TxDescList</name>
         <value>0x20018334</value>
         <object_component_ref idref="oc-89f"/>
      </symbol>
      <symbol id="sm-ea7">
         <name>sys_timeout</name>
         <value>0x59f9</value>
         <object_component_ref idref="oc-763"/>
      </symbol>
      <symbol id="sm-ea8">
         <name>etharp_tmr</name>
         <value>0x6971</value>
         <object_component_ref idref="oc-176"/>
      </symbol>
      <symbol id="sm-ea9">
         <name>tcp_abort</name>
         <value>0x781b</value>
         <object_component_ref idref="oc-69e"/>
      </symbol>
      <symbol id="sm-eaa">
         <name>mem_trim</name>
         <value>0x3851</value>
         <object_component_ref idref="oc-7b9"/>
      </symbol>
      <symbol id="sm-eab">
         <name>dhcp_renew</name>
         <value>0x4e25</value>
         <object_component_ref idref="oc-4ce"/>
      </symbol>
      <symbol id="sm-eac">
         <name>tcp_setprio</name>
         <value>0x784b</value>
         <object_component_ref idref="oc-5d5"/>
      </symbol>
      <symbol id="sm-f1a">
         <name>UARTStdioConfig</name>
         <value>0x5cc5</value>
         <object_component_ref idref="oc-208"/>
      </symbol>
      <symbol id="sm-f1b">
         <name>UARTwrite</name>
         <value>0x6629</value>
         <object_component_ref idref="oc-550"/>
      </symbol>
      <symbol id="sm-f1c">
         <name>UARTprintf</name>
         <value>0x7401</value>
         <object_component_ref idref="oc-20e"/>
      </symbol>
      <symbol id="sm-f1d">
         <name>UARTvprintf</name>
         <value>0x1f65</value>
         <object_component_ref idref="oc-370"/>
      </symbol>
      <symbol id="sm-f65">
         <name>uvsnprintf</name>
         <value>0x16d5</value>
         <object_component_ref idref="oc-65f"/>
      </symbol>
      <symbol id="sm-f66">
         <name>ustrncpy</name>
         <value>0x708f</value>
         <object_component_ref idref="oc-7f9"/>
      </symbol>
      <symbol id="sm-f67">
         <name>usprintf</name>
         <value>0x7351</value>
         <object_component_ref idref="oc-462"/>
      </symbol>
      <symbol id="sm-f78">
         <name>_c_int00</name>
         <value>0x6095</value>
         <object_component_ref idref="oc-24"/>
      </symbol>
      <symbol id="sm-f79">
         <name>__stack</name>
         <value>0x20017aec</value>
         <object_component_ref idref="oc-2a"/>
      </symbol>
      <symbol id="sm-f97">
         <name>__TI_decompress_lzss</name>
         <value>0x57f1</value>
         <object_component_ref idref="oc-12"/>
      </symbol>
      <symbol id="sm-fae">
         <name>__TI_decompress_none</name>
         <value>0x7755</value>
         <object_component_ref idref="oc-18"/>
      </symbol>
      <symbol id="sm-fc0">
         <name>__TI_zero_init</name>
         <value>0x7789</value>
         <object_component_ref idref="oc-1e"/>
      </symbol>
      <symbol id="sm-fe1">
         <name>C$$EXIT</name>
         <value>0x60e9</value>
         <object_component_ref idref="oc-8d"/>
      </symbol>
      <symbol id="sm-fe2">
         <name>abort</name>
         <value>0x60ed</value>
         <object_component_ref idref="oc-8d"/>
      </symbol>
      <symbol id="sm-fe3">
         <name>exit</name>
         <value>0x60f5</value>
         <object_component_ref idref="oc-8d"/>
      </symbol>
      <symbol id="sm-fe4">
         <name>__TI_dtors_ptr</name>
         <value>0x20018348</value>
         <object_component_ref idref="oc-ff"/>
      </symbol>
      <symbol id="sm-fe5">
         <name>__TI_cleanup_ptr</name>
         <value>0x20018344</value>
         <object_component_ref idref="oc-ff"/>
      </symbol>
      <symbol id="sm-fe6">
         <name>__TI_enable_exit_profile_output</name>
         <value>0x2001834c</value>
         <object_component_ref idref="oc-ff"/>
      </symbol>
      <symbol id="sm-ff6">
         <name>memcmp</name>
         <value>0x71e5</value>
         <object_component_ref idref="oc-432"/>
      </symbol>
      <symbol id="sm-1011">
         <name>memcpy</name>
         <value>0x4811</value>
         <object_component_ref idref="oc-5d"/>
      </symbol>
      <symbol id="sm-1012">
         <name>__aeabi_memcpy</name>
         <value>0x4811</value>
         <object_component_ref idref="oc-5d"/>
      </symbol>
      <symbol id="sm-1013">
         <name>__aeabi_memcpy8</name>
         <value>0x4811</value>
         <object_component_ref idref="oc-5d"/>
      </symbol>
      <symbol id="sm-1014">
         <name>__aeabi_memcpy4</name>
         <value>0x4811</value>
         <object_component_ref idref="oc-5d"/>
      </symbol>
      <symbol id="sm-1023">
         <name>__aeabi_memset</name>
         <value>0x530f</value>
         <object_component_ref idref="oc-69"/>
      </symbol>
      <symbol id="sm-1024">
         <name>memset</name>
         <value>0x5315</value>
         <object_component_ref idref="oc-69"/>
      </symbol>
      <symbol id="sm-1025">
         <name>__aeabi_memset8</name>
         <value>0x530f</value>
         <object_component_ref idref="oc-69"/>
      </symbol>
      <symbol id="sm-1026">
         <name>__aeabi_memset4</name>
         <value>0x530f</value>
         <object_component_ref idref="oc-69"/>
      </symbol>
      <symbol id="sm-1027">
         <name>__aeabi_memclr8</name>
         <value>0x530d</value>
         <object_component_ref idref="oc-69"/>
      </symbol>
      <symbol id="sm-1028">
         <name>__aeabi_memclr4</name>
         <value>0x530d</value>
         <object_component_ref idref="oc-69"/>
      </symbol>
      <symbol id="sm-1029">
         <name>__aeabi_memclr</name>
         <value>0x530d</value>
         <object_component_ref idref="oc-69"/>
      </symbol>
      <symbol id="sm-1033">
         <name>__mpu_init</name>
         <value>0x5387</value>
         <object_component_ref idref="oc-75"/>
      </symbol>
      <symbol id="sm-103d">
         <name>_system_pre_init</name>
         <value>0x783f</value>
         <object_component_ref idref="oc-7b"/>
      </symbol>
      <symbol id="sm-1045">
         <name>main_func_sp</name>
         <value>0x20018370</value>
         <object_component_ref idref="oc-93"/>
      </symbol>
      <symbol id="sm-1059">
         <name>__aeabi_uidivmod</name>
         <value>0x69b1</value>
         <object_component_ref idref="oc-556"/>
      </symbol>
      <symbol id="sm-105a">
         <name>__aeabi_uidiv</name>
         <value>0x69b1</value>
         <object_component_ref idref="oc-556"/>
      </symbol>
      <symbol id="sm-1073">
         <name>_nop</name>
         <value>0x763b</value>
         <object_component_ref idref="oc-26d"/>
      </symbol>
      <symbol id="sm-1074">
         <name>_lock</name>
         <value>0x2001835c</value>
         <object_component_ref idref="oc-102"/>
      </symbol>
      <symbol id="sm-1075">
         <name>_unlock</name>
         <value>0x20018360</value>
         <object_component_ref idref="oc-102"/>
      </symbol>
      <symbol id="sm-1076">
         <name>_register_lock</name>
         <value>0x7633</value>
         <object_component_ref idref="oc-26d"/>
      </symbol>
      <symbol id="sm-1077">
         <name>_register_unlock</name>
         <value>0x762d</value>
         <object_component_ref idref="oc-26d"/>
      </symbol>
      <symbol id="sm-108b">
         <name>_args_main</name>
         <value>0x74f9</value>
         <object_component_ref idref="oc-87"/>
      </symbol>
      <symbol id="sm-10b5">
         <name>__TI_auto_init</name>
         <value>0x55d1</value>
         <object_component_ref idref="oc-81"/>
      </symbol>
      <symbol id="sm-10cf">
         <name>copy_in</name>
         <value>0x64f9</value>
         <object_component_ref idref="oc-e9"/>
      </symbol>
      <symbol id="sm-10d9">
         <name>__aeabi_idiv0</name>
         <value>0x4da3</value>
         <object_component_ref idref="oc-712"/>
      </symbol>
      <symbol id="sm-10e3">
         <name>_system_post_cinit</name>
         <value>0x5cc3</value>
         <object_component_ref idref="oc-ef"/>
      </symbol>
      <symbol id="sm-11ac">
         <name>EMACConfigSet</name>
         <value>0x6ae1</value>
         <object_component_ref idref="oc-2a0"/>
      </symbol>
      <symbol id="sm-11ad">
         <name>EMACTxEnable</name>
         <value>0x756d</value>
         <object_component_ref idref="oc-880"/>
      </symbol>
      <symbol id="sm-11ae">
         <name>EMACRxDMADescriptorListSet</name>
         <value>0x77f1</value>
         <object_component_ref idref="oc-921"/>
      </symbol>
      <symbol id="sm-11af">
         <name>EMACPHYConfigSet</name>
         <value>0x5e39</value>
         <object_component_ref idref="oc-38b"/>
      </symbol>
      <symbol id="sm-11b0">
         <name>EMACPHYRead</name>
         <value>0x70e1</value>
         <object_component_ref idref="oc-288"/>
      </symbol>
      <symbol id="sm-11b1">
         <name>EMACTimestampIntStatus</name>
         <value>0x77f7</value>
         <object_component_ref idref="oc-b1"/>
      </symbol>
      <symbol id="sm-11b2">
         <name>EMACRxEnable</name>
         <value>0x7557</value>
         <object_component_ref idref="oc-886"/>
      </symbol>
      <symbol id="sm-11b3">
         <name>EMACPowerManagementStatusGet</name>
         <value>0x77d1</value>
         <object_component_ref idref="oc-ab"/>
      </symbol>
      <symbol id="sm-11b4">
         <name>EMACIntClear</name>
         <value>0x6d0d</value>
         <object_component_ref idref="oc-87a"/>
      </symbol>
      <symbol id="sm-11b5">
         <name>EMACConfigGet</name>
         <value>0x6cd9</value>
         <object_component_ref idref="oc-29a"/>
      </symbol>
      <symbol id="sm-11b6">
         <name>EMACInit</name>
         <value>0x5389</value>
         <object_component_ref idref="oc-391"/>
      </symbol>
      <symbol id="sm-11b7">
         <name>EMACIntEnable</name>
         <value>0x6a6d</value>
         <object_component_ref idref="oc-88c"/>
      </symbol>
      <symbol id="sm-11b8">
         <name>EMACPHYWrite</name>
         <value>0x7107</value>
         <object_component_ref idref="oc-86e"/>
      </symbol>
      <symbol id="sm-11b9">
         <name>EMACReset</name>
         <value>0x7541</value>
         <object_component_ref idref="oc-570"/>
      </symbol>
      <symbol id="sm-11ba">
         <name>EMACFrameFilterSet</name>
         <value>0x76c5</value>
         <object_component_ref idref="oc-874"/>
      </symbol>
      <symbol id="sm-11bb">
         <name>EMACTxDMAPollDemand</name>
         <value>0x77d9</value>
         <object_component_ref idref="oc-8ba"/>
      </symbol>
      <symbol id="sm-11bc">
         <name>EMACAddrGet</name>
         <value>0x7371</value>
         <object_component_ref idref="oc-862"/>
      </symbol>
      <symbol id="sm-11bd">
         <name>EMACTxDMADescriptorListSet</name>
         <value>0x77fd</value>
         <object_component_ref idref="oc-927"/>
      </symbol>
      <symbol id="sm-11be">
         <name>EMACIntStatus</name>
         <value>0x6f33</value>
         <object_component_ref idref="oc-a5"/>
      </symbol>
      <symbol id="sm-11cd">
         <name>FlashUserGet</name>
         <value>0x75dd</value>
         <object_component_ref idref="oc-232"/>
      </symbol>
      <symbol id="sm-1204">
         <name>GPIOPinTypeGPIOOutput</name>
         <value>0x7469</value>
         <object_component_ref idref="oc-214"/>
      </symbol>
      <symbol id="sm-1205">
         <name>GPIOPinRead</name>
         <value>0x7803</value>
         <object_component_ref idref="oc-25c"/>
      </symbol>
      <symbol id="sm-1206">
         <name>GPIODirModeSet</name>
         <value>0x7011</value>
         <object_component_ref idref="oc-37c"/>
      </symbol>
      <symbol id="sm-1207">
         <name>GPIOPinWrite</name>
         <value>0x7809</value>
         <object_component_ref idref="oc-21a"/>
      </symbol>
      <symbol id="sm-1208">
         <name>GPIOPadConfigSet</name>
         <value>0x2fd7</value>
         <object_component_ref idref="oc-354"/>
      </symbol>
      <symbol id="sm-1209">
         <name>GPIOPinTypeEthernetLED</name>
         <value>0x7669</value>
         <object_component_ref idref="oc-35a"/>
      </symbol>
      <symbol id="sm-124a">
         <name>IntPrioritySet</name>
         <value>0x7179</value>
         <object_component_ref idref="oc-256"/>
      </symbol>
      <symbol id="sm-124b">
         <name>IntEnable</name>
         <value>0x5789</value>
         <object_component_ref idref="oc-892"/>
      </symbol>
      <symbol id="sm-124c">
         <name>IntMasterEnable</name>
         <value>0x76d5</value>
         <object_component_ref idref="oc-898"/>
      </symbol>
      <symbol id="sm-12d5">
         <name>SysCtlDelay</name>
         <value>0x7815</value>
         <object_component_ref idref="oc-56f"/>
      </symbol>
      <symbol id="sm-12d6">
         <name>SysCtlMOSCConfigSet</name>
         <value>0x7771</value>
         <object_component_ref idref="oc-1f6"/>
      </symbol>
      <symbol id="sm-12d7">
         <name>SysCtlPeripheralReady</name>
         <value>0x6b51</value>
         <object_component_ref idref="oc-569"/>
      </symbol>
      <symbol id="sm-12d8">
         <name>SysCtlClockFreqSet</name>
         <value>0x1d65</value>
         <object_component_ref idref="oc-1fc"/>
      </symbol>
      <symbol id="sm-12d9">
         <name>SysCtlPeripheralReset</name>
         <value>0x6235</value>
         <object_component_ref idref="oc-563"/>
      </symbol>
      <symbol id="sm-12fc">
         <name>SysTickEnable</name>
         <value>0x75f1</value>
         <object_component_ref idref="oc-226"/>
      </symbol>
      <symbol id="sm-12fd">
         <name>SysTickIntEnable</name>
         <value>0x7605</value>
         <object_component_ref idref="oc-22c"/>
      </symbol>
      <symbol id="sm-12fe">
         <name>SysTickPeriodSet</name>
         <value>0x76e5</value>
         <object_component_ref idref="oc-220"/>
      </symbol>
      <symbol id="sm-1308">
         <name>CPUcpsie</name>
         <value>0x7763</value>
         <object_component_ref idref="oc-93a"/>
      </symbol>
      <symbol id="sm-1309">
         <name>__TI_static_base__</name>
         <value>0x0</value>
      </symbol>
      <symbol id="sm-130c">
         <name>SHT$$INIT_ARRAY$$Limit</name>
         <value>0x0</value>
      </symbol>
      <symbol id="sm-130d">
         <name>SHT$$INIT_ARRAY$$Base</name>
         <value>0x0</value>
      </symbol>
   </symbol_table>
   <title>Link successful</title>
</link_info>
