******************************************************************************
                  TI ARM Linker PC v16.9.4                     
******************************************************************************
>> Linked Mon Dec 11 16:03:20 2017

OUTPUT FILE NAME:   <lwip_sockets.out>
ENTRY POINT SYMBOL: "_c_int00"  address: 00006999


MEMORY CONFIGURATION

         name            origin    length      used     unused   attr    fill
----------------------  --------  ---------  --------  --------  ----  --------
  FLASH                 00000000   00100000  00008738  000f78c8  R  X
  SRAM                  20000000   00040000  000184f7  00027b09  RW X


SEGMENT ALLOCATION MAP

run origin  load origin   length   init length attrs members
----------  ----------- ---------- ----------- ----- -------
00000000    00000000    00008738   00008738    r-x
  00000000    00000000    00000200   00000200    r-- .intvecs
  00000200    00000200    00007fdc   00007fdc    r-x .text
  000081dc    000081dc    000004e4   000004e4    r-- .const
  000086c0    000086c0    00000078   00000078    r-- .cinit
20000000    20000000    000184f8   00000000    rw-
  20000000    20000000    00017c3f   00000000    rw- .bss
  20017c40    20017c40    00000800   00000000    rw- .stack
  20018440    20018440    000000b8   00000000    rw- .data


SECTION ALLOCATION MAP

 output                                  attributes/
section   page    origin      length       input sections
--------  ----  ----------  ----------   ----------------
.intvecs   0    00000000    00000200     
                  00000000    00000200     startup_ccs.obj (.intvecs)

.text      0    00000200    00007fdc     
                  00000200    000007c0     lwiplib.obj (.text:tcp_receive)
                  000009c0    000003b0     lwiplib.obj (.text:tcp_input)
                  00000d70    000003b0     lwiplib.obj (.text:tcp_process)
                  00001120    000002ec     lwiplib.obj (.text:tcp_write)
                  0000140c    000002c8     lwiplib.obj (.text:tcp_slowtmr)
                  000016d4    000002b0     enet_lwip.obj (.text:echo_recv)
                  00001984    000002a0     rtsv7M4_T_le_v4SPD16_eabi.lib : mktime.obj (.text)
                  00001c24    0000024d     ustdlib.obj (.text:uvsnprintf)
                  00001e71    00000001     --HOLE-- [fill = 0]
                  00001e72    00000002     startup_ccs.obj (.text:FaultISR)
                  00001e74    00000228     lwiplib.obj (.text:dhcp_parse_reply)
                  0000209c    0000021e     rtsv7M4_T_le_v4SPD16_eabi.lib : ll_div_t2.obj (.text)
                  000022ba    00000002     startup_ccs.obj (.text:IntDefaultHandler)
                  000022bc    00000218     pinout.obj (.text:PinoutSet)
                  000024d4    00000200     driverlib.lib : sysctl.obj (.text:SysCtlClockFreqSet)
                  000026d4    000001ea     uartstdio.obj (.text:UARTvprintf)
                  000028be    00000002     startup_ccs.obj (.text:NmiSR)
                  000028c0    000001dc     lwiplib.obj (.text:ip_input)
                  00002a9c    000001c4     lwiplib.obj (.text:udp_input)
                  00002c60    00000198     enet_lwip.obj (.text:main)
                  00002df8    00000190     lwiplib.obj (.text:tcp_output)
                  00002f88    00000184     lwiplib.obj (.text:icmp_input)
                  0000310c    00000150     lwiplib.obj (.text:etharp_arp_input)
                  0000325c    00000148     lwiplib.obj (.text:tcp_close_shutdown)
                  000033a4    00000140     lwiplib.obj (.text:tivaif_receive)
                  000034e4    0000013a     lwiplib.obj (.text:pbuf_alloc)
                  0000361e    00000002     rtsv7M4_T_le_v4SPD16_eabi.lib : i_div0.obj (.text)
                  00003620    00000138                                   : localtim.obj (.text)
                  00003758    00000132     driverlib.lib : gpio.obj (.text:GPIOPadConfigSet)
                  0000388a    00000002     rtsv7M4_T_le_v4SPD16_eabi.lib : l_div0.obj (.text)
                  0000388c    00000124     lwiplib.obj (.text:dhcp_create_msg)
                  000039b0    0000011c     lwiplib.obj (.text:etharp_output)
                  00003acc    00000114     lwiplib.obj (.text:etharp_query)
                  00003be0    00000114     lwiplib.obj (.text:tcp_listen_input)
                  00003cf4    00000100     lwiplib.obj (.text:tivaif_transmit)
                  00003df4    000000f8     lwiplib.obj (.text:mem_malloc)
                  00003eec    000000e8     lwiplib.obj (.text:lwIPInit)
                  00003fd4    000000e8     lwiplib.obj (.text:mem_trim)
                  000040bc    000000e0     lwiplib.obj (.text:etharp_find_entry)
                  0000419c    000000dc     lwiplib.obj (.text:etharp_raw)
                  00004278    000000d4     lwiplib.obj (.text:autoip_tmr)
                  0000434c    000000d0     lwiplib.obj (.text:tcp_alloc)
                  0000441c    000000cc     lwiplib.obj (.text:dhcp_recv)
                  000044e8    000000cc     lwiplib.obj (.text:dhcp_select)
                  000045b4    000000c8     lwiplib.obj (.text:dhcp_bind)
                  0000467c    000000c8     lwiplib.obj (.text:udp_sendto_if)
                  00004744    000000c4     lwiplib.obj (.text:InitDMADescriptors)
                  00004808    000000c0     lwiplib.obj (.text:tcp_output_segment)
                  000048c8    000000bc     lwiplib.obj (.text:dhcp_discover)
                  00004984    000000bc     lwiplib.obj (.text:tivaif_hwinit)
                  00004a40    000000b8     lwiplib.obj (.text:tcp_create_segment)
                  00004af8    000000b0     lwiplib.obj (.text:lwIPServiceTimers)
                  00004ba8    000000ac     lwiplib.obj (.text:ethernet_input)
                  00004c54    000000a8     lwiplib.obj (.text:dhcp_start)
                  00004cfc    000000a8     enet_lwip.obj (.text:lwIPHostTimerHandler)
                  00004da4    000000a8     lwiplib.obj (.text:tcp_enqueue_flags)
                  00004e4c    000000a4     lwiplib.obj (.text:dhcp_release)
                  00004ef0    000000a4     lwiplib.obj (.text:ip_output_if)
                  00004f94    000000a4     rtsv7M4_T_le_v4SPD16_eabi.lib : asctime.obj (.text)
                  00005038    0000009c                                   : memcpy_t2.obj (.text)
                  000050d4    0000009c     lwiplib.obj (.text:tcp_listen_with_backlog)
                  00005170    00000098     lwiplib.obj (.text:dhcp_reboot)
                  00005208    00000098     rtsv7M4_T_le_v4SPD16_eabi.lib : hosttime.obj (.text)
                  000052a0    00000092     lwiplib.obj (.text:pbuf_copy)
                  00005332    00000002     rtsv7M4_T_le_v4SPD16_eabi.lib : mpu_init.obj (.text)
                  00005334    00000090     lwiplib.obj (.text:tcp_abandon)
                  000053c4    0000008c     lwiplib.obj (.text:tcp_zero_window_probe)
                  00005450    00000088     locator.obj (.text:LocatorReceive)
                  000054d8    00000084     lwiplib.obj (.text:lwIPLinkDetect)
                  0000555c    00000084     lwiplib.obj (.text:tcp_timewait_input)
                  000055e0    00000082     lwiplib.obj (.text:autoip_arp_reply)
                  00005662    00000002     rtsv7M4_T_le_v4SPD16_eabi.lib : startup.obj (.text)
                  00005664    00000080     lwiplib.obj (.text:dhcp_rebind)
                  000056e4    00000080     lwiplib.obj (.text:dhcp_renew)
                  00005764    00000080     lwiplib.obj (.text:lwIPEthernetIntHandler)
                  000057e4    00000080     lwiplib.obj (.text:lwIPPrivateInit)
                  00005864    00000080     lwiplib.obj (.text:tcp_parseopt)
                  000058e4    0000007c     lwiplib.obj (.text:dhcp_handle_ack)
                  00005960    0000007c     lwiplib.obj (.text:dhcp_timeout)
                  000059dc    0000007c     lwiplib.obj (.text:tcp_bind)
                  00005a58    0000007c     lwiplib.obj (.text:tcp_rst)
                  00005ad4    0000007c     lwiplib.obj (.text:tivaif_process_phy_interrupt)
                  00005b50    0000007a     rtsv7M4_T_le_v4SPD16_eabi.lib : memset_t2.obj (.text)
                  00005bca    00000002     --HOLE-- [fill = 0]
                  00005bcc    00000078     driverlib.lib : emac.obj (.text:EMACInit)
                  00005c44    00000078     lwiplib.obj (.text:tcp_oos_insert_segment)
                  00005cbc    00000074     lwiplib.obj (.text:etharp_update_arp_entry)
                  00005d30    00000074     lwiplib.obj (.text:raw_input)
                  00005da4    00000070     enet_lwip.obj (.text:echo_init)
                  00005e14    00000070     rtsv7M4_T_le_v4SPD16_eabi.lib : autoinit.obj (.text)
                  00005e84    00000070     lwiplib.obj (.text:tcp_fasttmr)
                  00005ef4    0000006c     lwiplib.obj (.text:icmp_send_response)
                  00005f60    0000006c     lwiplib.obj (.text:memp_init)
                  00005fcc    00000068     driverlib.lib : interrupt.obj (.text:IntEnable)
                  00006034    00000068     rtsv7M4_T_le_v4SPD16_eabi.lib : copy_decompress_lzss.obj (.text:decompress:lzss)
                  0000609c    00000068     lwiplib.obj (.text:dhcp_decline)
                  00006104    00000068     lwiplib.obj (.text:lwip_standard_chksum)
                  0000616c    00000068     lwiplib.obj (.text:netif_set_ipaddr)
                  000061d4    00000068     lwiplib.obj (.text:pbuf_copy_partial)
                  0000623c    00000068     rtsv7M4_T_le_v4SPD16_eabi.lib : trgmsg.obj (.text)
                  000062a4    00000068     lwiplib.obj (.text:sys_timeout)
                  0000630c    00000068     lwiplib.obj (.text:tcp_output_alloc_header)
                  00006374    00000068     lwiplib.obj (.text:tcp_process_refused_data)
                  000063dc    00000068     lwiplib.obj (.text:udp_bind)
                  00006444    00000064     lwiplib.obj (.text:mem_free)
                  000064a8    00000064     lwiplib.obj (.text:plug_holes)
                  0000650c    00000062     lwiplib.obj (.text:pbuf_header)
                  0000656e    00000002     --HOLE-- [fill = 0]
                  00006570    00000060     uartstdio.obj (.text:UARTStdioConfig)
                  000065d0    0000005c     lwiplib.obj (.text:mem_init)
                  0000662c    0000005c     lwiplib.obj (.text:tcp_pcb_remove)
                  00006688    0000005a     lwiplib.obj (.text:pbuf_realloc)
                  000066e2    00000002     --HOLE-- [fill = 0]
                  000066e4    00000058     driverlib.lib : emac.obj (.text:EMACPHYConfigSet)
                  0000673c    00000058     lwiplib.obj (.text:autoip_start)
                  00006794    00000058     enet_lwip.obj (.text:echo_send)
                  000067ec    00000058     lwiplib.obj (.text:memp_malloc)
                  00006844    00000056     lwiplib.obj (.text:tcp_rexmit)
                  0000689a    00000002     --HOLE-- [fill = 0]
                  0000689c    00000054     locator.obj (.text:LocatorInit)
                  000068f0    00000054     lwiplib.obj (.text:autoip_create_addr)
                  00006944    00000054     lwiplib.obj (.text:netif_add)
                  00006998    00000054     rtsv7M4_T_le_v4SPD16_eabi.lib : boot.obj (.text)
                  000069ec    00000054                                   : exit.obj (.text)
                  00006a40    00000054     lwiplib.obj (.text:tcp_new_port)
                  00006a94    00000052     lwiplib.obj (.text:tcp_pbuf_prealloc)
                  00006ae6    00000052     lwiplib.obj (.text:tivaif_process_transmit)
                  00006b38    00000050     driverlib.lib : sysctl.obj (.text:SysCtlPeripheralReset)
                  00006b88    00000050     lwiplib.obj (.text:ip_route)
                  00006bd8    00000050     rtsv7M4_T_le_v4SPD16_eabi.lib : _tvaltostr.obj (.text)
                  00006c28    00000050     lwiplib.obj (.text:sys_timeouts_init)
                  00006c78    00000050     lwiplib.obj (.text:tcp_write_checks)
                  00006cc8    0000004e     lwiplib.obj (.text:autoip_start_probing)
                  00006d16    0000004e     lwiplib.obj (.text:inet_chksum_pbuf)
                  00006d64    0000004e     lwiplib.obj (.text:pbuf_free)
                  00006db2    00000002     --HOLE-- [fill = 0]
                  00006db4    0000004c     enet_lwip.obj (.text:echo_accept)
                  00006e00    0000004c     lwiplib.obj (.text:etharp_output_to_arp_index)
                  00006e4c    0000004c     rtsv7M4_T_le_v4SPD16_eabi.lib : cpy_tbl.obj (.text)
                  00006e98    0000004c     lwiplib.obj (.text:tivaif_interrupt)
                  00006ee4    0000004c     lwiplib.obj (.text:udp_connect)
                  00006f30    0000004c     lwiplib.obj (.text:udp_new_port)
                  00006f7c    00000048     uartstdio.obj (.text:UARTwrite)
                  00006fc4    00000048     driverlib.lib : sysctl.obj (.text:_SysCtlFrequencyGet)
                  0000700c    00000048     lwiplib.obj (.text:ip_output)
                  00007054    00000048     lwiplib.obj (.text:tcp_kill_prio)
                  0000709c    00000048     lwiplib.obj (.text:tcp_rexmit_fast)
                  000070e4    00000048     lwiplib.obj (.text:tivaif_check_pbuf)
                  0000712c    00000046     lwiplib.obj (.text:tcp_send_empty_ack)
                  00007172    00000046     lwiplib.obj (.text:tcp_send_fin)
                  000071b8    00000044     lwiplib.obj (.text:tcp_keepalive)
                  000071fc    00000042     lwiplib.obj (.text:dhcp_network_changed)
                  0000723e    00000042     lwiplib.obj (.text:dhcp_option_long)
                  00007280    00000042     lwiplib.obj (.text:tcp_pcb_purge)
                  000072c2    00000002     --HOLE-- [fill = 0]
                  000072c4    00000040     lwiplib.obj (.text:etharp_tmr)
                  00007304    00000040     rtsv7M4_T_le_v4SPD16_eabi.lib : u_divt2.obj (.text)
                  00007344    0000003e     lwiplib.obj (.text:netif_set_link_up)
                  00007382    00000002     --HOLE-- [fill = 0]
                  00007384    0000003c     lwiplib.obj (.text:dhcp_coarse_tmr)
                  000073c0    0000003a     driverlib.lib : emac.obj (.text:EMACIntEnable)
                  000073fa    00000002     --HOLE-- [fill = 0]
                  000073fc    00000038     enet_lwip.obj (.text:DisplayIPAddress)
                  00007434    00000038     driverlib.lib : emac.obj (.text:EMACConfigSet)
                  0000746c    00000038     locator.obj (.text:LocatorAppTitleSet)
                  000074a4    00000038     driverlib.lib : sysctl.obj (.text:SysCtlPeripheralReady)
                  000074dc    00000038     lwiplib.obj (.text:dhcp_fine_tmr)
                  00007514    00000038     lwiplib.obj (.text:dhcp_handle_nak)
                  0000754c    00000038     lwiplib.obj (.text:dhcp_stop)
                  00007584    00000038     lwiplib.obj (.text:memp_free)
                  000075bc    00000038     lwiplib.obj (.text:tcpip_tcp_timer)
                  000075f4    00000038     lwiplib.obj (.text:udp_sendto)
                  0000762c    00000034     driverlib.lib : emac.obj (.text:EMACConfigGet)
                  00007660    00000034                   : emac.obj (.text:EMACIntClear)
                  00007694    00000034     lwiplib.obj (.text:autoip_arp_probe)
                  000076c8    00000034     lwiplib.obj (.text:tcp_kill_timewait)
                  000076fc    00000034     lwiplib.obj (.text:tcp_timer_needed)
                  00007730    00000034     lwiplib.obj (.text:tivaif_init)
                  00007764    00000032     lwiplib.obj (.text:ip4_addr_isbroadcast)
                  00007796    00000032     lwiplib.obj (.text:tcp_recved)
                  000077c8    00000030     lwiplib.obj (.text:dhcp_option_trailer)
                  000077f8    00000030     lwiplib.obj (.text:tcp_update_rcv_ann_wnd)
                  00007828    00000030     lwiplib.obj (.text:udp_remove)
                  00007858    0000002e     lwiplib.obj (.text:tcp_rexmit_rto)
                  00007886    0000002c     driverlib.lib : emac.obj (.text:EMACIntStatus)
                  000078b2    00000002     --HOLE-- [fill = 0]
                  000078b4    0000002c     lwiplib.obj (.text:autoip_arp_announce)
                  000078e0    0000002c     lwiplib.obj (.text:dhcp_handle_offer)
                  0000790c    0000002c     enet_lwip.obj (.text:echo_close)
                  00007938    0000002c     lwiplib.obj (.text:etharp_request)
                  00007964    0000002a     driverlib.lib : gpio.obj (.text:GPIODirModeSet)
                  0000798e    0000002a     lwiplib.obj (.text:autoip_bind)
                  000079b8    0000002a     lwiplib.obj (.text:pbuf_cat)
                  000079e2    0000002a     ustdlib.obj (.text:ustrncpy)
                  00007a0c    00000028     lwiplib.obj (.text:etharp_cleanup_netif)
                  00007a34    00000026     driverlib.lib : emac.obj (.text:EMACPHYRead)
                  00007a5a    00000026                   : emac.obj (.text:EMACPHYWrite)
                  00007a80    00000026     lwiplib.obj (.text:dhcp_check)
                  00007aa6    00000026     lwiplib.obj (.text:tcp_recv_null)
                  00007acc    00000024     driverlib.lib : interrupt.obj (.text:IntPrioritySet)
                  00007af0    00000024     lwiplib.obj (.text:etharp_free_entry)
                  00007b14    00000024     lwiplib.obj (.text:netif_set_up)
                  00007b38    00000024     rtsv7M4_T_le_v4SPD16_eabi.lib : memcmp.obj (.text)
                  00007b5c    00000024     lwiplib.obj (.text:tcp_seg_copy)
                  00007b80    00000022     lwiplib.obj (.text:dhcp_option_short)
                  00007ba2    00000002     --HOLE-- [fill = 0]
                  00007ba4    00000020     locator.obj (.text:LocatorMACAddrSet)
                  00007bc4    00000020     driverlib.lib : sysctl.obj (.text:_SysCtlMemTimingGet)
                  00007be4    00000020     lwiplib.obj (.text:autoip_handle_arp_conflict)
                  00007c04    00000020     lwiplib.obj (.text:dhcp_option)
                  00007c24    00000020     lwiplib.obj (.text:etharp_send_ip)
                  00007c44    00000020     lwiplib.obj (.text:lwIPTimer)
                  00007c64    00000020     lwiplib.obj (.text:tcp_eff_send_mss)
                  00007c84    00000020     lwiplib.obj (.text:tcp_tmr)
                  00007ca4    00000020     ustdlib.obj (.text:usprintf)
                  00007cc4    0000001e     driverlib.lib : emac.obj (.text:EMACAddrGet)
                  00007ce2    0000001e     lwiplib.obj (.text:netif_set_down)
                  00007d00    0000001e     rtsv7M4_T_le_v4SPD16_eabi.lib : strcat.obj (.text)
                  00007d1e    00000002     --HOLE-- [fill = 0]
                  00007d20    0000001c     lwiplib.obj (.text:lwIPLocalIPAddrGet)
                  00007d3c    0000001c     lwiplib.obj (.text:netif_set_addr)
                  00007d58    0000001c     lwiplib.obj (.text:udp_new)
                  00007d74    0000001a     uartstdio.obj (.text:UARTprintf)
                  00007d8e    0000001a     lwiplib.obj (.text:autoip_network_changed)
                  00007da8    0000001a     lwiplib.obj (.text:dhcp_arp_reply)
                  00007dc2    0000001a     lwiplib.obj (.text:lwip_htonl)
                  00007ddc    00000018     driverlib.lib : gpio.obj (.text:GPIOPinTypeGPIOOutput)
                  00007df4    00000018     lwiplib.obj (.text:arp_timer)
                  00007e0c    00000018     lwiplib.obj (.text:autoip_timer)
                  00007e24    00000018     lwiplib.obj (.text:dhcp_timer_coarse)
                  00007e3c    00000018     lwiplib.obj (.text:dhcp_timer_fine)
                  00007e54    00000018     lwiplib.obj (.text:pbuf_pool_is_empty)
                  00007e6c    00000018     rtsv7M4_T_le_v4SPD16_eabi.lib : args_main.obj (.text)
                  00007e84    00000018     lwiplib.obj (.text:tcp_next_iss)
                  00007e9c    00000018     lwiplib.obj (.text:tcp_seg_free)
                  00007eb4    00000016     driverlib.lib : emac.obj (.text:EMACReset)
                  00007eca    00000016                   : emac.obj (.text:EMACRxEnable)
                  00007ee0    00000016                   : emac.obj (.text:EMACTxEnable)
                  00007ef6    00000016     lwiplib.obj (.text:dhcp_delete_msg)
                  00007f0c    00000016     lwiplib.obj (.text:dhcp_t1_timeout)
                  00007f22    00000016     lwiplib.obj (.text:dhcp_t2_timeout)
                  00007f38    00000016     lwiplib.obj (.text:pbuf_ref)
                  00007f4e    00000002     --HOLE-- [fill = 0]
                  00007f50    00000014     driverlib.lib : flash.obj (.text:FlashUserGet)
                  00007f64    00000014                   : systick.obj (.text:SysTickEnable)
                  00007f78    00000014                   : systick.obj (.text:SysTickIntEnable)
                  00007f8c    00000014     enet_lwip.obj (.text:SysTickIntHandler)
                  00007fa0    00000014     rtsv7M4_T_le_v4SPD16_eabi.lib : _lock.obj (.text)
                  00007fb4    00000014                                   : strcpy.obj (.text)
                  00007fc8    00000014     lwiplib.obj (.text:sys_arch_unprotect)
                  00007fdc    00000014     lwiplib.obj (.text:tcp_close)
                  00007ff0    00000012     driverlib.lib : gpio.obj (.text:GPIOPinTypeEthernetLED)
                  00008002    00000012     lwiplib.obj (.text:dhcp_option_byte)
                  00008014    00000012     lwiplib.obj (.text:netif_set_link_down)
                  00008026    00000012     lwiplib.obj (.text:pbuf_clen)
                  00008038    00000012     lwiplib.obj (.text:tcp_segs_free)
                  0000804a    00000002     --HOLE-- [fill = 0]
                  0000804c    00000010     driverlib.lib : emac.obj (.text:EMACFrameFilterSet)
                  0000805c    00000010                   : interrupt.obj (.text:IntMasterEnable)
                  0000806c    00000010                   : systick.obj (.text:SysTickPeriodSet)
                  0000807c    00000010     lwiplib.obj (.text:autoip_stop)
                  0000808c    00000010     lwiplib.obj (.text:dhcp_set_state)
                  0000809c    00000010     lwiplib.obj (.text:inet_chksum)
                  000080ac    00000010     lwiplib.obj (.text:lwip_init)
                  000080bc    00000010     lwiplib.obj (.text:pbuf_chain)
                  000080cc    00000010     lwiplib.obj (.text:sys_arch_protect)
                  000080dc    0000000e     rtsv7M4_T_le_v4SPD16_eabi.lib : copy_decompress_none.obj (.text:decompress:none)
                  000080ea    0000000e                                   : time.obj (.text)
                  000080f8    0000000c     driverlib.lib : cpu.obj (.text:CPUcpsie)
                  00008104    0000000c                   : sysctl.obj (.text:SysCtlMOSCConfigSet)
                  00008110    0000000c     lwiplib.obj (.text:autoip_restart)
                  0000811c    0000000c     rtsv7M4_T_le_v4SPD16_eabi.lib : copy_zero_init.obj (.text:decompress:ZI)
                  00008128    0000000c     lwiplib.obj (.text:lwip_htons)
                  00008134    0000000c     lwiplib.obj (.text:netif_set_default)
                  00008140    0000000c     lwiplib.obj (.text:netif_set_gw)
                  0000814c    0000000c     lwiplib.obj (.text:netif_set_netmask)
                  00008158    0000000c     lwiplib.obj (.text:sys_now)
                  00008164    00000008     driverlib.lib : emac.obj (.text:EMACPowerManagementStatusGet)
                  0000816c    00000008                   : emac.obj (.text:EMACTxDMAPollDemand)
                  00008174    00000008     enet_lwip.obj (.text:echo_error)
                  0000817c    00000008     lwiplib.obj (.text:icmp_dest_unreach)
                  00008184    00000006     driverlib.lib : emac.obj (.text:EMACRxDMADescriptorListSet)
                  0000818a    00000006                   : emac.obj (.text:EMACTimestampIntStatus)
                  00008190    00000006                   : emac.obj (.text:EMACTxDMADescriptorListSet)
                  00008196    00000006                   : gpio.obj (.text:GPIOPinWrite)
                  0000819c    00000006     startup_ccs.obj (.text:ResetISR)
                  000081a2    00000006     driverlib.lib : sysctl.obj (.text:SysCtlDelay)
                  000081a8    00000006     lwiplib.obj (.text:tcp_abort)
                  000081ae    00000006     lwiplib.obj (.text:tcp_accept_null)
                  000081b4    00000006     lwiplib.obj (.text:tcp_err)
                  000081ba    00000006     lwiplib.obj (.text:tcp_new)
                  000081c0    00000006     lwiplib.obj (.text:tcp_recv)
                  000081c6    00000006     lwiplib.obj (.text:udp_recv)
                  000081cc    00000004     rtsv7M4_T_le_v4SPD16_eabi.lib : pre_init.obj (.text)
                  000081d0    00000004     lwiplib.obj (.text:tcp_accept)
                  000081d4    00000004     lwiplib.obj (.text:tcp_arg)
                  000081d8    00000004     lwiplib.obj (.text:tcp_setprio)

.const     0    000081dc    000004e4     
                  000081dc    000001b0     driverlib.lib : sysctl.obj (.const:g_pppui32XTALtoVCO)
                  0000838c    0000009c                   : interrupt.obj (.const:g_pui32Regs)
                  00008428    00000070                   : interrupt.obj (.const)
                  00008498    0000006c                   : sysctl.obj (.const:g_pui32Xtals)
                  00008504    00000060     rtsv7M4_T_le_v4SPD16_eabi.lib : mktime.obj (.const:$O1$$)
                  00008564    0000004c                                   : asctime.obj (.const:$O1$$)
                  000085b0    0000004c                                   : asctime.obj (.const:.string)
                  000085fc    00000030     driverlib.lib : sysctl.obj (.const:g_sXTALtoMEMTIM)
                  0000862c    00000018                   : emac.obj (.const)
                  00008644    00000010     lwiplib.obj (.const:memp_num)
                  00008654    00000010     lwiplib.obj (.const:memp_sizes)
                  00008664    00000010     lwiplib.obj (.const:tcp_pcb_lists)
                  00008674    0000000d     lwiplib.obj (.const:.string:tcp_backoff)
                  00008681    00000003     --HOLE-- [fill = 0]
                  00008684    0000000c     uartstdio.obj (.const:g_ui32UARTBase)
                  00008690    0000000c     uartstdio.obj (.const:g_ui32UARTPeriph)
                  0000869c    00000008     driverlib.lib : sysctl.obj (.const)
                  000086a4    00000007     lwiplib.obj (.const:.string:tcp_persist_backoff)
                  000086ab    00000006     lwiplib.obj (.const:ethbroadcast)
                  000086b1    00000006     lwiplib.obj (.const:ethzero)
                  000086b7    00000001     --HOLE-- [fill = 0]
                  000086b8    00000004     lwiplib.obj (.const:ip_addr_any)
                  000086bc    00000004     lwiplib.obj (.const:ip_addr_broadcast)

.cinit     0    000086c0    00000078     
                  000086c0    0000004e     (.cinit..data.load) [load image, compression = lzss]
                  0000870e    00000002     --HOLE-- [fill = 0]
                  00008710    0000000c     (__TI_handler_table)
                  0000871c    00000004     --HOLE-- [fill = 0]
                  00008720    00000008     (.cinit..bss.load) [load image, compression = zero_init]
                  00008728    00000010     (__TI_cinit_table)

.init_array 
*          0    00000000    00000000     UNINITIALIZED

.bss       0    20000000    00017c3f     UNINITIALIZED
                  20000000    0001001c     (.common:ram_heap)
                  2001001c    000072d4     lwiplib.obj (.bss:memp_memory)
                  200172f0    00000360     (.common:g_pTxDescriptors)
                  20017650    00000120     rtsv7M4_T_le_v4SPD16_eabi.lib : trgmsg.obj (.bss:_CIOBUF_)
                  20017770    00000120     (.common:g_pRxDescriptors)
                  20017890    00000120     (.common:lwip_stats)
                  200179b0    000000c8     lwiplib.obj (.bss:arp_table)
                  20017a78    00000054     locator.obj (.bss:g_pui8LocatorData)
                  20017acc    00000050     lwiplib.obj (.bss)
                  20017b1c    00000038     lwiplib.obj (.bss:g_sNetIF)
                  20017b54    00000028     (.common:dhcp_rx_options_val)
                  20017b7c    00000020     lwiplib.obj (.bss:memp_tab)
                  20017b9c    0000001c     rtsv7M4_T_le_v4SPD16_eabi.lib : asctime.obj (.bss:time_buf)
                  20017bb8    00000010     lwiplib.obj (.bss:inseg)
                  20017bc8    0000000c     rtsv7M4_T_le_v4SPD16_eabi.lib : _tvaltostr.obj (.bss:tstr_out)
                  20017bd4    0000000c     (.common:dhcp_rx_options_given)
                  20017be0    00000008     (.common:parmbuf)
                  20017be8    00000004     enet_lwip.obj (.bss)
                  20017bec    00000004     (.common:current_header)
                  20017bf0    00000004     (.common:current_iphdr_dest)
                  20017bf4    00000004     (.common:current_iphdr_src)
                  20017bf8    00000004     (.common:current_netif)
                  20017bfc    00000004     (.common:g_pfnTimerHandler)
                  20017c00    00000004     (.common:g_ui32AbnormalInts)
                  20017c04    00000004     (.common:g_ui32IPAddress)
                  20017c08    00000004     (.common:g_ui32NormalInts)
                  20017c0c    00000004     (.common:g_ui32SysClock)
                  20017c10    00000004     (.common:logmsg)
                  20017c14    00000004     (.common:netif_default)
                  20017c18    00000004     (.common:netif_list)
                  20017c1c    00000004     (.common:tcp_active_pcbs)
                  20017c20    00000004     (.common:tcp_bound_pcbs)
                  20017c24    00000004     (.common:tcp_input_pcb)
                  20017c28    00000004     (.common:tcp_listen_pcbs)
                  20017c2c    00000004     (.common:tcp_ticks)
                  20017c30    00000004     (.common:tcp_tmp_pcb)
                  20017c34    00000004     (.common:tcp_tw_pcbs)
                  20017c38    00000004     (.common:udp_pcbs)
                  20017c3c    00000001     (.common:g_bLED)
                  20017c3d    00000001     (.common:pbuf_free_ooseq_pending)
                  20017c3e    00000001     (.common:tcp_active_pcbs_changed)

.stack     0    20017c40    00000800     UNINITIALIZED
                  20017c40    00000800     --HOLE--

.data      0    20018440    000000b8     UNINITIALIZED
                  20018440    00000038     lwiplib.obj (.data)
                  20018478    00000024     rtsv7M4_T_le_v4SPD16_eabi.lib : localtim.obj (.data:local_tm)
                  2001849c    00000010                                   : tmzone.obj (.data:_tz)
                  200184ac    00000010     lwiplib.obj (.data:g_RxDescList)
                  200184bc    00000010     lwiplib.obj (.data:g_TxDescList)
                  200184cc    0000000c     rtsv7M4_T_le_v4SPD16_eabi.lib : exit.obj (.data:$O1$$)
                  200184d8    0000000c     lwiplib.obj (.data:g_StellarisIFData)
                  200184e4    00000008     rtsv7M4_T_le_v4SPD16_eabi.lib : _lock.obj (.data:$O1$$)
                  200184ec    00000005     uartstdio.obj (.data)
                  200184f1    00000003     --HOLE--
                  200184f4    00000004     rtsv7M4_T_le_v4SPD16_eabi.lib : stkdepth_vars.obj (.data)

MODULE SUMMARY

       Module                     code    ro data   rw data
       ------                     ----    -------   -------
    .\
       enet_lwip.obj              1668    0         17     
       startup_ccs.obj            12      512       0      
    +--+--------------------------+-------+---------+---------+
       Total:                     1680    512       17     
                                                           
    .\drivers\
       pinout.obj                 536     0         0      
    +--+--------------------------+-------+---------+---------+
       Total:                     536     0         0      
                                                           
    .\utils\
       lwiplib.obj                23722   88        97006  
       uartstdio.obj              684     24        5      
       ustdlib.obj                663     0         0      
       locator.obj                308     0         84     
    +--+--------------------------+-------+---------+---------+
       Total:                     25377   112       97095  
                                                           
    C:/ti/TivaWare_C_Series-2.1.4.178/driverlib/ccs/Debug/driverlib.lib
       sysctl.obj                 770     596       0      
       emac.obj                   692     24        0      
       interrupt.obj              156     268       0      
       gpio.obj                   396     0         0      
       systick.obj                56      0         0      
       flash.obj                  20      0         0      
       cpu.obj                    12      0         0      
    +--+--------------------------+-------+---------+---------+
       Total:                     2102    888       0      
                                                           
    C:\ti\ccsv7\tools\compiler\ti-cgt-arm_16.9.4.LTS\lib\rtsv7M4_T_le_v4SPD16_eabi.lib
       mktime.obj                 672     96        0      
       ll_div_t2.obj              542     0         0      
       trgmsg.obj                 104     0         288    
       localtim.obj               312     0         36     
       asctime.obj                164     152       28     
       memcpy_t2.obj              156     0         0      
       hosttime.obj               152     0         0      
       memset_t2.obj              122     0         0      
       autoinit.obj               112     0         0      
       copy_decompress_lzss.obj   104     0         0      
       exit.obj                   84      0         12     
       _tvaltostr.obj             80      0         12     
       boot.obj                   84      0         0      
       cpy_tbl.obj                76      0         0      
       u_divt2.obj                64      0         0      
       memcmp.obj                 36      0         0      
       strcat.obj                 30      0         0      
       _lock.obj                  20      0         8      
       args_main.obj              24      0         0      
       strcpy.obj                 20      0         0      
       tmzone.obj                 0       0         16     
       copy_decompress_none.obj   14      0         0      
       time.obj                   14      0         0      
       copy_zero_init.obj         12      0         0      
       hostopen.obj               0       0         8      
       pre_init.obj               4       0         0      
       stkdepth_vars.obj          0       0         4      
       i_div0.obj                 2       0         0      
       l_div0.obj                 2       0         0      
       mpu_init.obj               2       0         0      
       startup.obj                2       0         0      
    +--+--------------------------+-------+---------+---------+
       Total:                     3010    248       412    
                                                           
       Stack:                     0       0         2048   
       Linker Generated:          0       114       0      
    +--+--------------------------+-------+---------+---------+
       Grand Total:               32705   1874      99572  


LINKER GENERATED COPY TABLES

__TI_cinit_table @ 00008728 records: 2, size/record: 8, table size: 16
	.data: load addr=000086c0, load size=0000004e bytes, run addr=20018440, run size=000000b8 bytes, compression=lzss
	.bss: load addr=00008720, load size=00000008 bytes, run addr=20000000, run size=00017c3f bytes, compression=zero_init


LINKER GENERATED HANDLER TABLE

__TI_handler_table @ 00008710 records: 3, size/record: 4, table size: 12
	index: 0, handler: __TI_decompress_lzss
	index: 1, handler: __TI_decompress_none
	index: 2, handler: __TI_zero_init


GLOBAL SYMBOLS: SORTED ALPHABETICALLY BY Name 

address   name                           
-------   ----                           
000069ed  C$$EXIT                        
0000626b  C$$IO$$                        
000080f9  CPUcpsie                       
000073fd  DisplayIPAddress               
00007cc5  EMACAddrGet                    
0000762d  EMACConfigGet                  
00007435  EMACConfigSet                  
0000804d  EMACFrameFilterSet             
00005bcd  EMACInit                       
00007661  EMACIntClear                   
000073c1  EMACIntEnable                  
00007887  EMACIntStatus                  
000066e5  EMACPHYConfigSet               
00007a35  EMACPHYRead                    
00007a5b  EMACPHYWrite                   
00008165  EMACPowerManagementStatusGet   
00007eb5  EMACReset                      
00008185  EMACRxDMADescriptorListSet     
00007ecb  EMACRxEnable                   
0000818b  EMACTimestampIntStatus         
00008191  EMACTxDMADescriptorListSet     
0000816d  EMACTxDMAPollDemand            
00007ee1  EMACTxEnable                   
00007f51  FlashUserGet                   
00007965  GPIODirModeSet                 
00003759  GPIOPadConfigSet               
00007ff1  GPIOPinTypeEthernetLED         
00007ddd  GPIOPinTypeGPIOOutput          
00008197  GPIOPinWrite                   
00005257  HOSTtime                       
00005209  HOSTtime64                     
00004745  InitDMADescriptors             
00005fcd  IntEnable                      
0000805d  IntMasterEnable                
00007acd  IntPrioritySet                 
0000746d  LocatorAppTitleSet             
0000689d  LocatorInit                    
00007ba5  LocatorMACAddrSet              
000022bd  PinoutSet                      
0000819d  ResetISR                       
UNDEFED   SHT$$INIT_ARRAY$$Base          
UNDEFED   SHT$$INIT_ARRAY$$Limit         
000024d5  SysCtlClockFreqSet             
000081a3  SysCtlDelay                    
00008105  SysCtlMOSCConfigSet            
000074a5  SysCtlPeripheralReady          
00006b39  SysCtlPeripheralReset          
00007f65  SysTickEnable                  
00007f79  SysTickIntEnable               
00007f8d  SysTickIntHandler              
0000806d  SysTickPeriodSet               
00006571  UARTStdioConfig                
00007d75  UARTprintf                     
000026d5  UARTvprintf                    
00006f7d  UARTwrite                      
20017650  __CIOBUF_                      
20018440  __STACK_END                    
00000800  __STACK_SIZE                   
20018440  __STACK_TOP                    
00008728  __TI_CINIT_Base                
00008738  __TI_CINIT_Limit               
00008710  __TI_Handler_Table_Base        
0000871c  __TI_Handler_Table_Limit       
00005e15  __TI_auto_init                 
200184cc  __TI_cleanup_ptr               
00006035  __TI_decompress_lzss           
000080dd  __TI_decompress_none           
200184d0  __TI_dtors_ptr                 
200184d4  __TI_enable_exit_profile_output
ffffffff  __TI_pprof_out_hndl            
ffffffff  __TI_prof_data_size            
ffffffff  __TI_prof_data_start           
0000626f  __TI_readmsg                   
00000000  __TI_static_base__             
00006bd9  __TI_tvaltostr                 
0000623d  __TI_writemsg                  
0000811d  __TI_zero_init                 
0000361f  __aeabi_idiv0                  
0000388b  __aeabi_ldiv0                  
0000209d  __aeabi_ldivmod                
00005b51  __aeabi_memclr                 
00005b51  __aeabi_memclr4                
00005b51  __aeabi_memclr8                
00005039  __aeabi_memcpy                 
00005039  __aeabi_memcpy4                
00005039  __aeabi_memcpy8                
00005b53  __aeabi_memset                 
00005b53  __aeabi_memset4                
00005b53  __aeabi_memset8                
00007305  __aeabi_uidiv                  
00007305  __aeabi_uidivmod               
ffffffff  __binit__                      
ffffffff  __c_args__                     
00003621  __localtime32                  
00001985  __mktime32                     
00005333  __mpu_init                     
20017c40  __stack                        
000080eb  __time32                       
00007e6d  _args_main                     
00006999  _c_int00                       
200184e4  _lock                          
00007faf  _nop                           
00007fa7  _register_lock                 
00007fa1  _register_unlock               
00005663  _system_post_cinit             
000081cd  _system_pre_init               
2001849c  _tz                            
200184e8  _unlock                        
000069f1  abort                          
00004f95  asctime                        
000055e1  autoip_arp_reply               
00007d8f  autoip_network_changed         
0000673d  autoip_start                   
0000807d  autoip_stop                    
00004279  autoip_tmr                     
ffffffff  binit                          
00006e4d  copy_in                        
20017bec  current_header                 
20017bf0  current_iphdr_dest             
20017bf4  current_iphdr_src              
20017bf8  current_netif                  
00007da9  dhcp_arp_reply                 
00007385  dhcp_coarse_tmr                
000074dd  dhcp_fine_tmr                  
000071fd  dhcp_network_changed           
00004e4d  dhcp_release                   
000056e5  dhcp_renew                     
20017bd4  dhcp_rx_options_given          
20017b54  dhcp_rx_options_val            
00004c55  dhcp_start                     
0000754d  dhcp_stop                      
00006db5  echo_accept                    
0000790d  echo_close                     
00008175  echo_error                     
00005da5  echo_init                      
000016d5  echo_recv                      
00006795  echo_send                      
00007a0d  etharp_cleanup_netif           
000039b1  etharp_output                  
00003acd  etharp_query                   
0000419d  etharp_raw                     
00007939  etharp_request                 
000072c5  etharp_tmr                     
000086ab  ethbroadcast                   
00004ba9  ethernet_input                 
000086b1  ethzero                        
000069f9  exit                           
200184ac  g_RxDescList                   
200184bc  g_TxDescList                   
20017c3c  g_bLED                         
20017770  g_pRxDescriptors               
200172f0  g_pTxDescriptors               
20017bfc  g_pfnTimerHandler              
00000000  g_pfnVectors                   
20017c00  g_ui32AbnormalInts             
20017c04  g_ui32IPAddress                
20018444  g_ui32LocalTimer               
20017c08  g_ui32NormalInts               
20017c0c  g_ui32SysClock                 
0000817d  icmp_dest_unreach              
00002f89  icmp_input                     
0000809d  inet_chksum                    
00006d17  inet_chksum_pbuf               
00007765  ip4_addr_isbroadcast           
000086b8  ip_addr_any                    
000086bc  ip_addr_broadcast              
000028c1  ip_input                       
0000700d  ip_output                      
00004ef1  ip_output_if                   
00006b89  ip_route                       
00003621  localtime                      
20017c10  logmsg                         
00005765  lwIPEthernetIntHandler         
00004cfd  lwIPHostTimerHandler           
00003eed  lwIPInit                       
00007d21  lwIPLocalIPAddrGet             
00007c45  lwIPTimer                      
00007dc3  lwip_htonl                     
00008129  lwip_htons                     
000080ad  lwip_init                      
00007dc3  lwip_ntohl                     
00008129  lwip_ntohs                     
20017890  lwip_stats                     
00002c61  main                           
200184f4  main_func_sp                   
00006445  mem_free                       
000065d1  mem_init                       
00003df5  mem_malloc                     
00003fd5  mem_trim                       
00007b39  memcmp                         
00005039  memcpy                         
00007585  memp_free                      
00005f61  memp_init                      
000067ed  memp_malloc                    
00005b59  memset                         
00001985  mktime                         
00006945  netif_add                      
20017c14  netif_default                  
20017c18  netif_list                     
00007d3d  netif_set_addr                 
00008135  netif_set_default              
00007ce3  netif_set_down                 
00008141  netif_set_gw                   
0000616d  netif_set_ipaddr               
00008015  netif_set_link_down            
00007345  netif_set_link_up              
0000814d  netif_set_netmask              
00007b15  netif_set_up                   
20017be0  parmbuf                        
000034e5  pbuf_alloc                     
000079b9  pbuf_cat                       
000080bd  pbuf_chain                     
00008027  pbuf_clen                      
000052a1  pbuf_copy                      
000061d5  pbuf_copy_partial              
00006d65  pbuf_free                      
20017c3d  pbuf_free_ooseq_pending        
0000650d  pbuf_header                    
00006689  pbuf_realloc                   
00007f39  pbuf_ref                       
20000000  ram_heap                       
00005d31  raw_input                      
00007d01  strcat                         
00007fb5  strcpy                         
000080cd  sys_arch_protect               
00007fc9  sys_arch_unprotect             
00008159  sys_now                        
000062a5  sys_timeout                    
00006c29  sys_timeouts_init              
00005335  tcp_abandon                    
000081a9  tcp_abort                      
000081d1  tcp_accept                     
20017c1c  tcp_active_pcbs                
20017c3e  tcp_active_pcbs_changed        
0000434d  tcp_alloc                      
000081d5  tcp_arg                        
00008674  tcp_backoff                    
000059dd  tcp_bind                       
20017c20  tcp_bound_pcbs                 
00007fdd  tcp_close                      
00007c65  tcp_eff_send_mss               
00004da5  tcp_enqueue_flags              
000081b5  tcp_err                        
00005e85  tcp_fasttmr                    
000009c1  tcp_input                      
20017c24  tcp_input_pcb                  
000071b9  tcp_keepalive                  
20017c28  tcp_listen_pcbs                
000050d5  tcp_listen_with_backlog        
000081bb  tcp_new                        
00007e85  tcp_next_iss                   
00002df9  tcp_output                     
00008664  tcp_pcb_lists                  
00007281  tcp_pcb_purge                  
0000662d  tcp_pcb_remove                 
000086a4  tcp_persist_backoff            
00006375  tcp_process_refused_data       
000081c1  tcp_recv                       
00007aa7  tcp_recv_null                  
00007797  tcp_recved                     
00006845  tcp_rexmit                     
0000709d  tcp_rexmit_fast                
00007859  tcp_rexmit_rto                 
00005a59  tcp_rst                        
00007b5d  tcp_seg_copy                   
00007e9d  tcp_seg_free                   
00008039  tcp_segs_free                  
0000712d  tcp_send_empty_ack             
00007173  tcp_send_fin                   
000081d9  tcp_setprio                    
0000140d  tcp_slowtmr                    
20017c2c  tcp_ticks                      
000076fd  tcp_timer_needed               
20017c30  tcp_tmp_pcb                    
00007c85  tcp_tmr                        
20017c34  tcp_tw_pcbs                    
000077f9  tcp_update_rcv_ann_wnd         
00001121  tcp_write                      
000053c5  tcp_zero_window_probe          
000080eb  time                           
00007731  tivaif_init                    
00006e99  tivaif_interrupt               
00005ad5  tivaif_process_phy_interrupt   
000063dd  udp_bind                       
00006ee5  udp_connect                    
00002a9d  udp_input                      
00007d59  udp_new                        
20017c38  udp_pcbs                       
000081c7  udp_recv                       
00007829  udp_remove                     
000075f5  udp_sendto                     
0000467d  udp_sendto_if                  
00007ca5  usprintf                       
000079e3  ustrncpy                       
00001c25  uvsnprintf                     


GLOBAL SYMBOLS: SORTED BY Symbol Address 

address   name                           
-------   ----                           
00000000  __TI_static_base__             
00000000  g_pfnVectors                   
00000800  __STACK_SIZE                   
000009c1  tcp_input                      
00001121  tcp_write                      
0000140d  tcp_slowtmr                    
000016d5  echo_recv                      
00001985  __mktime32                     
00001985  mktime                         
00001c25  uvsnprintf                     
0000209d  __aeabi_ldivmod                
000022bd  PinoutSet                      
000024d5  SysCtlClockFreqSet             
000026d5  UARTvprintf                    
000028c1  ip_input                       
00002a9d  udp_input                      
00002c61  main                           
00002df9  tcp_output                     
00002f89  icmp_input                     
000034e5  pbuf_alloc                     
0000361f  __aeabi_idiv0                  
00003621  __localtime32                  
00003621  localtime                      
00003759  GPIOPadConfigSet               
0000388b  __aeabi_ldiv0                  
000039b1  etharp_output                  
00003acd  etharp_query                   
00003df5  mem_malloc                     
00003eed  lwIPInit                       
00003fd5  mem_trim                       
0000419d  etharp_raw                     
00004279  autoip_tmr                     
0000434d  tcp_alloc                      
0000467d  udp_sendto_if                  
00004745  InitDMADescriptors             
00004ba9  ethernet_input                 
00004c55  dhcp_start                     
00004cfd  lwIPHostTimerHandler           
00004da5  tcp_enqueue_flags              
00004e4d  dhcp_release                   
00004ef1  ip_output_if                   
00004f95  asctime                        
00005039  __aeabi_memcpy                 
00005039  __aeabi_memcpy4                
00005039  __aeabi_memcpy8                
00005039  memcpy                         
000050d5  tcp_listen_with_backlog        
00005209  HOSTtime64                     
00005257  HOSTtime                       
000052a1  pbuf_copy                      
00005333  __mpu_init                     
00005335  tcp_abandon                    
000053c5  tcp_zero_window_probe          
000055e1  autoip_arp_reply               
00005663  _system_post_cinit             
000056e5  dhcp_renew                     
00005765  lwIPEthernetIntHandler         
000059dd  tcp_bind                       
00005a59  tcp_rst                        
00005ad5  tivaif_process_phy_interrupt   
00005b51  __aeabi_memclr                 
00005b51  __aeabi_memclr4                
00005b51  __aeabi_memclr8                
00005b53  __aeabi_memset                 
00005b53  __aeabi_memset4                
00005b53  __aeabi_memset8                
00005b59  memset                         
00005bcd  EMACInit                       
00005d31  raw_input                      
00005da5  echo_init                      
00005e15  __TI_auto_init                 
00005e85  tcp_fasttmr                    
00005f61  memp_init                      
00005fcd  IntEnable                      
00006035  __TI_decompress_lzss           
0000616d  netif_set_ipaddr               
000061d5  pbuf_copy_partial              
0000623d  __TI_writemsg                  
0000626b  C$$IO$$                        
0000626f  __TI_readmsg                   
000062a5  sys_timeout                    
00006375  tcp_process_refused_data       
000063dd  udp_bind                       
00006445  mem_free                       
0000650d  pbuf_header                    
00006571  UARTStdioConfig                
000065d1  mem_init                       
0000662d  tcp_pcb_remove                 
00006689  pbuf_realloc                   
000066e5  EMACPHYConfigSet               
0000673d  autoip_start                   
00006795  echo_send                      
000067ed  memp_malloc                    
00006845  tcp_rexmit                     
0000689d  LocatorInit                    
00006945  netif_add                      
00006999  _c_int00                       
000069ed  C$$EXIT                        
000069f1  abort                          
000069f9  exit                           
00006b39  SysCtlPeripheralReset          
00006b89  ip_route                       
00006bd9  __TI_tvaltostr                 
00006c29  sys_timeouts_init              
00006d17  inet_chksum_pbuf               
00006d65  pbuf_free                      
00006db5  echo_accept                    
00006e4d  copy_in                        
00006e99  tivaif_interrupt               
00006ee5  udp_connect                    
00006f7d  UARTwrite                      
0000700d  ip_output                      
0000709d  tcp_rexmit_fast                
0000712d  tcp_send_empty_ack             
00007173  tcp_send_fin                   
000071b9  tcp_keepalive                  
000071fd  dhcp_network_changed           
00007281  tcp_pcb_purge                  
000072c5  etharp_tmr                     
00007305  __aeabi_uidiv                  
00007305  __aeabi_uidivmod               
00007345  netif_set_link_up              
00007385  dhcp_coarse_tmr                
000073c1  EMACIntEnable                  
000073fd  DisplayIPAddress               
00007435  EMACConfigSet                  
0000746d  LocatorAppTitleSet             
000074a5  SysCtlPeripheralReady          
000074dd  dhcp_fine_tmr                  
0000754d  dhcp_stop                      
00007585  memp_free                      
000075f5  udp_sendto                     
0000762d  EMACConfigGet                  
00007661  EMACIntClear                   
000076fd  tcp_timer_needed               
00007731  tivaif_init                    
00007765  ip4_addr_isbroadcast           
00007797  tcp_recved                     
000077f9  tcp_update_rcv_ann_wnd         
00007829  udp_remove                     
00007859  tcp_rexmit_rto                 
00007887  EMACIntStatus                  
0000790d  echo_close                     
00007939  etharp_request                 
00007965  GPIODirModeSet                 
000079b9  pbuf_cat                       
000079e3  ustrncpy                       
00007a0d  etharp_cleanup_netif           
00007a35  EMACPHYRead                    
00007a5b  EMACPHYWrite                   
00007aa7  tcp_recv_null                  
00007acd  IntPrioritySet                 
00007b15  netif_set_up                   
00007b39  memcmp                         
00007b5d  tcp_seg_copy                   
00007ba5  LocatorMACAddrSet              
00007c45  lwIPTimer                      
00007c65  tcp_eff_send_mss               
00007c85  tcp_tmr                        
00007ca5  usprintf                       
00007cc5  EMACAddrGet                    
00007ce3  netif_set_down                 
00007d01  strcat                         
00007d21  lwIPLocalIPAddrGet             
00007d3d  netif_set_addr                 
00007d59  udp_new                        
00007d75  UARTprintf                     
00007d8f  autoip_network_changed         
00007da9  dhcp_arp_reply                 
00007dc3  lwip_htonl                     
00007dc3  lwip_ntohl                     
00007ddd  GPIOPinTypeGPIOOutput          
00007e6d  _args_main                     
00007e85  tcp_next_iss                   
00007e9d  tcp_seg_free                   
00007eb5  EMACReset                      
00007ecb  EMACRxEnable                   
00007ee1  EMACTxEnable                   
00007f39  pbuf_ref                       
00007f51  FlashUserGet                   
00007f65  SysTickEnable                  
00007f79  SysTickIntEnable               
00007f8d  SysTickIntHandler              
00007fa1  _register_unlock               
00007fa7  _register_lock                 
00007faf  _nop                           
00007fb5  strcpy                         
00007fc9  sys_arch_unprotect             
00007fdd  tcp_close                      
00007ff1  GPIOPinTypeEthernetLED         
00008015  netif_set_link_down            
00008027  pbuf_clen                      
00008039  tcp_segs_free                  
0000804d  EMACFrameFilterSet             
0000805d  IntMasterEnable                
0000806d  SysTickPeriodSet               
0000807d  autoip_stop                    
0000809d  inet_chksum                    
000080ad  lwip_init                      
000080bd  pbuf_chain                     
000080cd  sys_arch_protect               
000080dd  __TI_decompress_none           
000080eb  __time32                       
000080eb  time                           
000080f9  CPUcpsie                       
00008105  SysCtlMOSCConfigSet            
0000811d  __TI_zero_init                 
00008129  lwip_htons                     
00008129  lwip_ntohs                     
00008135  netif_set_default              
00008141  netif_set_gw                   
0000814d  netif_set_netmask              
00008159  sys_now                        
00008165  EMACPowerManagementStatusGet   
0000816d  EMACTxDMAPollDemand            
00008175  echo_error                     
0000817d  icmp_dest_unreach              
00008185  EMACRxDMADescriptorListSet     
0000818b  EMACTimestampIntStatus         
00008191  EMACTxDMADescriptorListSet     
00008197  GPIOPinWrite                   
0000819d  ResetISR                       
000081a3  SysCtlDelay                    
000081a9  tcp_abort                      
000081b5  tcp_err                        
000081bb  tcp_new                        
000081c1  tcp_recv                       
000081c7  udp_recv                       
000081cd  _system_pre_init               
000081d1  tcp_accept                     
000081d5  tcp_arg                        
000081d9  tcp_setprio                    
00008664  tcp_pcb_lists                  
00008674  tcp_backoff                    
000086a4  tcp_persist_backoff            
000086ab  ethbroadcast                   
000086b1  ethzero                        
000086b8  ip_addr_any                    
000086bc  ip_addr_broadcast              
00008710  __TI_Handler_Table_Base        
0000871c  __TI_Handler_Table_Limit       
00008728  __TI_CINIT_Base                
00008738  __TI_CINIT_Limit               
20000000  ram_heap                       
200172f0  g_pTxDescriptors               
20017650  __CIOBUF_                      
20017770  g_pRxDescriptors               
20017890  lwip_stats                     
20017b54  dhcp_rx_options_val            
20017bd4  dhcp_rx_options_given          
20017be0  parmbuf                        
20017bec  current_header                 
20017bf0  current_iphdr_dest             
20017bf4  current_iphdr_src              
20017bf8  current_netif                  
20017bfc  g_pfnTimerHandler              
20017c00  g_ui32AbnormalInts             
20017c04  g_ui32IPAddress                
20017c08  g_ui32NormalInts               
20017c0c  g_ui32SysClock                 
20017c10  logmsg                         
20017c14  netif_default                  
20017c18  netif_list                     
20017c1c  tcp_active_pcbs                
20017c20  tcp_bound_pcbs                 
20017c24  tcp_input_pcb                  
20017c28  tcp_listen_pcbs                
20017c2c  tcp_ticks                      
20017c30  tcp_tmp_pcb                    
20017c34  tcp_tw_pcbs                    
20017c38  udp_pcbs                       
20017c3c  g_bLED                         
20017c3d  pbuf_free_ooseq_pending        
20017c3e  tcp_active_pcbs_changed        
20017c40  __stack                        
20018440  __STACK_END                    
20018440  __STACK_TOP                    
20018444  g_ui32LocalTimer               
2001849c  _tz                            
200184ac  g_RxDescList                   
200184bc  g_TxDescList                   
200184cc  __TI_cleanup_ptr               
200184d0  __TI_dtors_ptr                 
200184d4  __TI_enable_exit_profile_output
200184e4  _lock                          
200184e8  _unlock                        
200184f4  main_func_sp                   
ffffffff  __TI_pprof_out_hndl            
ffffffff  __TI_prof_data_size            
ffffffff  __TI_prof_data_start           
ffffffff  __binit__                      
ffffffff  __c_args__                     
ffffffff  binit                          
UNDEFED   SHT$$INIT_ARRAY$$Base          
UNDEFED   SHT$$INIT_ARRAY$$Limit         

[295 symbols]
