<?xml version="1.0"?>
<link_info>
   <banner>TI ARM Linker PC v16.9.4.LTS</banner>
   <copyright>Copyright (c) 1996-2017 Texas Instruments Incorporated</copyright>
   <link_time>0x5a2f0eb8</link_time>
   <link_errors>0x0</link_errors>
   <output_file>lwip_sockets.out</output_file>
   <entry_point>
      <name>_c_int00</name>
      <address>0x6999</address>
   </entry_point>
   <input_file_list>
      <input_file id="fl-2">
         <path>.\</path>
         <kind>object</kind>
         <file>enet_fs.obj</file>
         <name>enet_fs.obj</name>
      </input_file>
      <input_file id="fl-3">
         <path>.\</path>
         <kind>object</kind>
         <file>enet_lwip.obj</file>
         <name>enet_lwip.obj</name>
      </input_file>
      <input_file id="fl-4">
         <path>.\</path>
         <kind>object</kind>
         <file>startup_ccs.obj</file>
         <name>startup_ccs.obj</name>
      </input_file>
      <input_file id="fl-5">
         <path>.\drivers\</path>
         <kind>object</kind>
         <file>pinout.obj</file>
         <name>pinout.obj</name>
      </input_file>
      <input_file id="fl-6">
         <path>.\third_party\fatfs\port\</path>
         <kind>object</kind>
         <file>mmc-ek-tm4c1294xl.obj</file>
         <name>mmc-ek-tm4c1294xl.obj</name>
      </input_file>
      <input_file id="fl-7">
         <path>.\third_party\fatfs\src\</path>
         <kind>object</kind>
         <file>ff.obj</file>
         <name>ff.obj</name>
      </input_file>
      <input_file id="fl-8">
         <path>.\third_party\lwip-1.4.1\apps\httpserver_raw\</path>
         <kind>object</kind>
         <file>httpd.obj</file>
         <name>httpd.obj</name>
      </input_file>
      <input_file id="fl-9">
         <path>.\utils\</path>
         <kind>object</kind>
         <file>locator.obj</file>
         <name>locator.obj</name>
      </input_file>
      <input_file id="fl-a">
         <path>.\utils\</path>
         <kind>object</kind>
         <file>lwiplib.obj</file>
         <name>lwiplib.obj</name>
      </input_file>
      <input_file id="fl-b">
         <path>.\utils\</path>
         <kind>object</kind>
         <file>uartstdio.obj</file>
         <name>uartstdio.obj</name>
      </input_file>
      <input_file id="fl-c">
         <path>.\utils\</path>
         <kind>object</kind>
         <file>ustdlib.obj</file>
         <name>ustdlib.obj</name>
      </input_file>
      <input_file id="fl-11">
         <kind>object</kind>
         <file>&lt;internal&gt;</file>
         <name>&lt;internal&gt;</name>
      </input_file>
      <input_file id="fl-c7">
         <path>C:\ti\ccsv7\tools\compiler\ti-cgt-arm_16.9.4.LTS\lib\</path>
         <kind>archive</kind>
         <file>rtsv7M4_T_le_v4SPD16_eabi.lib</file>
         <name>asctime.obj</name>
      </input_file>
      <input_file id="fl-c8">
         <path>C:\ti\ccsv7\tools\compiler\ti-cgt-arm_16.9.4.LTS\lib\</path>
         <kind>archive</kind>
         <file>rtsv7M4_T_le_v4SPD16_eabi.lib</file>
         <name>boot.obj</name>
      </input_file>
      <input_file id="fl-c9">
         <path>C:\ti\ccsv7\tools\compiler\ti-cgt-arm_16.9.4.LTS\lib\</path>
         <kind>archive</kind>
         <file>rtsv7M4_T_le_v4SPD16_eabi.lib</file>
         <name>copy_decompress_lzss.obj</name>
      </input_file>
      <input_file id="fl-ca">
         <path>C:\ti\ccsv7\tools\compiler\ti-cgt-arm_16.9.4.LTS\lib\</path>
         <kind>archive</kind>
         <file>rtsv7M4_T_le_v4SPD16_eabi.lib</file>
         <name>copy_decompress_none.obj</name>
      </input_file>
      <input_file id="fl-cb">
         <path>C:\ti\ccsv7\tools\compiler\ti-cgt-arm_16.9.4.LTS\lib\</path>
         <kind>archive</kind>
         <file>rtsv7M4_T_le_v4SPD16_eabi.lib</file>
         <name>copy_zero_init.obj</name>
      </input_file>
      <input_file id="fl-cc">
         <path>C:\ti\ccsv7\tools\compiler\ti-cgt-arm_16.9.4.LTS\lib\</path>
         <kind>archive</kind>
         <file>rtsv7M4_T_le_v4SPD16_eabi.lib</file>
         <name>exit.obj</name>
      </input_file>
      <input_file id="fl-cd">
         <path>C:\ti\ccsv7\tools\compiler\ti-cgt-arm_16.9.4.LTS\lib\</path>
         <kind>archive</kind>
         <file>rtsv7M4_T_le_v4SPD16_eabi.lib</file>
         <name>localtim.obj</name>
      </input_file>
      <input_file id="fl-ce">
         <path>C:\ti\ccsv7\tools\compiler\ti-cgt-arm_16.9.4.LTS\lib\</path>
         <kind>archive</kind>
         <file>rtsv7M4_T_le_v4SPD16_eabi.lib</file>
         <name>memcmp.obj</name>
      </input_file>
      <input_file id="fl-cf">
         <path>C:\ti\ccsv7\tools\compiler\ti-cgt-arm_16.9.4.LTS\lib\</path>
         <kind>archive</kind>
         <file>rtsv7M4_T_le_v4SPD16_eabi.lib</file>
         <name>memcpy_t2.obj</name>
      </input_file>
      <input_file id="fl-d0">
         <path>C:\ti\ccsv7\tools\compiler\ti-cgt-arm_16.9.4.LTS\lib\</path>
         <kind>archive</kind>
         <file>rtsv7M4_T_le_v4SPD16_eabi.lib</file>
         <name>memset_t2.obj</name>
      </input_file>
      <input_file id="fl-d1">
         <path>C:\ti\ccsv7\tools\compiler\ti-cgt-arm_16.9.4.LTS\lib\</path>
         <kind>archive</kind>
         <file>rtsv7M4_T_le_v4SPD16_eabi.lib</file>
         <name>mktime.obj</name>
      </input_file>
      <input_file id="fl-d2">
         <path>C:\ti\ccsv7\tools\compiler\ti-cgt-arm_16.9.4.LTS\lib\</path>
         <kind>archive</kind>
         <file>rtsv7M4_T_le_v4SPD16_eabi.lib</file>
         <name>mpu_init.obj</name>
      </input_file>
      <input_file id="fl-d3">
         <path>C:\ti\ccsv7\tools\compiler\ti-cgt-arm_16.9.4.LTS\lib\</path>
         <kind>archive</kind>
         <file>rtsv7M4_T_le_v4SPD16_eabi.lib</file>
         <name>pre_init.obj</name>
      </input_file>
      <input_file id="fl-d4">
         <path>C:\ti\ccsv7\tools\compiler\ti-cgt-arm_16.9.4.LTS\lib\</path>
         <kind>archive</kind>
         <file>rtsv7M4_T_le_v4SPD16_eabi.lib</file>
         <name>stkdepth_vars.obj</name>
      </input_file>
      <input_file id="fl-d5">
         <path>C:\ti\ccsv7\tools\compiler\ti-cgt-arm_16.9.4.LTS\lib\</path>
         <kind>archive</kind>
         <file>rtsv7M4_T_le_v4SPD16_eabi.lib</file>
         <name>strcat.obj</name>
      </input_file>
      <input_file id="fl-d6">
         <path>C:\ti\ccsv7\tools\compiler\ti-cgt-arm_16.9.4.LTS\lib\</path>
         <kind>archive</kind>
         <file>rtsv7M4_T_le_v4SPD16_eabi.lib</file>
         <name>strchr.obj</name>
      </input_file>
      <input_file id="fl-d7">
         <path>C:\ti\ccsv7\tools\compiler\ti-cgt-arm_16.9.4.LTS\lib\</path>
         <kind>archive</kind>
         <file>rtsv7M4_T_le_v4SPD16_eabi.lib</file>
         <name>strcmp.obj</name>
      </input_file>
      <input_file id="fl-d8">
         <path>C:\ti\ccsv7\tools\compiler\ti-cgt-arm_16.9.4.LTS\lib\</path>
         <kind>archive</kind>
         <file>rtsv7M4_T_le_v4SPD16_eabi.lib</file>
         <name>strcpy.obj</name>
      </input_file>
      <input_file id="fl-d9">
         <path>C:\ti\ccsv7\tools\compiler\ti-cgt-arm_16.9.4.LTS\lib\</path>
         <kind>archive</kind>
         <file>rtsv7M4_T_le_v4SPD16_eabi.lib</file>
         <name>strlen.obj</name>
      </input_file>
      <input_file id="fl-da">
         <path>C:\ti\ccsv7\tools\compiler\ti-cgt-arm_16.9.4.LTS\lib\</path>
         <kind>archive</kind>
         <file>rtsv7M4_T_le_v4SPD16_eabi.lib</file>
         <name>strncmp.obj</name>
      </input_file>
      <input_file id="fl-db">
         <path>C:\ti\ccsv7\tools\compiler\ti-cgt-arm_16.9.4.LTS\lib\</path>
         <kind>archive</kind>
         <file>rtsv7M4_T_le_v4SPD16_eabi.lib</file>
         <name>strstr.obj</name>
      </input_file>
      <input_file id="fl-dc">
         <path>C:\ti\ccsv7\tools\compiler\ti-cgt-arm_16.9.4.LTS\lib\</path>
         <kind>archive</kind>
         <file>rtsv7M4_T_le_v4SPD16_eabi.lib</file>
         <name>time.obj</name>
      </input_file>
      <input_file id="fl-dd">
         <path>C:\ti\ccsv7\tools\compiler\ti-cgt-arm_16.9.4.LTS\lib\</path>
         <kind>archive</kind>
         <file>rtsv7M4_T_le_v4SPD16_eabi.lib</file>
         <name>tmzone.obj</name>
      </input_file>
      <input_file id="fl-de">
         <path>C:\ti\ccsv7\tools\compiler\ti-cgt-arm_16.9.4.LTS\lib\</path>
         <kind>archive</kind>
         <file>rtsv7M4_T_le_v4SPD16_eabi.lib</file>
         <name>u_divt2.obj</name>
      </input_file>
      <input_file id="fl-df">
         <path>C:\ti\ccsv7\tools\compiler\ti-cgt-arm_16.9.4.LTS\lib\</path>
         <kind>archive</kind>
         <file>rtsv7M4_T_le_v4SPD16_eabi.lib</file>
         <name>_lock.obj</name>
      </input_file>
      <input_file id="fl-e0">
         <path>C:\ti\ccsv7\tools\compiler\ti-cgt-arm_16.9.4.LTS\lib\</path>
         <kind>archive</kind>
         <file>rtsv7M4_T_le_v4SPD16_eabi.lib</file>
         <name>_tvaltostr.obj</name>
      </input_file>
      <input_file id="fl-e1">
         <path>C:\ti\ccsv7\tools\compiler\ti-cgt-arm_16.9.4.LTS\lib\</path>
         <kind>archive</kind>
         <file>rtsv7M4_T_le_v4SPD16_eabi.lib</file>
         <name>args_main.obj</name>
      </input_file>
      <input_file id="fl-e2">
         <path>C:\ti\ccsv7\tools\compiler\ti-cgt-arm_16.9.4.LTS\lib\</path>
         <kind>archive</kind>
         <file>rtsv7M4_T_le_v4SPD16_eabi.lib</file>
         <name>autoinit.obj</name>
      </input_file>
      <input_file id="fl-e3">
         <path>C:\ti\ccsv7\tools\compiler\ti-cgt-arm_16.9.4.LTS\lib\</path>
         <kind>archive</kind>
         <file>rtsv7M4_T_le_v4SPD16_eabi.lib</file>
         <name>cpy_tbl.obj</name>
      </input_file>
      <input_file id="fl-e4">
         <path>C:\ti\ccsv7\tools\compiler\ti-cgt-arm_16.9.4.LTS\lib\</path>
         <kind>archive</kind>
         <file>rtsv7M4_T_le_v4SPD16_eabi.lib</file>
         <name>hosttime.obj</name>
      </input_file>
      <input_file id="fl-e5">
         <path>C:\ti\ccsv7\tools\compiler\ti-cgt-arm_16.9.4.LTS\lib\</path>
         <kind>archive</kind>
         <file>rtsv7M4_T_le_v4SPD16_eabi.lib</file>
         <name>i_div0.obj</name>
      </input_file>
      <input_file id="fl-e6">
         <path>C:\ti\ccsv7\tools\compiler\ti-cgt-arm_16.9.4.LTS\lib\</path>
         <kind>archive</kind>
         <file>rtsv7M4_T_le_v4SPD16_eabi.lib</file>
         <name>ll_div_t2.obj</name>
      </input_file>
      <input_file id="fl-e7">
         <path>C:\ti\ccsv7\tools\compiler\ti-cgt-arm_16.9.4.LTS\lib\</path>
         <kind>archive</kind>
         <file>rtsv7M4_T_le_v4SPD16_eabi.lib</file>
         <name>startup.obj</name>
      </input_file>
      <input_file id="fl-e8">
         <path>C:\ti\ccsv7\tools\compiler\ti-cgt-arm_16.9.4.LTS\lib\</path>
         <kind>archive</kind>
         <file>rtsv7M4_T_le_v4SPD16_eabi.lib</file>
         <name>trgmsg.obj</name>
      </input_file>
      <input_file id="fl-e9">
         <path>C:\ti\ccsv7\tools\compiler\ti-cgt-arm_16.9.4.LTS\lib\</path>
         <kind>archive</kind>
         <file>rtsv7M4_T_le_v4SPD16_eabi.lib</file>
         <name>hostopen.obj</name>
      </input_file>
      <input_file id="fl-ea">
         <path>C:\ti\ccsv7\tools\compiler\ti-cgt-arm_16.9.4.LTS\lib\</path>
         <kind>archive</kind>
         <file>rtsv7M4_T_le_v4SPD16_eabi.lib</file>
         <name>l_div0.obj</name>
      </input_file>
      <input_file id="fl-eb">
         <path>C:\ti\TivaWare_C_Series-2.1.4.178\driverlib\ccs\Debug\</path>
         <kind>archive</kind>
         <file>driverlib.lib</file>
         <name>emac.obj</name>
      </input_file>
      <input_file id="fl-ec">
         <path>C:\ti\TivaWare_C_Series-2.1.4.178\driverlib\ccs\Debug\</path>
         <kind>archive</kind>
         <file>driverlib.lib</file>
         <name>flash.obj</name>
      </input_file>
      <input_file id="fl-ed">
         <path>C:\ti\TivaWare_C_Series-2.1.4.178\driverlib\ccs\Debug\</path>
         <kind>archive</kind>
         <file>driverlib.lib</file>
         <name>gpio.obj</name>
      </input_file>
      <input_file id="fl-ee">
         <path>C:\ti\TivaWare_C_Series-2.1.4.178\driverlib\ccs\Debug\</path>
         <kind>archive</kind>
         <file>driverlib.lib</file>
         <name>interrupt.obj</name>
      </input_file>
      <input_file id="fl-ef">
         <path>C:\ti\TivaWare_C_Series-2.1.4.178\driverlib\ccs\Debug\</path>
         <kind>archive</kind>
         <file>driverlib.lib</file>
         <name>sw_crc.obj</name>
      </input_file>
      <input_file id="fl-f0">
         <path>C:\ti\TivaWare_C_Series-2.1.4.178\driverlib\ccs\Debug\</path>
         <kind>archive</kind>
         <file>driverlib.lib</file>
         <name>sysctl.obj</name>
      </input_file>
      <input_file id="fl-f1">
         <path>C:\ti\TivaWare_C_Series-2.1.4.178\driverlib\ccs\Debug\</path>
         <kind>archive</kind>
         <file>driverlib.lib</file>
         <name>systick.obj</name>
      </input_file>
      <input_file id="fl-f2">
         <path>C:\ti\TivaWare_C_Series-2.1.4.178\driverlib\ccs\Debug\</path>
         <kind>archive</kind>
         <file>driverlib.lib</file>
         <name>cpu.obj</name>
      </input_file>
   </input_file_list>
   <object_component_list>
      <object_component id="oc-f">
         <name>.intvecs</name>
         <load_address>0x0</load_address>
         <run_address>0x0</run_address>
         <size>0x200</size>
         <input_file_ref idref="fl-4"/>
      </object_component>
      <object_component id="oc-936">
         <name>.text:tcp_receive</name>
         <load_address>0x200</load_address>
         <run_address>0x200</run_address>
         <size>0x7c0</size>
         <input_file_ref idref="fl-a"/>
      </object_component>
      <object_component id="oc-648">
         <name>.text:tcp_input</name>
         <load_address>0x9c0</load_address>
         <run_address>0x9c0</run_address>
         <size>0x3b0</size>
         <input_file_ref idref="fl-a"/>
      </object_component>
      <object_component id="oc-7e0">
         <name>.text:tcp_process</name>
         <load_address>0xd70</load_address>
         <run_address>0xd70</run_address>
         <size>0x3b0</size>
         <input_file_ref idref="fl-a"/>
      </object_component>
      <object_component id="oc-90d">
         <name>.text:tcp_write</name>
         <load_address>0x1120</load_address>
         <run_address>0x1120</run_address>
         <size>0x2ec</size>
         <input_file_ref idref="fl-a"/>
      </object_component>
      <object_component id="oc-2e5">
         <name>.text:tcp_slowtmr</name>
         <load_address>0x140c</load_address>
         <run_address>0x140c</run_address>
         <size>0x2c8</size>
         <input_file_ref idref="fl-a"/>
      </object_component>
      <object_component id="oc-5ed">
         <name>.text:echo_recv</name>
         <load_address>0x16d4</load_address>
         <run_address>0x16d4</run_address>
         <size>0x2b0</size>
         <input_file_ref idref="fl-3"/>
      </object_component>
      <object_component id="oc-8df">
         <name>.text</name>
         <load_address>0x1984</load_address>
         <run_address>0x1984</run_address>
         <size>0x2a0</size>
         <input_file_ref idref="fl-d1"/>
      </object_component>
      <object_component id="oc-65e">
         <name>.text:uvsnprintf</name>
         <load_address>0x1c24</load_address>
         <run_address>0x1c24</run_address>
         <size>0x24d</size>
         <input_file_ref idref="fl-c"/>
      </object_component>
      <object_component id="oc-37">
         <name>.text:FaultISR</name>
         <load_address>0x1e72</load_address>
         <run_address>0x1e72</run_address>
         <size>0x2</size>
         <input_file_ref idref="fl-4"/>
      </object_component>
      <object_component id="oc-6f1">
         <name>.text:dhcp_parse_reply</name>
         <load_address>0x1e74</load_address>
         <run_address>0x1e74</run_address>
         <size>0x228</size>
         <input_file_ref idref="fl-a"/>
      </object_component>
      <object_component id="oc-9a0">
         <name>.text</name>
         <load_address>0x209c</load_address>
         <run_address>0x209c</run_address>
         <size>0x21e</size>
         <input_file_ref idref="fl-e6"/>
      </object_component>
      <object_component id="oc-3d">
         <name>.text:IntDefaultHandler</name>
         <load_address>0x22ba</load_address>
         <run_address>0x22ba</run_address>
         <size>0x2</size>
         <input_file_ref idref="fl-4"/>
      </object_component>
      <object_component id="oc-207">
         <name>.text:PinoutSet</name>
         <load_address>0x22bc</load_address>
         <run_address>0x22bc</run_address>
         <size>0x218</size>
         <input_file_ref idref="fl-5"/>
      </object_component>
      <object_component id="oc-201">
         <name>.text:SysCtlClockFreqSet</name>
         <load_address>0x24d4</load_address>
         <run_address>0x24d4</run_address>
         <size>0x200</size>
         <input_file_ref idref="fl-f0"/>
      </object_component>
      <object_component id="oc-376">
         <name>.text:UARTvprintf</name>
         <load_address>0x26d4</load_address>
         <run_address>0x26d4</run_address>
         <size>0x1ea</size>
         <input_file_ref idref="fl-b"/>
      </object_component>
      <object_component id="oc-31">
         <name>.text:NmiSR</name>
         <load_address>0x28be</load_address>
         <run_address>0x28be</run_address>
         <size>0x2</size>
         <input_file_ref idref="fl-4"/>
      </object_component>
      <object_component id="oc-44a">
         <name>.text:ip_input</name>
         <load_address>0x28c0</load_address>
         <run_address>0x28c0</run_address>
         <size>0x1dc</size>
         <input_file_ref idref="fl-a"/>
      </object_component>
      <object_component id="oc-642">
         <name>.text:udp_input</name>
         <load_address>0x2a9c</load_address>
         <run_address>0x2a9c</run_address>
         <size>0x1c4</size>
         <input_file_ref idref="fl-a"/>
      </object_component>
      <object_component id="oc-f7">
         <name>.text:main</name>
         <load_address>0x2c60</load_address>
         <run_address>0x2c60</run_address>
         <size>0x198</size>
         <input_file_ref idref="fl-3"/>
      </object_component>
      <object_component id="oc-46c">
         <name>.text:tcp_output</name>
         <load_address>0x2df8</load_address>
         <run_address>0x2df8</run_address>
         <size>0x190</size>
         <input_file_ref idref="fl-a"/>
      </object_component>
      <object_component id="oc-64e">
         <name>.text:icmp_input</name>
         <load_address>0x2f88</load_address>
         <run_address>0x2f88</run_address>
         <size>0x184</size>
         <input_file_ref idref="fl-a"/>
      </object_component>
      <object_component id="oc-43e">
         <name>.text:etharp_arp_input</name>
         <load_address>0x310c</load_address>
         <run_address>0x310c</run_address>
         <size>0x150</size>
         <input_file_ref idref="fl-a"/>
      </object_component>
      <object_component id="oc-951">
         <name>.text:tcp_close_shutdown</name>
         <load_address>0x325c</load_address>
         <run_address>0x325c</run_address>
         <size>0x148</size>
         <input_file_ref idref="fl-a"/>
      </object_component>
      <object_component id="oc-16f">
         <name>.text:tivaif_receive</name>
         <load_address>0x33a4</load_address>
         <run_address>0x33a4</run_address>
         <size>0x140</size>
         <input_file_ref idref="fl-a"/>
      </object_component>
      <object_component id="oc-2c0">
         <name>.text:pbuf_alloc</name>
         <load_address>0x34e4</load_address>
         <run_address>0x34e4</run_address>
         <size>0x13a</size>
         <input_file_ref idref="fl-a"/>
      </object_component>
      <object_component id="oc-711">
         <name>.text</name>
         <load_address>0x361e</load_address>
         <run_address>0x361e</run_address>
         <size>0x2</size>
         <input_file_ref idref="fl-e5"/>
      </object_component>
      <object_component id="oc-782">
         <name>.text</name>
         <load_address>0x3620</load_address>
         <run_address>0x3620</run_address>
         <size>0x138</size>
         <input_file_ref idref="fl-cd"/>
      </object_component>
      <object_component id="oc-35a">
         <name>.text:GPIOPadConfigSet</name>
         <load_address>0x3758</load_address>
         <run_address>0x3758</run_address>
         <size>0x132</size>
         <input_file_ref idref="fl-ed"/>
      </object_component>
      <object_component id="oc-a0a">
         <name>.text</name>
         <load_address>0x388a</load_address>
         <run_address>0x388a</run_address>
         <size>0x2</size>
         <input_file_ref idref="fl-ea"/>
      </object_component>
      <object_component id="oc-6aa">
         <name>.text:dhcp_create_msg</name>
         <load_address>0x388c</load_address>
         <run_address>0x388c</run_address>
         <size>0x124</size>
         <input_file_ref idref="fl-a"/>
      </object_component>
      <object_component id="oc-73d">
         <name>.text:etharp_output</name>
         <load_address>0x39b0</load_address>
         <run_address>0x39b0</run_address>
         <size>0x11c</size>
         <input_file_ref idref="fl-a"/>
      </object_component>
      <object_component id="oc-6d7">
         <name>.text:etharp_query</name>
         <load_address>0x3acc</load_address>
         <run_address>0x3acc</run_address>
         <size>0x114</size>
         <input_file_ref idref="fl-a"/>
      </object_component>
      <object_component id="oc-7d4">
         <name>.text:tcp_listen_input</name>
         <load_address>0x3be0</load_address>
         <run_address>0x3be0</run_address>
         <size>0x114</size>
         <input_file_ref idref="fl-a"/>
      </object_component>
      <object_component id="oc-743">
         <name>.text:tivaif_transmit</name>
         <load_address>0x3cf4</load_address>
         <run_address>0x3cf4</run_address>
         <size>0x100</size>
         <input_file_ref idref="fl-a"/>
      </object_component>
      <object_component id="oc-255">
         <name>.text:mem_malloc</name>
         <load_address>0x3df4</load_address>
         <run_address>0x3df4</run_address>
         <size>0xf8</size>
         <input_file_ref idref="fl-a"/>
      </object_component>
      <object_component id="oc-23d">
         <name>.text:lwIPInit</name>
         <load_address>0x3eec</load_address>
         <run_address>0x3eec</run_address>
         <size>0xe8</size>
         <input_file_ref idref="fl-a"/>
      </object_component>
      <object_component id="oc-7c3">
         <name>.text:mem_trim</name>
         <load_address>0x3fd4</load_address>
         <run_address>0x3fd4</run_address>
         <size>0xe8</size>
         <input_file_ref idref="fl-a"/>
      </object_component>
      <object_component id="oc-7ae">
         <name>.text:etharp_find_entry</name>
         <load_address>0x40bc</load_address>
         <run_address>0x40bc</run_address>
         <size>0xe0</size>
         <input_file_ref idref="fl-a"/>
      </object_component>
      <object_component id="oc-4c3">
         <name>.text:etharp_raw</name>
         <load_address>0x419c</load_address>
         <run_address>0x419c</run_address>
         <size>0xdc</size>
         <input_file_ref idref="fl-a"/>
      </object_component>
      <object_component id="oc-187">
         <name>.text:autoip_tmr</name>
         <load_address>0x4278</load_address>
         <run_address>0x4278</run_address>
         <size>0xd4</size>
         <input_file_ref idref="fl-a"/>
      </object_component>
      <object_component id="oc-5b1">
         <name>.text:tcp_alloc</name>
         <load_address>0x434c</load_address>
         <run_address>0x434c</run_address>
         <size>0xd0</size>
         <input_file_ref idref="fl-a"/>
      </object_component>
      <object_component id="oc-51c">
         <name>.text:dhcp_recv</name>
         <load_address>0x441c</load_address>
         <run_address>0x441c</run_address>
         <size>0xcc</size>
         <input_file_ref idref="fl-a"/>
      </object_component>
      <object_component id="oc-4f4">
         <name>.text:dhcp_select</name>
         <load_address>0x44e8</load_address>
         <run_address>0x44e8</run_address>
         <size>0xcc</size>
         <input_file_ref idref="fl-a"/>
      </object_component>
      <object_component id="oc-4e2">
         <name>.text:dhcp_bind</name>
         <load_address>0x45b4</load_address>
         <run_address>0x45b4</run_address>
         <size>0xc8</size>
         <input_file_ref idref="fl-a"/>
      </object_component>
      <object_component id="oc-6be">
         <name>.text:udp_sendto_if</name>
         <load_address>0x467c</load_address>
         <run_address>0x467c</run_address>
         <size>0xc8</size>
         <input_file_ref idref="fl-a"/>
      </object_component>
      <object_component id="oc-873">
         <name>.text:InitDMADescriptors</name>
         <load_address>0x4744</load_address>
         <run_address>0x4744</run_address>
         <size>0xc4</size>
         <input_file_ref idref="fl-a"/>
      </object_component>
      <object_component id="oc-66c">
         <name>.text:tcp_output_segment</name>
         <load_address>0x4808</load_address>
         <run_address>0x4808</run_address>
         <size>0xc0</size>
         <input_file_ref idref="fl-a"/>
      </object_component>
      <object_component id="oc-4fa">
         <name>.text:dhcp_discover</name>
         <load_address>0x48c8</load_address>
         <run_address>0x48c8</run_address>
         <size>0xbc</size>
         <input_file_ref idref="fl-a"/>
      </object_component>
      <object_component id="oc-734">
         <name>.text:tivaif_hwinit</name>
         <load_address>0x4984</load_address>
         <run_address>0x4984</run_address>
         <size>0xbc</size>
         <input_file_ref idref="fl-a"/>
      </object_component>
      <object_component id="oc-9d7">
         <name>.text:tcp_create_segment</name>
         <load_address>0x4a40</load_address>
         <run_address>0x4a40</run_address>
         <size>0xb8</size>
         <input_file_ref idref="fl-a"/>
      </object_component>
      <object_component id="oc-bd">
         <name>.text:lwIPServiceTimers</name>
         <load_address>0x4af8</load_address>
         <run_address>0x4af8</run_address>
         <size>0xb0</size>
         <input_file_ref idref="fl-a"/>
      </object_component>
      <object_component id="oc-2ba">
         <name>.text:ethernet_input</name>
         <load_address>0x4ba8</load_address>
         <run_address>0x4ba8</run_address>
         <size>0xac</size>
         <input_file_ref idref="fl-a"/>
      </object_component>
      <object_component id="oc-329">
         <name>.text:dhcp_start</name>
         <load_address>0x4c54</load_address>
         <run_address>0x4c54</run_address>
         <size>0xa8</size>
         <input_file_ref idref="fl-a"/>
      </object_component>
      <object_component id="oc-175">
         <name>.text:lwIPHostTimerHandler</name>
         <load_address>0x4cfc</load_address>
         <run_address>0x4cfc</run_address>
         <size>0xa8</size>
         <input_file_ref idref="fl-3"/>
      </object_component>
      <object_component id="oc-92e">
         <name>.text:tcp_enqueue_flags</name>
         <load_address>0x4da4</load_address>
         <run_address>0x4da4</run_address>
         <size>0xa8</size>
         <input_file_ref idref="fl-a"/>
      </object_component>
      <object_component id="oc-4ee">
         <name>.text:dhcp_release</name>
         <load_address>0x4e4c</load_address>
         <run_address>0x4e4c</run_address>
         <size>0xa4</size>
         <input_file_ref idref="fl-a"/>
      </object_component>
      <object_component id="oc-7fc">
         <name>.text:ip_output_if</name>
         <load_address>0x4ef0</load_address>
         <run_address>0x4ef0</run_address>
         <size>0xa4</size>
         <input_file_ref idref="fl-a"/>
      </object_component>
      <object_component id="oc-788">
         <name>.text</name>
         <load_address>0x4f94</load_address>
         <run_address>0x4f94</run_address>
         <size>0xa4</size>
         <input_file_ref idref="fl-c7"/>
      </object_component>
      <object_component id="oc-5d">
         <name>.text</name>
         <load_address>0x5038</load_address>
         <run_address>0x5038</run_address>
         <size>0x9c</size>
         <input_file_ref idref="fl-cf"/>
      </object_component>
      <object_component id="oc-3d3">
         <name>.text:tcp_listen_with_backlog</name>
         <load_address>0x50d4</load_address>
         <run_address>0x50d4</run_address>
         <size>0x9c</size>
         <input_file_ref idref="fl-a"/>
      </object_component>
      <object_component id="oc-4dc">
         <name>.text:dhcp_reboot</name>
         <load_address>0x5170</load_address>
         <run_address>0x5170</run_address>
         <size>0x98</size>
         <input_file_ref idref="fl-a"/>
      </object_component>
      <object_component id="oc-8d2">
         <name>.text</name>
         <load_address>0x5208</load_address>
         <run_address>0x5208</run_address>
         <size>0x98</size>
         <input_file_ref idref="fl-e4"/>
      </object_component>
      <object_component id="oc-7f6">
         <name>.text:pbuf_copy</name>
         <load_address>0x52a0</load_address>
         <run_address>0x52a0</run_address>
         <size>0x92</size>
         <input_file_ref idref="fl-a"/>
      </object_component>
      <object_component id="oc-75">
         <name>.text</name>
         <load_address>0x5332</load_address>
         <run_address>0x5332</run_address>
         <size>0x2</size>
         <input_file_ref idref="fl-d2"/>
      </object_component>
      <object_component id="oc-81f">
         <name>.text:tcp_abandon</name>
         <load_address>0x5334</load_address>
         <run_address>0x5334</run_address>
         <size>0x90</size>
         <input_file_ref idref="fl-a"/>
      </object_component>
      <object_component id="oc-481">
         <name>.text:tcp_zero_window_probe</name>
         <load_address>0x53c4</load_address>
         <run_address>0x53c4</run_address>
         <size>0x8c</size>
         <input_file_ref idref="fl-a"/>
      </object_component>
      <object_component id="oc-3b9">
         <name>.text:LocatorReceive</name>
         <load_address>0x5450</load_address>
         <run_address>0x5450</run_address>
         <size>0x88</size>
         <input_file_ref idref="fl-9"/>
      </object_component>
      <object_component id="oc-199">
         <name>.text:lwIPLinkDetect</name>
         <load_address>0x54d8</load_address>
         <run_address>0x54d8</run_address>
         <size>0x84</size>
         <input_file_ref idref="fl-a"/>
      </object_component>
      <object_component id="oc-7da">
         <name>.text:tcp_timewait_input</name>
         <load_address>0x555c</load_address>
         <run_address>0x555c</run_address>
         <size>0x84</size>
         <input_file_ref idref="fl-a"/>
      </object_component>
      <object_component id="oc-610">
         <name>.text:autoip_arp_reply</name>
         <load_address>0x55e0</load_address>
         <run_address>0x55e0</run_address>
         <size>0x82</size>
         <input_file_ref idref="fl-a"/>
      </object_component>
      <object_component id="oc-ef">
         <name>.text</name>
         <load_address>0x5662</load_address>
         <run_address>0x5662</run_address>
         <size>0x2</size>
         <input_file_ref idref="fl-e7"/>
      </object_component>
      <object_component id="oc-4d5">
         <name>.text:dhcp_rebind</name>
         <load_address>0x5664</load_address>
         <run_address>0x5664</run_address>
         <size>0x80</size>
         <input_file_ref idref="fl-a"/>
      </object_component>
      <object_component id="oc-4ce">
         <name>.text:dhcp_renew</name>
         <load_address>0x56e4</load_address>
         <run_address>0x56e4</run_address>
         <size>0x80</size>
         <input_file_ref idref="fl-a"/>
      </object_component>
      <object_component id="oc-49">
         <name>.text:lwIPEthernetIntHandler</name>
         <load_address>0x5764</load_address>
         <run_address>0x5764</run_address>
         <size>0x80</size>
         <input_file_ref idref="fl-a"/>
      </object_component>
      <object_component id="oc-39d">
         <name>.text:lwIPPrivateInit</name>
         <load_address>0x57e4</load_address>
         <run_address>0x57e4</run_address>
         <size>0x80</size>
         <input_file_ref idref="fl-a"/>
      </object_component>
      <object_component id="oc-928">
         <name>.text:tcp_parseopt</name>
         <load_address>0x5864</load_address>
         <run_address>0x5864</run_address>
         <size>0x80</size>
         <input_file_ref idref="fl-a"/>
      </object_component>
      <object_component id="oc-703">
         <name>.text:dhcp_handle_ack</name>
         <load_address>0x58e4</load_address>
         <run_address>0x58e4</run_address>
         <size>0x7c</size>
         <input_file_ref idref="fl-a"/>
      </object_component>
      <object_component id="oc-310">
         <name>.text:dhcp_timeout</name>
         <load_address>0x5960</load_address>
         <run_address>0x5960</run_address>
         <size>0x7c</size>
         <input_file_ref idref="fl-a"/>
      </object_component>
      <object_component id="oc-3cd">
         <name>.text:tcp_bind</name>
         <load_address>0x59dc</load_address>
         <run_address>0x59dc</run_address>
         <size>0x7c</size>
         <input_file_ref idref="fl-a"/>
      </object_component>
      <object_component id="oc-499">
         <name>.text:tcp_rst</name>
         <load_address>0x5a58</load_address>
         <run_address>0x5a58</run_address>
         <size>0x7c</size>
         <input_file_ref idref="fl-a"/>
      </object_component>
      <object_component id="oc-163">
         <name>.text:tivaif_process_phy_interrupt</name>
         <load_address>0x5ad4</load_address>
         <run_address>0x5ad4</run_address>
         <size>0x7c</size>
         <input_file_ref idref="fl-a"/>
      </object_component>
      <object_component id="oc-69">
         <name>.text</name>
         <load_address>0x5b50</load_address>
         <run_address>0x5b50</run_address>
         <size>0x7a</size>
         <input_file_ref idref="fl-d0"/>
      </object_component>
      <object_component id="oc-397">
         <name>.text:EMACInit</name>
         <load_address>0x5bcc</load_address>
         <run_address>0x5bcc</run_address>
         <size>0x78</size>
         <input_file_ref idref="fl-eb"/>
      </object_component>
      <object_component id="oc-9ee">
         <name>.text:tcp_oos_insert_segment</name>
         <load_address>0x5c44</load_address>
         <run_address>0x5c44</run_address>
         <size>0x78</size>
         <input_file_ref idref="fl-a"/>
      </object_component>
      <object_component id="oc-616">
         <name>.text:etharp_update_arp_entry</name>
         <load_address>0x5cbc</load_address>
         <run_address>0x5cbc</run_address>
         <size>0x74</size>
         <input_file_ref idref="fl-a"/>
      </object_component>
      <object_component id="oc-636">
         <name>.text:raw_input</name>
         <load_address>0x5d30</load_address>
         <run_address>0x5d30</run_address>
         <size>0x74</size>
         <input_file_ref idref="fl-a"/>
      </object_component>
      <object_component id="oc-25b">
         <name>.text:echo_init</name>
         <load_address>0x5da4</load_address>
         <run_address>0x5da4</run_address>
         <size>0x70</size>
         <input_file_ref idref="fl-3"/>
      </object_component>
      <object_component id="oc-81">
         <name>.text</name>
         <load_address>0x5e14</load_address>
         <run_address>0x5e14</run_address>
         <size>0x70</size>
         <input_file_ref idref="fl-e2"/>
      </object_component>
      <object_component id="oc-2df">
         <name>.text:tcp_fasttmr</name>
         <load_address>0x5e84</load_address>
         <run_address>0x5e84</run_address>
         <size>0x70</size>
         <input_file_ref idref="fl-a"/>
      </object_component>
      <object_component id="oc-7cc">
         <name>.text:icmp_send_response</name>
         <load_address>0x5ef4</load_address>
         <run_address>0x5ef4</run_address>
         <size>0x6c</size>
         <input_file_ref idref="fl-a"/>
      </object_component>
      <object_component id="oc-723">
         <name>.text:memp_init</name>
         <load_address>0x5f60</load_address>
         <run_address>0x5f60</run_address>
         <size>0x6c</size>
         <input_file_ref idref="fl-a"/>
      </object_component>
      <object_component id="oc-89d">
         <name>.text:IntEnable</name>
         <load_address>0x5fcc</load_address>
         <run_address>0x5fcc</run_address>
         <size>0x68</size>
         <input_file_ref idref="fl-ee"/>
      </object_component>
      <object_component id="oc-12">
         <name>.text:decompress:lzss</name>
         <load_address>0x6034</load_address>
         <run_address>0x6034</run_address>
         <size>0x68</size>
         <input_file_ref idref="fl-c9"/>
      </object_component>
      <object_component id="oc-7bc">
         <name>.text:dhcp_decline</name>
         <load_address>0x609c</load_address>
         <run_address>0x609c</run_address>
         <size>0x68</size>
         <input_file_ref idref="fl-a"/>
      </object_component>
      <object_component id="oc-946">
         <name>.text:lwip_standard_chksum</name>
         <load_address>0x6104</load_address>
         <run_address>0x6104</run_address>
         <size>0x68</size>
         <input_file_ref idref="fl-a"/>
      </object_component>
      <object_component id="oc-4aa">
         <name>.text:netif_set_ipaddr</name>
         <load_address>0x616c</load_address>
         <run_address>0x616c</run_address>
         <size>0x68</size>
         <input_file_ref idref="fl-a"/>
      </object_component>
      <object_component id="oc-688">
         <name>.text:pbuf_copy_partial</name>
         <load_address>0x61d4</load_address>
         <run_address>0x61d4</run_address>
         <size>0x68</size>
         <input_file_ref idref="fl-a"/>
      </object_component>
      <object_component id="oc-98f">
         <name>.text</name>
         <load_address>0x623c</load_address>
         <run_address>0x623c</run_address>
         <size>0x68</size>
         <input_file_ref idref="fl-e8"/>
      </object_component>
      <object_component id="oc-762">
         <name>.text:sys_timeout</name>
         <load_address>0x62a4</load_address>
         <run_address>0x62a4</run_address>
         <size>0x68</size>
         <input_file_ref idref="fl-a"/>
      </object_component>
      <object_component id="oc-682">
         <name>.text:tcp_output_alloc_header</name>
         <load_address>0x630c</load_address>
         <run_address>0x630c</run_address>
         <size>0x68</size>
         <input_file_ref idref="fl-a"/>
      </object_component>
      <object_component id="oc-472">
         <name>.text:tcp_process_refused_data</name>
         <load_address>0x6374</load_address>
         <run_address>0x6374</run_address>
         <size>0x68</size>
         <input_file_ref idref="fl-a"/>
      </object_component>
      <object_component id="oc-3b0">
         <name>.text:udp_bind</name>
         <load_address>0x63dc</load_address>
         <run_address>0x63dc</run_address>
         <size>0x68</size>
         <input_file_ref idref="fl-a"/>
      </object_component>
      <object_component id="oc-42a">
         <name>.text:mem_free</name>
         <load_address>0x6444</load_address>
         <run_address>0x6444</run_address>
         <size>0x64</size>
         <input_file_ref idref="fl-a"/>
      </object_component>
      <object_component id="oc-603">
         <name>.text:plug_holes</name>
         <load_address>0x64a8</load_address>
         <run_address>0x64a8</run_address>
         <size>0x64</size>
         <input_file_ref idref="fl-a"/>
      </object_component>
      <object_component id="oc-444">
         <name>.text:pbuf_header</name>
         <load_address>0x650c</load_address>
         <run_address>0x650c</run_address>
         <size>0x62</size>
         <input_file_ref idref="fl-a"/>
      </object_component>
      <object_component id="oc-20d">
         <name>.text:UARTStdioConfig</name>
         <load_address>0x6570</load_address>
         <run_address>0x6570</run_address>
         <size>0x60</size>
         <input_file_ref idref="fl-b"/>
      </object_component>
      <object_component id="oc-71d">
         <name>.text:mem_init</name>
         <load_address>0x65d0</load_address>
         <run_address>0x65d0</run_address>
         <size>0x5c</size>
         <input_file_ref idref="fl-a"/>
      </object_component>
      <object_component id="oc-7e6">
         <name>.text:tcp_pcb_remove</name>
         <load_address>0x662c</load_address>
         <run_address>0x662c</run_address>
         <size>0x5c</size>
         <input_file_ref idref="fl-a"/>
      </object_component>
      <object_component id="oc-62a">
         <name>.text:pbuf_realloc</name>
         <load_address>0x6688</load_address>
         <run_address>0x6688</run_address>
         <size>0x5a</size>
         <input_file_ref idref="fl-a"/>
      </object_component>
      <object_component id="oc-391">
         <name>.text:EMACPHYConfigSet</name>
         <load_address>0x66e4</load_address>
         <run_address>0x66e4</run_address>
         <size>0x58</size>
         <input_file_ref idref="fl-eb"/>
      </object_component>
      <object_component id="oc-32f">
         <name>.text:autoip_start</name>
         <load_address>0x673c</load_address>
         <run_address>0x673c</run_address>
         <size>0x58</size>
         <input_file_ref idref="fl-a"/>
      </object_component>
      <object_component id="oc-78e">
         <name>.text:echo_send</name>
         <load_address>0x6794</load_address>
         <run_address>0x6794</run_address>
         <size>0x58</size>
         <input_file_ref idref="fl-3"/>
      </object_component>
      <object_component id="oc-454">
         <name>.text:memp_malloc</name>
         <load_address>0x67ec</load_address>
         <run_address>0x67ec</run_address>
         <size>0x58</size>
         <input_file_ref idref="fl-a"/>
      </object_component>
      <object_component id="oc-93c">
         <name>.text:tcp_rexmit</name>
         <load_address>0x6844</load_address>
         <run_address>0x6844</run_address>
         <size>0x56</size>
         <input_file_ref idref="fl-a"/>
      </object_component>
      <object_component id="oc-243">
         <name>.text:LocatorInit</name>
         <load_address>0x689c</load_address>
         <run_address>0x689c</run_address>
         <size>0x54</size>
         <input_file_ref idref="fl-9"/>
      </object_component>
      <object_component id="oc-523">
         <name>.text:autoip_create_addr</name>
         <load_address>0x68f0</load_address>
         <run_address>0x68f0</run_address>
         <size>0x54</size>
         <input_file_ref idref="fl-a"/>
      </object_component>
      <object_component id="oc-587">
         <name>.text:netif_add</name>
         <load_address>0x6944</load_address>
         <run_address>0x6944</run_address>
         <size>0x54</size>
         <input_file_ref idref="fl-a"/>
      </object_component>
      <object_component id="oc-24">
         <name>.text</name>
         <load_address>0x6998</load_address>
         <run_address>0x6998</run_address>
         <size>0x54</size>
         <input_file_ref idref="fl-c8"/>
      </object_component>
      <object_component id="oc-8d">
         <name>.text</name>
         <load_address>0x69ec</load_address>
         <run_address>0x69ec</run_address>
         <size>0x54</size>
         <input_file_ref idref="fl-cc"/>
      </object_component>
      <object_component id="oc-5b8">
         <name>.text:tcp_new_port</name>
         <load_address>0x6a40</load_address>
         <run_address>0x6a40</run_address>
         <size>0x54</size>
         <input_file_ref idref="fl-a"/>
      </object_component>
      <object_component id="oc-9d1">
         <name>.text:tcp_pbuf_prealloc</name>
         <load_address>0x6a94</load_address>
         <run_address>0x6a94</run_address>
         <size>0x52</size>
         <input_file_ref idref="fl-a"/>
      </object_component>
      <object_component id="oc-169">
         <name>.text:tivaif_process_transmit</name>
         <load_address>0x6ae6</load_address>
         <run_address>0x6ae6</run_address>
         <size>0x52</size>
         <input_file_ref idref="fl-a"/>
      </object_component>
      <object_component id="oc-563">
         <name>.text:SysCtlPeripheralReset</name>
         <load_address>0x6b38</load_address>
         <run_address>0x6b38</run_address>
         <size>0x50</size>
         <input_file_ref idref="fl-f0"/>
      </object_component>
      <object_component id="oc-74b">
         <name>.text:ip_route</name>
         <load_address>0x6b88</load_address>
         <run_address>0x6b88</run_address>
         <size>0x50</size>
         <input_file_ref idref="fl-a"/>
      </object_component>
      <object_component id="oc-8fe">
         <name>.text</name>
         <load_address>0x6bd8</load_address>
         <run_address>0x6bd8</run_address>
         <size>0x50</size>
         <input_file_ref idref="fl-e0"/>
      </object_component>
      <object_component id="oc-729">
         <name>.text:sys_timeouts_init</name>
         <load_address>0x6c28</load_address>
         <run_address>0x6c28</run_address>
         <size>0x50</size>
         <input_file_ref idref="fl-a"/>
      </object_component>
      <object_component id="oc-9cb">
         <name>.text:tcp_write_checks</name>
         <load_address>0x6c78</load_address>
         <run_address>0x6c78</run_address>
         <size>0x50</size>
         <input_file_ref idref="fl-a"/>
      </object_component>
      <object_component id="oc-529">
         <name>.text:autoip_start_probing</name>
         <load_address>0x6cc8</load_address>
         <run_address>0x6cc8</run_address>
         <size>0x4e</size>
         <input_file_ref idref="fl-a"/>
      </object_component>
      <object_component id="oc-7f0">
         <name>.text:inet_chksum_pbuf</name>
         <load_address>0x6d16</load_address>
         <run_address>0x6d16</run_address>
         <size>0x4e</size>
         <input_file_ref idref="fl-a"/>
      </object_component>
      <object_component id="oc-2ad">
         <name>.text:pbuf_free</name>
         <load_address>0x6d64</load_address>
         <run_address>0x6d64</run_address>
         <size>0x4e</size>
         <input_file_ref idref="fl-a"/>
      </object_component>
      <object_component id="oc-3e2">
         <name>.text:echo_accept</name>
         <load_address>0x6db4</load_address>
         <run_address>0x6db4</run_address>
         <size>0x4c</size>
         <input_file_ref idref="fl-3"/>
      </object_component>
      <object_component id="oc-8b2">
         <name>.text:etharp_output_to_arp_index</name>
         <load_address>0x6e00</load_address>
         <run_address>0x6e00</run_address>
         <size>0x4c</size>
         <input_file_ref idref="fl-a"/>
      </object_component>
      <object_component id="oc-e9">
         <name>.text</name>
         <load_address>0x6e4c</load_address>
         <run_address>0x6e4c</run_address>
         <size>0x4c</size>
         <input_file_ref idref="fl-e3"/>
      </object_component>
      <object_component id="oc-b7">
         <name>.text:tivaif_interrupt</name>
         <load_address>0x6e98</load_address>
         <run_address>0x6e98</run_address>
         <size>0x4c</size>
         <input_file_ref idref="fl-a"/>
      </object_component>
      <object_component id="oc-516">
         <name>.text:udp_connect</name>
         <load_address>0x6ee4</load_address>
         <run_address>0x6ee4</run_address>
         <size>0x4c</size>
         <input_file_ref idref="fl-a"/>
      </object_component>
      <object_component id="oc-59c">
         <name>.text:udp_new_port</name>
         <load_address>0x6f30</load_address>
         <run_address>0x6f30</run_address>
         <size>0x4c</size>
         <input_file_ref idref="fl-a"/>
      </object_component>
      <object_component id="oc-550">
         <name>.text:UARTwrite</name>
         <load_address>0x6f7c</load_address>
         <run_address>0x6f7c</run_address>
         <size>0x48</size>
         <input_file_ref idref="fl-b"/>
      </object_component>
      <object_component id="oc-34a">
         <name>.text:_SysCtlFrequencyGet</name>
         <load_address>0x6fc4</load_address>
         <run_address>0x6fc4</run_address>
         <size>0x48</size>
         <input_file_ref idref="fl-f0"/>
      </object_component>
      <object_component id="oc-68e">
         <name>.text:ip_output</name>
         <load_address>0x700c</load_address>
         <run_address>0x700c</run_address>
         <size>0x48</size>
         <input_file_ref idref="fl-a"/>
      </object_component>
      <object_component id="oc-758">
         <name>.text:tcp_kill_prio</name>
         <load_address>0x7054</load_address>
         <run_address>0x7054</run_address>
         <size>0x48</size>
         <input_file_ref idref="fl-a"/>
      </object_component>
      <object_component id="oc-9e2">
         <name>.text:tcp_rexmit_fast</name>
         <load_address>0x709c</load_address>
         <run_address>0x709c</run_address>
         <size>0x48</size>
         <input_file_ref idref="fl-a"/>
      </object_component>
      <object_component id="oc-8b9">
         <name>.text:tivaif_check_pbuf</name>
         <load_address>0x70e4</load_address>
         <run_address>0x70e4</run_address>
         <size>0x48</size>
         <input_file_ref idref="fl-a"/>
      </object_component>
      <object_component id="oc-666">
         <name>.text:tcp_send_empty_ack</name>
         <load_address>0x712c</load_address>
         <run_address>0x712c</run_address>
         <size>0x46</size>
         <input_file_ref idref="fl-a"/>
      </object_component>
      <object_component id="oc-9f7">
         <name>.text:tcp_send_fin</name>
         <load_address>0x7172</load_address>
         <run_address>0x7172</run_address>
         <size>0x46</size>
         <input_file_ref idref="fl-a"/>
      </object_component>
      <object_component id="oc-487">
         <name>.text:tcp_keepalive</name>
         <load_address>0x71b8</load_address>
         <run_address>0x71b8</run_address>
         <size>0x44</size>
         <input_file_ref idref="fl-a"/>
      </object_component>
      <object_component id="oc-409">
         <name>.text:dhcp_network_changed</name>
         <load_address>0x71fc</load_address>
         <run_address>0x71fc</run_address>
         <size>0x42</size>
         <input_file_ref idref="fl-a"/>
      </object_component>
      <object_component id="oc-6cf">
         <name>.text:dhcp_option_long</name>
         <load_address>0x723e</load_address>
         <run_address>0x723e</run_address>
         <size>0x42</size>
         <input_file_ref idref="fl-a"/>
      </object_component>
      <object_component id="oc-493">
         <name>.text:tcp_pcb_purge</name>
         <load_address>0x7280</load_address>
         <run_address>0x7280</run_address>
         <size>0x42</size>
         <input_file_ref idref="fl-a"/>
      </object_component>
      <object_component id="oc-17b">
         <name>.text:etharp_tmr</name>
         <load_address>0x72c4</load_address>
         <run_address>0x72c4</run_address>
         <size>0x40</size>
         <input_file_ref idref="fl-a"/>
      </object_component>
      <object_component id="oc-556">
         <name>.text</name>
         <load_address>0x7304</load_address>
         <run_address>0x7304</run_address>
         <size>0x40</size>
         <input_file_ref idref="fl-de"/>
      </object_component>
      <object_component id="oc-29a">
         <name>.text:netif_set_link_up</name>
         <load_address>0x7344</load_address>
         <run_address>0x7344</run_address>
         <size>0x3e</size>
         <input_file_ref idref="fl-a"/>
      </object_component>
      <object_component id="oc-18d">
         <name>.text:dhcp_coarse_tmr</name>
         <load_address>0x7384</load_address>
         <run_address>0x7384</run_address>
         <size>0x3c</size>
         <input_file_ref idref="fl-a"/>
      </object_component>
      <object_component id="oc-897">
         <name>.text:EMACIntEnable</name>
         <load_address>0x73c0</load_address>
         <run_address>0x73c0</run_address>
         <size>0x3a</size>
         <input_file_ref idref="fl-eb"/>
      </object_component>
      <object_component id="oc-2cd">
         <name>.text:DisplayIPAddress</name>
         <load_address>0x73fc</load_address>
         <run_address>0x73fc</run_address>
         <size>0x38</size>
         <input_file_ref idref="fl-3"/>
      </object_component>
      <object_component id="oc-2a6">
         <name>.text:EMACConfigSet</name>
         <load_address>0x7434</load_address>
         <run_address>0x7434</run_address>
         <size>0x38</size>
         <input_file_ref idref="fl-eb"/>
      </object_component>
      <object_component id="oc-24f">
         <name>.text:LocatorAppTitleSet</name>
         <load_address>0x746c</load_address>
         <run_address>0x746c</run_address>
         <size>0x38</size>
         <input_file_ref idref="fl-9"/>
      </object_component>
      <object_component id="oc-569">
         <name>.text:SysCtlPeripheralReady</name>
         <load_address>0x74a4</load_address>
         <run_address>0x74a4</run_address>
         <size>0x38</size>
         <input_file_ref idref="fl-f0"/>
      </object_component>
      <object_component id="oc-193">
         <name>.text:dhcp_fine_tmr</name>
         <load_address>0x74dc</load_address>
         <run_address>0x74dc</run_address>
         <size>0x38</size>
         <input_file_ref idref="fl-a"/>
      </object_component>
      <object_component id="oc-6fd">
         <name>.text:dhcp_handle_nak</name>
         <load_address>0x7514</load_address>
         <run_address>0x7514</run_address>
         <size>0x38</size>
         <input_file_ref idref="fl-a"/>
      </object_component>
      <object_component id="oc-31d">
         <name>.text:dhcp_stop</name>
         <load_address>0x754c</load_address>
         <run_address>0x754c</run_address>
         <size>0x38</size>
         <input_file_ref idref="fl-a"/>
      </object_component>
      <object_component id="oc-430">
         <name>.text:memp_free</name>
         <load_address>0x7584</load_address>
         <run_address>0x7584</run_address>
         <size>0x38</size>
         <input_file_ref idref="fl-a"/>
      </object_component>
      <object_component id="oc-768">
         <name>.text:tcpip_tcp_timer</name>
         <load_address>0x75bc</load_address>
         <run_address>0x75bc</run_address>
         <size>0x38</size>
         <input_file_ref idref="fl-a"/>
      </object_component>
      <object_component id="oc-5a6">
         <name>.text:udp_sendto</name>
         <load_address>0x75f4</load_address>
         <run_address>0x75f4</run_address>
         <size>0x38</size>
         <input_file_ref idref="fl-a"/>
      </object_component>
      <object_component id="oc-2a0">
         <name>.text:EMACConfigGet</name>
         <load_address>0x762c</load_address>
         <run_address>0x762c</run_address>
         <size>0x34</size>
         <input_file_ref idref="fl-eb"/>
      </object_component>
      <object_component id="oc-885">
         <name>.text:EMACIntClear</name>
         <load_address>0x7660</load_address>
         <run_address>0x7660</run_address>
         <size>0x34</size>
         <input_file_ref idref="fl-eb"/>
      </object_component>
      <object_component id="oc-2fb">
         <name>.text:autoip_arp_probe</name>
         <load_address>0x7694</load_address>
         <run_address>0x7694</run_address>
         <size>0x34</size>
         <input_file_ref idref="fl-a"/>
      </object_component>
      <object_component id="oc-752">
         <name>.text:tcp_kill_timewait</name>
         <load_address>0x76c8</load_address>
         <run_address>0x76c8</run_address>
         <size>0x34</size>
         <input_file_ref idref="fl-a"/>
      </object_component>
      <object_component id="oc-5be">
         <name>.text:tcp_timer_needed</name>
         <load_address>0x76fc</load_address>
         <run_address>0x76fc</run_address>
         <size>0x34</size>
         <input_file_ref idref="fl-a"/>
      </object_component>
      <object_component id="oc-593">
         <name>.text:tivaif_init</name>
         <load_address>0x7730</load_address>
         <run_address>0x7730</run_address>
         <size>0x34</size>
         <input_file_ref idref="fl-a"/>
      </object_component>
      <object_component id="oc-630">
         <name>.text:ip4_addr_isbroadcast</name>
         <load_address>0x7764</load_address>
         <run_address>0x7764</run_address>
         <size>0x32</size>
         <input_file_ref idref="fl-a"/>
      </object_component>
      <object_component id="oc-794">
         <name>.text:tcp_recved</name>
         <load_address>0x7796</load_address>
         <run_address>0x7796</run_address>
         <size>0x32</size>
         <input_file_ref idref="fl-a"/>
      </object_component>
      <object_component id="oc-6b8">
         <name>.text:dhcp_option_trailer</name>
         <load_address>0x77c8</load_address>
         <run_address>0x77c8</run_address>
         <size>0x30</size>
         <input_file_ref idref="fl-a"/>
      </object_component>
      <object_component id="oc-914">
         <name>.text:tcp_update_rcv_ann_wnd</name>
         <load_address>0x77f8</load_address>
         <run_address>0x77f8</run_address>
         <size>0x30</size>
         <input_file_ref idref="fl-a"/>
      </object_component>
      <object_component id="oc-502">
         <name>.text:udp_remove</name>
         <load_address>0x7828</load_address>
         <run_address>0x7828</run_address>
         <size>0x30</size>
         <input_file_ref idref="fl-a"/>
      </object_component>
      <object_component id="oc-47b">
         <name>.text:tcp_rexmit_rto</name>
         <load_address>0x7858</load_address>
         <run_address>0x7858</run_address>
         <size>0x2e</size>
         <input_file_ref idref="fl-a"/>
      </object_component>
      <object_component id="oc-a5">
         <name>.text:EMACIntStatus</name>
         <load_address>0x7886</load_address>
         <run_address>0x7886</run_address>
         <size>0x2c</size>
         <input_file_ref idref="fl-eb"/>
      </object_component>
      <object_component id="oc-2f5">
         <name>.text:autoip_arp_announce</name>
         <load_address>0x78b4</load_address>
         <run_address>0x78b4</run_address>
         <size>0x2c</size>
         <input_file_ref idref="fl-a"/>
      </object_component>
      <object_component id="oc-6f7">
         <name>.text:dhcp_handle_offer</name>
         <load_address>0x78e0</load_address>
         <run_address>0x78e0</run_address>
         <size>0x2c</size>
         <input_file_ref idref="fl-a"/>
      </object_component>
      <object_component id="oc-776">
         <name>.text:echo_close</name>
         <load_address>0x790c</load_address>
         <run_address>0x790c</run_address>
         <size>0x2c</size>
         <input_file_ref idref="fl-3"/>
      </object_component>
      <object_component id="oc-415">
         <name>.text:etharp_request</name>
         <load_address>0x7938</load_address>
         <run_address>0x7938</run_address>
         <size>0x2c</size>
         <input_file_ref idref="fl-a"/>
      </object_component>
      <object_component id="oc-382">
         <name>.text:GPIODirModeSet</name>
         <load_address>0x7964</load_address>
         <run_address>0x7964</run_address>
         <size>0x2a</size>
         <input_file_ref idref="fl-ed"/>
      </object_component>
      <object_component id="oc-2ef">
         <name>.text:autoip_bind</name>
         <load_address>0x798e</load_address>
         <run_address>0x798e</run_address>
         <size>0x2a</size>
         <input_file_ref idref="fl-a"/>
      </object_component>
      <object_component id="oc-2b4">
         <name>.text:pbuf_cat</name>
         <load_address>0x79b8</load_address>
         <run_address>0x79b8</run_address>
         <size>0x2a</size>
         <input_file_ref idref="fl-a"/>
      </object_component>
      <object_component id="oc-803">
         <name>.text:ustrncpy</name>
         <load_address>0x79e2</load_address>
         <run_address>0x79e2</run_address>
         <size>0x2a</size>
         <input_file_ref idref="fl-c"/>
      </object_component>
      <object_component id="oc-6e9">
         <name>.text:etharp_cleanup_netif</name>
         <load_address>0x7a0c</load_address>
         <run_address>0x7a0c</run_address>
         <size>0x28</size>
         <input_file_ref idref="fl-a"/>
      </object_component>
      <object_component id="oc-28e">
         <name>.text:EMACPHYRead</name>
         <load_address>0x7a34</load_address>
         <run_address>0x7a34</run_address>
         <size>0x26</size>
         <input_file_ref idref="fl-eb"/>
      </object_component>
      <object_component id="oc-879">
         <name>.text:EMACPHYWrite</name>
         <load_address>0x7a5a</load_address>
         <run_address>0x7a5a</run_address>
         <size>0x26</size>
         <input_file_ref idref="fl-eb"/>
      </object_component>
      <object_component id="oc-4e8">
         <name>.text:dhcp_check</name>
         <load_address>0x7a80</load_address>
         <run_address>0x7a80</run_address>
         <size>0x26</size>
         <input_file_ref idref="fl-a"/>
      </object_component>
      <object_component id="oc-67a">
         <name>.text:tcp_recv_null</name>
         <load_address>0x7aa6</load_address>
         <run_address>0x7aa6</run_address>
         <size>0x26</size>
         <input_file_ref idref="fl-a"/>
      </object_component>
      <object_component id="oc-261">
         <name>.text:IntPrioritySet</name>
         <load_address>0x7acc</load_address>
         <run_address>0x7acc</run_address>
         <size>0x24</size>
         <input_file_ref idref="fl-ee"/>
      </object_component>
      <object_component id="oc-2d5">
         <name>.text:etharp_free_entry</name>
         <load_address>0x7af0</load_address>
         <run_address>0x7af0</run_address>
         <size>0x24</size>
         <input_file_ref idref="fl-a"/>
      </object_component>
      <object_component id="oc-4bc">
         <name>.text:netif_set_up</name>
         <load_address>0x7b14</load_address>
         <run_address>0x7b14</run_address>
         <size>0x24</size>
         <input_file_ref idref="fl-a"/>
      </object_component>
      <object_component id="oc-438">
         <name>.text</name>
         <load_address>0x7b38</load_address>
         <run_address>0x7b38</run_address>
         <size>0x24</size>
         <input_file_ref idref="fl-ce"/>
      </object_component>
      <object_component id="oc-9e8">
         <name>.text:tcp_seg_copy</name>
         <load_address>0x7b5c</load_address>
         <run_address>0x7b5c</run_address>
         <size>0x24</size>
         <input_file_ref idref="fl-a"/>
      </object_component>
      <object_component id="oc-6b2">
         <name>.text:dhcp_option_short</name>
         <load_address>0x7b80</load_address>
         <run_address>0x7b80</run_address>
         <size>0x22</size>
         <input_file_ref idref="fl-a"/>
      </object_component>
      <object_component id="oc-249">
         <name>.text:LocatorMACAddrSet</name>
         <load_address>0x7ba4</load_address>
         <run_address>0x7ba4</run_address>
         <size>0x20</size>
         <input_file_ref idref="fl-9"/>
      </object_component>
      <object_component id="oc-344">
         <name>.text:_SysCtlMemTimingGet</name>
         <load_address>0x7bc4</load_address>
         <run_address>0x7bc4</run_address>
         <size>0x20</size>
         <input_file_ref idref="fl-f0"/>
      </object_component>
      <object_component id="oc-7a1">
         <name>.text:autoip_handle_arp_conflict</name>
         <load_address>0x7be4</load_address>
         <run_address>0x7be4</run_address>
         <size>0x20</size>
         <input_file_ref idref="fl-a"/>
      </object_component>
      <object_component id="oc-6ac">
         <name>.text:dhcp_option</name>
         <load_address>0x7c04</load_address>
         <run_address>0x7c04</run_address>
         <size>0x20</size>
         <input_file_ref idref="fl-a"/>
      </object_component>
      <object_component id="oc-7b4">
         <name>.text:etharp_send_ip</name>
         <load_address>0x7c24</load_address>
         <run_address>0x7c24</run_address>
         <size>0x20</size>
         <input_file_ref idref="fl-a"/>
      </object_component>
      <object_component id="oc-9b">
         <name>.text:lwIPTimer</name>
         <load_address>0x7c44</load_address>
         <run_address>0x7c44</run_address>
         <size>0x20</size>
         <input_file_ref idref="fl-a"/>
      </object_component>
      <object_component id="oc-80d">
         <name>.text:tcp_eff_send_mss</name>
         <load_address>0x7c64</load_address>
         <run_address>0x7c64</run_address>
         <size>0x20</size>
         <input_file_ref idref="fl-a"/>
      </object_component>
      <object_component id="oc-181">
         <name>.text:tcp_tmr</name>
         <load_address>0x7c84</load_address>
         <run_address>0x7c84</run_address>
         <size>0x20</size>
         <input_file_ref idref="fl-a"/>
      </object_component>
      <object_component id="oc-462">
         <name>.text:usprintf</name>
         <load_address>0x7ca4</load_address>
         <run_address>0x7ca4</run_address>
         <size>0x20</size>
         <input_file_ref idref="fl-c"/>
      </object_component>
      <object_component id="oc-86d">
         <name>.text:EMACAddrGet</name>
         <load_address>0x7cc4</load_address>
         <run_address>0x7cc4</run_address>
         <size>0x1e</size>
         <input_file_ref idref="fl-eb"/>
      </object_component>
      <object_component id="oc-50f">
         <name>.text:netif_set_down</name>
         <load_address>0x7ce2</load_address>
         <run_address>0x7ce2</run_address>
         <size>0x1e</size>
         <input_file_ref idref="fl-a"/>
      </object_component>
      <object_component id="oc-8f8">
         <name>.text</name>
         <load_address>0x7d00</load_address>
         <run_address>0x7d00</run_address>
         <size>0x1e</size>
         <input_file_ref idref="fl-d5"/>
      </object_component>
      <object_component id="oc-2c7">
         <name>.text:lwIPLocalIPAddrGet</name>
         <load_address>0x7d20</load_address>
         <run_address>0x7d20</run_address>
         <size>0x1c</size>
         <input_file_ref idref="fl-a"/>
      </object_component>
      <object_component id="oc-317">
         <name>.text:netif_set_addr</name>
         <load_address>0x7d3c</load_address>
         <run_address>0x7d3c</run_address>
         <size>0x1c</size>
         <input_file_ref idref="fl-a"/>
      </object_component>
      <object_component id="oc-3a4">
         <name>.text:udp_new</name>
         <load_address>0x7d58</load_address>
         <run_address>0x7d58</run_address>
         <size>0x1c</size>
         <input_file_ref idref="fl-a"/>
      </object_component>
      <object_component id="oc-213">
         <name>.text:UARTprintf</name>
         <load_address>0x7d74</load_address>
         <run_address>0x7d74</run_address>
         <size>0x1a</size>
         <input_file_ref idref="fl-b"/>
      </object_component>
      <object_component id="oc-40f">
         <name>.text:autoip_network_changed</name>
         <load_address>0x7d8e</load_address>
         <run_address>0x7d8e</run_address>
         <size>0x1a</size>
         <input_file_ref idref="fl-a"/>
      </object_component>
      <object_component id="oc-622">
         <name>.text:dhcp_arp_reply</name>
         <load_address>0x7da8</load_address>
         <run_address>0x7da8</run_address>
         <size>0x1a</size>
         <input_file_ref idref="fl-a"/>
      </object_component>
      <object_component id="oc-581">
         <name>.text:lwip_htonl</name>
         <load_address>0x7dc2</load_address>
         <run_address>0x7dc2</run_address>
         <size>0x1a</size>
         <input_file_ref idref="fl-a"/>
      </object_component>
      <object_component id="oc-219">
         <name>.text:GPIOPinTypeGPIOOutput</name>
         <load_address>0x7ddc</load_address>
         <run_address>0x7ddc</run_address>
         <size>0x18</size>
         <input_file_ref idref="fl-ed"/>
      </object_component>
      <object_component id="oc-854">
         <name>.text:arp_timer</name>
         <load_address>0x7df4</load_address>
         <run_address>0x7df4</run_address>
         <size>0x18</size>
         <input_file_ref idref="fl-a"/>
      </object_component>
      <object_component id="oc-866">
         <name>.text:autoip_timer</name>
         <load_address>0x7e0c</load_address>
         <run_address>0x7e0c</run_address>
         <size>0x18</size>
         <input_file_ref idref="fl-a"/>
      </object_component>
      <object_component id="oc-85a">
         <name>.text:dhcp_timer_coarse</name>
         <load_address>0x7e24</load_address>
         <run_address>0x7e24</run_address>
         <size>0x18</size>
         <input_file_ref idref="fl-a"/>
      </object_component>
      <object_component id="oc-860">
         <name>.text:dhcp_timer_fine</name>
         <load_address>0x7e3c</load_address>
         <run_address>0x7e3c</run_address>
         <size>0x18</size>
         <input_file_ref idref="fl-a"/>
      </object_component>
      <object_component id="oc-45a">
         <name>.text:pbuf_pool_is_empty</name>
         <load_address>0x7e54</load_address>
         <run_address>0x7e54</run_address>
         <size>0x18</size>
         <input_file_ref idref="fl-a"/>
      </object_component>
      <object_component id="oc-87">
         <name>.text</name>
         <load_address>0x7e6c</load_address>
         <run_address>0x7e6c</run_address>
         <size>0x18</size>
         <input_file_ref idref="fl-e1"/>
      </object_component>
      <object_component id="oc-75e">
         <name>.text:tcp_next_iss</name>
         <load_address>0x7e84</load_address>
         <run_address>0x7e84</run_address>
         <size>0x18</size>
         <input_file_ref idref="fl-a"/>
      </object_component>
      <object_component id="oc-672">
         <name>.text:tcp_seg_free</name>
         <load_address>0x7e9c</load_address>
         <run_address>0x7e9c</run_address>
         <size>0x18</size>
         <input_file_ref idref="fl-a"/>
      </object_component>
      <object_component id="oc-570">
         <name>.text:EMACReset</name>
         <load_address>0x7eb4</load_address>
         <run_address>0x7eb4</run_address>
         <size>0x16</size>
         <input_file_ref idref="fl-eb"/>
      </object_component>
      <object_component id="oc-891">
         <name>.text:EMACRxEnable</name>
         <load_address>0x7eca</load_address>
         <run_address>0x7eca</run_address>
         <size>0x16</size>
         <input_file_ref idref="fl-eb"/>
      </object_component>
      <object_component id="oc-88b">
         <name>.text:EMACTxEnable</name>
         <load_address>0x7ee0</load_address>
         <run_address>0x7ee0</run_address>
         <size>0x16</size>
         <input_file_ref idref="fl-eb"/>
      </object_component>
      <object_component id="oc-6c4">
         <name>.text:dhcp_delete_msg</name>
         <load_address>0x7ef6</load_address>
         <run_address>0x7ef6</run_address>
         <size>0x16</size>
         <input_file_ref idref="fl-a"/>
      </object_component>
      <object_component id="oc-303">
         <name>.text:dhcp_t1_timeout</name>
         <load_address>0x7f0c</load_address>
         <run_address>0x7f0c</run_address>
         <size>0x16</size>
         <input_file_ref idref="fl-a"/>
      </object_component>
      <object_component id="oc-309">
         <name>.text:dhcp_t2_timeout</name>
         <load_address>0x7f22</load_address>
         <run_address>0x7f22</run_address>
         <size>0x16</size>
         <input_file_ref idref="fl-a"/>
      </object_component>
      <object_component id="oc-834">
         <name>.text:pbuf_ref</name>
         <load_address>0x7f38</load_address>
         <run_address>0x7f38</run_address>
         <size>0x16</size>
         <input_file_ref idref="fl-a"/>
      </object_component>
      <object_component id="oc-237">
         <name>.text:FlashUserGet</name>
         <load_address>0x7f50</load_address>
         <run_address>0x7f50</run_address>
         <size>0x14</size>
         <input_file_ref idref="fl-ec"/>
      </object_component>
      <object_component id="oc-22b">
         <name>.text:SysTickEnable</name>
         <load_address>0x7f64</load_address>
         <run_address>0x7f64</run_address>
         <size>0x14</size>
         <input_file_ref idref="fl-f1"/>
      </object_component>
      <object_component id="oc-231">
         <name>.text:SysTickIntEnable</name>
         <load_address>0x7f78</load_address>
         <run_address>0x7f78</run_address>
         <size>0x14</size>
         <input_file_ref idref="fl-f1"/>
      </object_component>
      <object_component id="oc-43">
         <name>.text:SysTickIntHandler</name>
         <load_address>0x7f8c</load_address>
         <run_address>0x7f8c</run_address>
         <size>0x14</size>
         <input_file_ref idref="fl-3"/>
      </object_component>
      <object_component id="oc-273">
         <name>.text</name>
         <load_address>0x7fa0</load_address>
         <run_address>0x7fa0</run_address>
         <size>0x14</size>
         <input_file_ref idref="fl-df"/>
      </object_component>
      <object_component id="oc-8f2">
         <name>.text</name>
         <load_address>0x7fb4</load_address>
         <run_address>0x7fb4</run_address>
         <size>0x14</size>
         <input_file_ref idref="fl-d8"/>
      </object_component>
      <object_component id="oc-424">
         <name>.text:sys_arch_unprotect</name>
         <load_address>0x7fc8</load_address>
         <run_address>0x7fc8</run_address>
         <size>0x14</size>
         <input_file_ref idref="fl-a"/>
      </object_component>
      <object_component id="oc-815">
         <name>.text:tcp_close</name>
         <load_address>0x7fdc</load_address>
         <run_address>0x7fdc</run_address>
         <size>0x14</size>
         <input_file_ref idref="fl-a"/>
      </object_component>
      <object_component id="oc-360">
         <name>.text:GPIOPinTypeEthernetLED</name>
         <load_address>0x7ff0</load_address>
         <run_address>0x7ff0</run_address>
         <size>0x12</size>
         <input_file_ref idref="fl-ed"/>
      </object_component>
      <object_component id="oc-6df">
         <name>.text:dhcp_option_byte</name>
         <load_address>0x8002</load_address>
         <run_address>0x8002</run_address>
         <size>0x12</size>
         <input_file_ref idref="fl-a"/>
      </object_component>
      <object_component id="oc-294">
         <name>.text:netif_set_link_down</name>
         <load_address>0x8014</load_address>
         <run_address>0x8014</run_address>
         <size>0x12</size>
         <input_file_ref idref="fl-a"/>
      </object_component>
      <object_component id="oc-8bf">
         <name>.text:pbuf_clen</name>
         <load_address>0x8026</load_address>
         <run_address>0x8026</run_address>
         <size>0x12</size>
         <input_file_ref idref="fl-a"/>
      </object_component>
      <object_component id="oc-48d">
         <name>.text:tcp_segs_free</name>
         <load_address>0x8038</load_address>
         <run_address>0x8038</run_address>
         <size>0x12</size>
         <input_file_ref idref="fl-a"/>
      </object_component>
      <object_component id="oc-87f">
         <name>.text:EMACFrameFilterSet</name>
         <load_address>0x804c</load_address>
         <run_address>0x804c</run_address>
         <size>0x10</size>
         <input_file_ref idref="fl-eb"/>
      </object_component>
      <object_component id="oc-8a3">
         <name>.text:IntMasterEnable</name>
         <load_address>0x805c</load_address>
         <run_address>0x805c</run_address>
         <size>0x10</size>
         <input_file_ref idref="fl-ee"/>
      </object_component>
      <object_component id="oc-225">
         <name>.text:SysTickPeriodSet</name>
         <load_address>0x806c</load_address>
         <run_address>0x806c</run_address>
         <size>0x10</size>
         <input_file_ref idref="fl-f1"/>
      </object_component>
      <object_component id="oc-323">
         <name>.text:autoip_stop</name>
         <load_address>0x807c</load_address>
         <run_address>0x807c</run_address>
         <size>0x10</size>
         <input_file_ref idref="fl-a"/>
      </object_component>
      <object_component id="oc-508">
         <name>.text:dhcp_set_state</name>
         <load_address>0x808c</load_address>
         <run_address>0x808c</run_address>
         <size>0x10</size>
         <input_file_ref idref="fl-a"/>
      </object_component>
      <object_component id="oc-921">
         <name>.text:inet_chksum</name>
         <load_address>0x809c</load_address>
[...]
      </symbol>
      <symbol id="sm-ea2">
         <name>udp_remove</name>
         <value>0x7829</value>
         <object_component_ref idref="oc-502"/>
      </symbol>
      <symbol id="sm-ea3">
         <name>udp_connect</name>
         <value>0x6ee5</value>
         <object_component_ref idref="oc-516"/>
      </symbol>
      <symbol id="sm-ea4">
         <name>dhcp_arp_reply</name>
         <value>0x7da9</value>
         <object_component_ref idref="oc-622"/>
      </symbol>
      <symbol id="sm-ea5">
         <name>netif_add</name>
         <value>0x6945</value>
         <object_component_ref idref="oc-587"/>
      </symbol>
      <symbol id="sm-ea6">
         <name>tcp_seg_copy</name>
         <value>0x7b5d</value>
         <object_component_ref idref="oc-9e8"/>
      </symbol>
      <symbol id="sm-ea7">
         <name>netif_set_default</name>
         <value>0x8135</value>
         <object_component_ref idref="oc-58d"/>
      </symbol>
      <symbol id="sm-ea8">
         <name>tcp_accept</name>
         <value>0x81d1</value>
         <object_component_ref idref="oc-3d9"/>
      </symbol>
      <symbol id="sm-ea9">
         <name>sys_now</name>
         <value>0x8159</value>
         <object_component_ref idref="oc-84e"/>
      </symbol>
      <symbol id="sm-eaa">
         <name>ip_route</name>
         <value>0x6b89</value>
         <object_component_ref idref="oc-74b"/>
      </symbol>
      <symbol id="sm-eab">
         <name>tcp_pcb_remove</name>
         <value>0x662d</value>
         <object_component_ref idref="oc-7e6"/>
      </symbol>
      <symbol id="sm-eac">
         <name>g_RxDescList</name>
         <value>0x200184ac</value>
         <object_component_ref idref="oc-8ad"/>
      </symbol>
      <symbol id="sm-ead">
         <name>g_TxDescList</name>
         <value>0x200184bc</value>
         <object_component_ref idref="oc-8aa"/>
      </symbol>
      <symbol id="sm-eae">
         <name>sys_timeout</name>
         <value>0x62a5</value>
         <object_component_ref idref="oc-762"/>
      </symbol>
      <symbol id="sm-eaf">
         <name>etharp_tmr</name>
         <value>0x72c5</value>
         <object_component_ref idref="oc-17b"/>
      </symbol>
      <symbol id="sm-eb0">
         <name>tcp_abort</name>
         <value>0x81a9</value>
         <object_component_ref idref="oc-69d"/>
      </symbol>
      <symbol id="sm-eb1">
         <name>mem_trim</name>
         <value>0x3fd5</value>
         <object_component_ref idref="oc-7c3"/>
      </symbol>
      <symbol id="sm-eb2">
         <name>dhcp_renew</name>
         <value>0x56e5</value>
         <object_component_ref idref="oc-4ce"/>
      </symbol>
      <symbol id="sm-eb3">
         <name>tcp_setprio</name>
         <value>0x81d9</value>
         <object_component_ref idref="oc-5d5"/>
      </symbol>
      <symbol id="sm-f21">
         <name>UARTStdioConfig</name>
         <value>0x6571</value>
         <object_component_ref idref="oc-20d"/>
      </symbol>
      <symbol id="sm-f22">
         <name>UARTwrite</name>
         <value>0x6f7d</value>
         <object_component_ref idref="oc-550"/>
      </symbol>
      <symbol id="sm-f23">
         <name>UARTprintf</name>
         <value>0x7d75</value>
         <object_component_ref idref="oc-213"/>
      </symbol>
      <symbol id="sm-f24">
         <name>UARTvprintf</name>
         <value>0x26d5</value>
         <object_component_ref idref="oc-376"/>
      </symbol>
      <symbol id="sm-f6c">
         <name>uvsnprintf</name>
         <value>0x1c25</value>
         <object_component_ref idref="oc-65e"/>
      </symbol>
      <symbol id="sm-f6d">
         <name>ustrncpy</name>
         <value>0x79e3</value>
         <object_component_ref idref="oc-803"/>
      </symbol>
      <symbol id="sm-f6e">
         <name>usprintf</name>
         <value>0x7ca5</value>
         <object_component_ref idref="oc-462"/>
      </symbol>
      <symbol id="sm-fa8">
         <name>asctime</name>
         <value>0x4f95</value>
         <object_component_ref idref="oc-788"/>
      </symbol>
      <symbol id="sm-fb9">
         <name>_c_int00</name>
         <value>0x6999</value>
         <object_component_ref idref="oc-24"/>
      </symbol>
      <symbol id="sm-fba">
         <name>__stack</name>
         <value>0x20017c40</value>
         <object_component_ref idref="oc-2a"/>
      </symbol>
      <symbol id="sm-fd8">
         <name>__TI_decompress_lzss</name>
         <value>0x6035</value>
         <object_component_ref idref="oc-12"/>
      </symbol>
      <symbol id="sm-fef">
         <name>__TI_decompress_none</name>
         <value>0x80dd</value>
         <object_component_ref idref="oc-18"/>
      </symbol>
      <symbol id="sm-1001">
         <name>__TI_zero_init</name>
         <value>0x811d</value>
         <object_component_ref idref="oc-1e"/>
      </symbol>
      <symbol id="sm-1022">
         <name>C$$EXIT</name>
         <value>0x69ed</value>
         <object_component_ref idref="oc-8d"/>
      </symbol>
      <symbol id="sm-1023">
         <name>abort</name>
         <value>0x69f1</value>
         <object_component_ref idref="oc-8d"/>
      </symbol>
      <symbol id="sm-1024">
         <name>exit</name>
         <value>0x69f9</value>
         <object_component_ref idref="oc-8d"/>
      </symbol>
      <symbol id="sm-1025">
         <name>__TI_dtors_ptr</name>
         <value>0x200184d0</value>
         <object_component_ref idref="oc-ff"/>
      </symbol>
      <symbol id="sm-1026">
         <name>__TI_cleanup_ptr</name>
         <value>0x200184cc</value>
         <object_component_ref idref="oc-ff"/>
      </symbol>
      <symbol id="sm-1027">
         <name>__TI_enable_exit_profile_output</name>
         <value>0x200184d4</value>
         <object_component_ref idref="oc-ff"/>
      </symbol>
      <symbol id="sm-104f">
         <name>__localtime32</name>
         <value>0x3621</value>
         <object_component_ref idref="oc-782"/>
      </symbol>
      <symbol id="sm-1050">
         <name>localtime</name>
         <value>0x3621</value>
         <object_component_ref idref="oc-782"/>
      </symbol>
      <symbol id="sm-1060">
         <name>memcmp</name>
         <value>0x7b39</value>
         <object_component_ref idref="oc-438"/>
      </symbol>
      <symbol id="sm-107b">
         <name>memcpy</name>
         <value>0x5039</value>
         <object_component_ref idref="oc-5d"/>
      </symbol>
      <symbol id="sm-107c">
         <name>__aeabi_memcpy</name>
         <value>0x5039</value>
         <object_component_ref idref="oc-5d"/>
      </symbol>
      <symbol id="sm-107d">
         <name>__aeabi_memcpy8</name>
         <value>0x5039</value>
         <object_component_ref idref="oc-5d"/>
      </symbol>
      <symbol id="sm-107e">
         <name>__aeabi_memcpy4</name>
         <value>0x5039</value>
         <object_component_ref idref="oc-5d"/>
      </symbol>
      <symbol id="sm-108d">
         <name>__aeabi_memset</name>
         <value>0x5b53</value>
         <object_component_ref idref="oc-69"/>
      </symbol>
      <symbol id="sm-108e">
         <name>memset</name>
         <value>0x5b59</value>
         <object_component_ref idref="oc-69"/>
      </symbol>
      <symbol id="sm-108f">
         <name>__aeabi_memset8</name>
         <value>0x5b53</value>
         <object_component_ref idref="oc-69"/>
      </symbol>
      <symbol id="sm-1090">
         <name>__aeabi_memset4</name>
         <value>0x5b53</value>
         <object_component_ref idref="oc-69"/>
      </symbol>
      <symbol id="sm-1091">
         <name>__aeabi_memclr8</name>
         <value>0x5b51</value>
         <object_component_ref idref="oc-69"/>
      </symbol>
      <symbol id="sm-1092">
         <name>__aeabi_memclr4</name>
         <value>0x5b51</value>
         <object_component_ref idref="oc-69"/>
      </symbol>
      <symbol id="sm-1093">
         <name>__aeabi_memclr</name>
         <value>0x5b51</value>
         <object_component_ref idref="oc-69"/>
      </symbol>
      <symbol id="sm-10c3">
         <name>mktime</name>
         <value>0x1985</value>
         <object_component_ref idref="oc-8df"/>
      </symbol>
      <symbol id="sm-10c4">
         <name>__mktime32</name>
         <value>0x1985</value>
         <object_component_ref idref="oc-8df"/>
      </symbol>
      <symbol id="sm-10ce">
         <name>__mpu_init</name>
         <value>0x5333</value>
         <object_component_ref idref="oc-75"/>
      </symbol>
      <symbol id="sm-10d8">
         <name>_system_pre_init</name>
         <value>0x81cd</value>
         <object_component_ref idref="oc-7b"/>
      </symbol>
      <symbol id="sm-10e0">
         <name>main_func_sp</name>
         <value>0x200184f4</value>
         <object_component_ref idref="oc-93"/>
      </symbol>
      <symbol id="sm-10f0">
         <name>strcat</name>
         <value>0x7d01</value>
         <object_component_ref idref="oc-8f8"/>
      </symbol>
      <symbol id="sm-1100">
         <name>strcpy</name>
         <value>0x7fb5</value>
         <object_component_ref idref="oc-8f2"/>
      </symbol>
      <symbol id="sm-1116">
         <name>__time32</name>
         <value>0x80eb</value>
         <object_component_ref idref="oc-77c"/>
      </symbol>
      <symbol id="sm-1117">
         <name>time</name>
         <value>0x80eb</value>
         <object_component_ref idref="oc-77c"/>
      </symbol>
      <symbol id="sm-1127">
         <name>_tz</name>
         <value>0x2001849c</value>
         <object_component_ref idref="oc-8e5"/>
      </symbol>
      <symbol id="sm-1136">
         <name>__aeabi_uidivmod</name>
         <value>0x7305</value>
         <object_component_ref idref="oc-556"/>
      </symbol>
      <symbol id="sm-1137">
         <name>__aeabi_uidiv</name>
         <value>0x7305</value>
         <object_component_ref idref="oc-556"/>
      </symbol>
      <symbol id="sm-1150">
         <name>_nop</name>
         <value>0x7faf</value>
         <object_component_ref idref="oc-273"/>
      </symbol>
      <symbol id="sm-1151">
         <name>_lock</name>
         <value>0x200184e4</value>
         <object_component_ref idref="oc-102"/>
      </symbol>
      <symbol id="sm-1152">
         <name>_unlock</name>
         <value>0x200184e8</value>
         <object_component_ref idref="oc-102"/>
      </symbol>
      <symbol id="sm-1153">
         <name>_register_lock</name>
         <value>0x7fa7</value>
         <object_component_ref idref="oc-273"/>
      </symbol>
      <symbol id="sm-1154">
         <name>_register_unlock</name>
         <value>0x7fa1</value>
         <object_component_ref idref="oc-273"/>
      </symbol>
      <symbol id="sm-116e">
         <name>__TI_tvaltostr</name>
         <value>0x6bd9</value>
         <object_component_ref idref="oc-8fe"/>
      </symbol>
      <symbol id="sm-1182">
         <name>_args_main</name>
         <value>0x7e6d</value>
         <object_component_ref idref="oc-87"/>
      </symbol>
      <symbol id="sm-11ac">
         <name>__TI_auto_init</name>
         <value>0x5e15</value>
         <object_component_ref idref="oc-81"/>
      </symbol>
      <symbol id="sm-11c6">
         <name>copy_in</name>
         <value>0x6e4d</value>
         <object_component_ref idref="oc-e9"/>
      </symbol>
      <symbol id="sm-11db">
         <name>HOSTtime64</name>
         <value>0x5209</value>
         <object_component_ref idref="oc-8d2"/>
      </symbol>
      <symbol id="sm-11dc">
         <name>HOSTtime</name>
         <value>0x5257</value>
         <object_component_ref idref="oc-8d2"/>
      </symbol>
      <symbol id="sm-11e6">
         <name>__aeabi_idiv0</name>
         <value>0x361f</value>
         <object_component_ref idref="oc-711"/>
      </symbol>
      <symbol id="sm-1205">
         <name>__aeabi_ldivmod</name>
         <value>0x209d</value>
         <object_component_ref idref="oc-9a0"/>
      </symbol>
      <symbol id="sm-120f">
         <name>_system_post_cinit</name>
         <value>0x5663</value>
         <object_component_ref idref="oc-ef"/>
      </symbol>
      <symbol id="sm-122a">
         <name>__TI_readmsg</name>
         <value>0x626f</value>
         <object_component_ref idref="oc-98f"/>
      </symbol>
      <symbol id="sm-122b">
         <name>C$$IO$$</name>
         <value>0x626b</value>
         <object_component_ref idref="oc-98f"/>
      </symbol>
      <symbol id="sm-122c">
         <name>__CIOBUF_</name>
         <value>0x20017650</value>
         <object_component_ref idref="oc-a03"/>
      </symbol>
      <symbol id="sm-122d">
         <name>__TI_writemsg</name>
         <value>0x623d</value>
         <object_component_ref idref="oc-98f"/>
      </symbol>
      <symbol id="sm-1233">
         <name>parmbuf</name>
         <value>0x20017be0</value>
      </symbol>
      <symbol id="sm-123d">
         <name>__aeabi_ldiv0</name>
         <value>0x388b</value>
         <object_component_ref idref="oc-a0a"/>
      </symbol>
      <symbol id="sm-1306">
         <name>EMACConfigSet</name>
         <value>0x7435</value>
         <object_component_ref idref="oc-2a6"/>
      </symbol>
      <symbol id="sm-1307">
         <name>EMACTxEnable</name>
         <value>0x7ee1</value>
         <object_component_ref idref="oc-88b"/>
      </symbol>
      <symbol id="sm-1308">
         <name>EMACRxDMADescriptorListSet</name>
         <value>0x8185</value>
         <object_component_ref idref="oc-967"/>
      </symbol>
      <symbol id="sm-1309">
         <name>EMACPHYConfigSet</name>
         <value>0x66e5</value>
         <object_component_ref idref="oc-391"/>
      </symbol>
      <symbol id="sm-130a">
         <name>EMACPHYRead</name>
         <value>0x7a35</value>
         <object_component_ref idref="oc-28e"/>
      </symbol>
      <symbol id="sm-130b">
         <name>EMACTimestampIntStatus</name>
         <value>0x818b</value>
         <object_component_ref idref="oc-b1"/>
      </symbol>
      <symbol id="sm-130c">
         <name>EMACRxEnable</name>
         <value>0x7ecb</value>
         <object_component_ref idref="oc-891"/>
      </symbol>
      <symbol id="sm-130d">
         <name>EMACPowerManagementStatusGet</name>
         <value>0x8165</value>
         <object_component_ref idref="oc-ab"/>
      </symbol>
      <symbol id="sm-130e">
         <name>EMACIntClear</name>
         <value>0x7661</value>
         <object_component_ref idref="oc-885"/>
      </symbol>
      <symbol id="sm-130f">
         <name>EMACConfigGet</name>
         <value>0x762d</value>
         <object_component_ref idref="oc-2a0"/>
      </symbol>
      <symbol id="sm-1310">
         <name>EMACInit</name>
         <value>0x5bcd</value>
         <object_component_ref idref="oc-397"/>
      </symbol>
      <symbol id="sm-1311">
         <name>EMACIntEnable</name>
         <value>0x73c1</value>
         <object_component_ref idref="oc-897"/>
      </symbol>
      <symbol id="sm-1312">
         <name>EMACPHYWrite</name>
         <value>0x7a5b</value>
         <object_component_ref idref="oc-879"/>
      </symbol>
      <symbol id="sm-1313">
         <name>EMACReset</name>
         <value>0x7eb5</value>
         <object_component_ref idref="oc-570"/>
      </symbol>
      <symbol id="sm-1314">
         <name>EMACFrameFilterSet</name>
         <value>0x804d</value>
         <object_component_ref idref="oc-87f"/>
      </symbol>
      <symbol id="sm-1315">
         <name>EMACTxDMAPollDemand</name>
         <value>0x816d</value>
         <object_component_ref idref="oc-8c5"/>
      </symbol>
      <symbol id="sm-1316">
         <name>EMACAddrGet</name>
         <value>0x7cc5</value>
         <object_component_ref idref="oc-86d"/>
      </symbol>
      <symbol id="sm-1317">
         <name>EMACTxDMADescriptorListSet</name>
         <value>0x8191</value>
         <object_component_ref idref="oc-96d"/>
      </symbol>
      <symbol id="sm-1318">
         <name>EMACIntStatus</name>
         <value>0x7887</value>
         <object_component_ref idref="oc-a5"/>
      </symbol>
      <symbol id="sm-1327">
         <name>FlashUserGet</name>
         <value>0x7f51</value>
         <object_component_ref idref="oc-237"/>
      </symbol>
      <symbol id="sm-1356">
         <name>GPIOPinTypeGPIOOutput</name>
         <value>0x7ddd</value>
         <object_component_ref idref="oc-219"/>
      </symbol>
      <symbol id="sm-1357">
         <name>GPIODirModeSet</name>
         <value>0x7965</value>
         <object_component_ref idref="oc-382"/>
      </symbol>
      <symbol id="sm-1358">
         <name>GPIOPinWrite</name>
         <value>0x8197</value>
         <object_component_ref idref="oc-21f"/>
      </symbol>
      <symbol id="sm-1359">
         <name>GPIOPadConfigSet</name>
         <value>0x3759</value>
         <object_component_ref idref="oc-35a"/>
      </symbol>
      <symbol id="sm-135a">
         <name>GPIOPinTypeEthernetLED</name>
         <value>0x7ff1</value>
         <object_component_ref idref="oc-360"/>
      </symbol>
      <symbol id="sm-139b">
         <name>IntPrioritySet</name>
         <value>0x7acd</value>
         <object_component_ref idref="oc-261"/>
      </symbol>
      <symbol id="sm-139c">
         <name>IntEnable</name>
         <value>0x5fcd</value>
         <object_component_ref idref="oc-89d"/>
      </symbol>
      <symbol id="sm-139d">
         <name>IntMasterEnable</name>
         <value>0x805d</value>
         <object_component_ref idref="oc-8a3"/>
      </symbol>
      <symbol id="sm-1426">
         <name>SysCtlDelay</name>
         <value>0x81a3</value>
         <object_component_ref idref="oc-56f"/>
      </symbol>
      <symbol id="sm-1427">
         <name>SysCtlMOSCConfigSet</name>
         <value>0x8105</value>
         <object_component_ref idref="oc-1fb"/>
      </symbol>
      <symbol id="sm-1428">
         <name>SysCtlPeripheralReady</name>
         <value>0x74a5</value>
         <object_component_ref idref="oc-569"/>
      </symbol>
      <symbol id="sm-1429">
         <name>SysCtlClockFreqSet</name>
         <value>0x24d5</value>
         <object_component_ref idref="oc-201"/>
      </symbol>
      <symbol id="sm-142a">
         <name>SysCtlPeripheralReset</name>
         <value>0x6b39</value>
         <object_component_ref idref="oc-563"/>
      </symbol>
      <symbol id="sm-144d">
         <name>SysTickEnable</name>
         <value>0x7f65</value>
         <object_component_ref idref="oc-22b"/>
      </symbol>
      <symbol id="sm-144e">
         <name>SysTickIntEnable</name>
         <value>0x7f79</value>
         <object_component_ref idref="oc-231"/>
      </symbol>
      <symbol id="sm-144f">
         <name>SysTickPeriodSet</name>
         <value>0x806d</value>
         <object_component_ref idref="oc-225"/>
      </symbol>
      <symbol id="sm-1459">
         <name>CPUcpsie</name>
         <value>0x80f9</value>
         <object_component_ref idref="oc-980"/>
      </symbol>
      <symbol id="sm-145a">
         <name>__TI_static_base__</name>
         <value>0x0</value>
      </symbol>
      <symbol id="sm-145d">
         <name>SHT$$INIT_ARRAY$$Limit</name>
         <value>0x0</value>
      </symbol>
      <symbol id="sm-145e">
         <name>SHT$$INIT_ARRAY$$Base</name>
         <value>0x0</value>
      </symbol>
   </symbol_table>
   <title>Link successful</title>
</link_info>
